../Core/Src/main.c:102:5:main	16	static
../Core/Src/main.c:196:6:SystemClock_Config	96	static
../Core/Src/main.c:257:13:MX_DFSDM1_Init	8	static
../Core/Src/main.c:295:13:MX_I2C2_Init	8	static
../Core/Src/main.c:343:13:MX_QUADSPI_Init	8	static
../Core/Src/main.c:376:13:MX_SPI3_Init	8	static
../Core/Src/main.c:416:13:MX_USART1_UART_Init	8	static
../Core/Src/main.c:451:13:MX_USART3_UART_Init	8	static
../Core/Src/main.c:486:13:MX_USB_OTG_FS_PCD_Init	8	static
../Core/Src/main.c:521:13:MX_GPIO_Init	48	static
../Core/Src/main.c:714:6:StartDefaultTask	16	static
../Core/Src/main.c:733:6:HAL_TIM_PeriodElapsedCallback	16	static
../Core/Src/main.c:750:6:Error_Handler	4	static,ignoring_inline_asm
