../Core/Src/main.c:103:5:main	16	static
../Core/Src/main.c:198:6:SystemClock_Config	96	static
../Core/Src/main.c:259:13:MX_DFSDM1_Init	8	static
../Core/Src/main.c:297:13:MX_I2C2_Init	8	static
../Core/Src/main.c:345:13:MX_QUADSPI_Init	8	static
../Core/Src/main.c:378:13:MX_SPI3_Init	8	static
../Core/Src/main.c:418:13:MX_UART4_Init	8	static
../Core/Src/main.c:453:13:MX_USART1_UART_Init	8	static
../Core/Src/main.c:488:13:MX_USB_OTG_FS_PCD_Init	8	static
../Core/Src/main.c:523:13:MX_GPIO_Init	48	static
../Core/Src/main.c:710:6:StartDefaultTask	16	static
../Core/Src/main.c:729:6:HAL_TIM_PeriodElapsedCallback	16	static
../Core/Src/main.c:746:6:Error_Handler	4	static,ignoring_inline_asm
