Archive member included to satisfy reference by file (symbol)

d:/programas/stm32cubeide_1.9.0/stm32cubeide/plugins/com.st.stm32cube.ide.mcu.externaltools.gnu-tools-for-stm32.10.3-2021.10.win32_1.0.200.202301161003/tools/bin/../lib/gcc/arm-none-eabi/10.3.1/../../../../arm-none-eabi/lib/thumb/v7e-m+fp/hard\libc_nano.a(lib_a-errno.o)
                              ./Core/Src/syscalls.o (__errno)
d:/programas/stm32cubeide_1.9.0/stm32cubeide/plugins/com.st.stm32cube.ide.mcu.externaltools.gnu-tools-for-stm32.10.3-2021.10.win32_1.0.200.202301161003/tools/bin/../lib/gcc/arm-none-eabi/10.3.1/../../../../arm-none-eabi/lib/thumb/v7e-m+fp/hard\libc_nano.a(lib_a-exit.o)
                              d:/programas/stm32cubeide_1.9.0/stm32cubeide/plugins/com.st.stm32cube.ide.mcu.externaltools.gnu-tools-for-stm32.10.3-2021.10.win32_1.0.200.202301161003/tools/bin/../lib/gcc/arm-none-eabi/10.3.1/../../../../arm-none-eabi/lib/thumb/v7e-m+fp/hard/crt0.o (exit)
d:/programas/stm32cubeide_1.9.0/stm32cubeide/plugins/com.st.stm32cube.ide.mcu.externaltools.gnu-tools-for-stm32.10.3-2021.10.win32_1.0.200.202301161003/tools/bin/../lib/gcc/arm-none-eabi/10.3.1/../../../../arm-none-eabi/lib/thumb/v7e-m+fp/hard\libc_nano.a(lib_a-findfp.o)
                              ./Middlewares/Third_Party/FreeRTOS/Source/tasks.o (__sf_fake_stderr)
d:/programas/stm32cubeide_1.9.0/stm32cubeide/plugins/com.st.stm32cube.ide.mcu.externaltools.gnu-tools-for-stm32.10.3-2021.10.win32_1.0.200.202301161003/tools/bin/../lib/gcc/arm-none-eabi/10.3.1/../../../../arm-none-eabi/lib/thumb/v7e-m+fp/hard\libc_nano.a(lib_a-fwalk.o)
                              d:/programas/stm32cubeide_1.9.0/stm32cubeide/plugins/com.st.stm32cube.ide.mcu.externaltools.gnu-tools-for-stm32.10.3-2021.10.win32_1.0.200.202301161003/tools/bin/../lib/gcc/arm-none-eabi/10.3.1/../../../../arm-none-eabi/lib/thumb/v7e-m+fp/hard\libc_nano.a(lib_a-findfp.o) (_fwalk)
d:/programas/stm32cubeide_1.9.0/stm32cubeide/plugins/com.st.stm32cube.ide.mcu.externaltools.gnu-tools-for-stm32.10.3-2021.10.win32_1.0.200.202301161003/tools/bin/../lib/gcc/arm-none-eabi/10.3.1/../../../../arm-none-eabi/lib/thumb/v7e-m+fp/hard\libc_nano.a(lib_a-impure.o)
                              d:/programas/stm32cubeide_1.9.0/stm32cubeide/plugins/com.st.stm32cube.ide.mcu.externaltools.gnu-tools-for-stm32.10.3-2021.10.win32_1.0.200.202301161003/tools/bin/../lib/gcc/arm-none-eabi/10.3.1/../../../../arm-none-eabi/lib/thumb/v7e-m+fp/hard\libc_nano.a(lib_a-exit.o) (_global_impure_ptr)
d:/programas/stm32cubeide_1.9.0/stm32cubeide/plugins/com.st.stm32cube.ide.mcu.externaltools.gnu-tools-for-stm32.10.3-2021.10.win32_1.0.200.202301161003/tools/bin/../lib/gcc/arm-none-eabi/10.3.1/../../../../arm-none-eabi/lib/thumb/v7e-m+fp/hard\libc_nano.a(lib_a-init.o)
                              d:/programas/stm32cubeide_1.9.0/stm32cubeide/plugins/com.st.stm32cube.ide.mcu.externaltools.gnu-tools-for-stm32.10.3-2021.10.win32_1.0.200.202301161003/tools/bin/../lib/gcc/arm-none-eabi/10.3.1/../../../../arm-none-eabi/lib/thumb/v7e-m+fp/hard/crt0.o (__libc_init_array)
d:/programas/stm32cubeide_1.9.0/stm32cubeide/plugins/com.st.stm32cube.ide.mcu.externaltools.gnu-tools-for-stm32.10.3-2021.10.win32_1.0.200.202301161003/tools/bin/../lib/gcc/arm-none-eabi/10.3.1/../../../../arm-none-eabi/lib/thumb/v7e-m+fp/hard\libc_nano.a(lib_a-lock.o)
                              d:/programas/stm32cubeide_1.9.0/stm32cubeide/plugins/com.st.stm32cube.ide.mcu.externaltools.gnu-tools-for-stm32.10.3-2021.10.win32_1.0.200.202301161003/tools/bin/../lib/gcc/arm-none-eabi/10.3.1/../../../../arm-none-eabi/lib/thumb/v7e-m+fp/hard\libc_nano.a(lib_a-findfp.o) (__retarget_lock_init_recursive)
d:/programas/stm32cubeide_1.9.0/stm32cubeide/plugins/com.st.stm32cube.ide.mcu.externaltools.gnu-tools-for-stm32.10.3-2021.10.win32_1.0.200.202301161003/tools/bin/../lib/gcc/arm-none-eabi/10.3.1/../../../../arm-none-eabi/lib/thumb/v7e-m+fp/hard\libc_nano.a(lib_a-malloc.o)
                              ./Core/Src/HAL_Instructions.o (malloc)
d:/programas/stm32cubeide_1.9.0/stm32cubeide/plugins/com.st.stm32cube.ide.mcu.externaltools.gnu-tools-for-stm32.10.3-2021.10.win32_1.0.200.202301161003/tools/bin/../lib/gcc/arm-none-eabi/10.3.1/../../../../arm-none-eabi/lib/thumb/v7e-m+fp/hard\libc_nano.a(lib_a-memcmp.o)
                              ./LibWIFI/Src/es_wifi.o (memcmp)
d:/programas/stm32cubeide_1.9.0/stm32cubeide/plugins/com.st.stm32cube.ide.mcu.externaltools.gnu-tools-for-stm32.10.3-2021.10.win32_1.0.200.202301161003/tools/bin/../lib/gcc/arm-none-eabi/10.3.1/../../../../arm-none-eabi/lib/thumb/v7e-m+fp/hard\libc_nano.a(lib_a-memcpy-stub.o)
                              ./LibWIFI/Src/es_wifi.o (memcpy)
d:/programas/stm32cubeide_1.9.0/stm32cubeide/plugins/com.st.stm32cube.ide.mcu.externaltools.gnu-tools-for-stm32.10.3-2021.10.win32_1.0.200.202301161003/tools/bin/../lib/gcc/arm-none-eabi/10.3.1/../../../../arm-none-eabi/lib/thumb/v7e-m+fp/hard\libc_nano.a(lib_a-memset.o)
[...]
Memory Configuration

Name             Origin             Length             Attributes
RAM              0x0000000020000000 0x0000000000018000 xrw
RAM2             0x0000000010000000 0x0000000000008000 xrw
FLASH            0x0000000008000000 0x0000000000100000 xr
*default*        0x0000000000000000 0xffffffffffffffff

Linker script and memory map

LOAD d:/programas/stm32cubeide_1.9.0/stm32cubeide/plugins/com.st.stm32cube.ide.mcu.externaltools.gnu-tools-for-stm32.10.3-2021.10.win32_1.0.200.202301161003/tools/bin/../lib/gcc/arm-none-eabi/10.3.1/thumb/v7e-m+fp/hard/crti.o
LOAD d:/programas/stm32cubeide_1.9.0/stm32cubeide/plugins/com.st.stm32cube.ide.mcu.externaltools.gnu-tools-for-stm32.10.3-2021.10.win32_1.0.200.202301161003/tools/bin/../lib/gcc/arm-none-eabi/10.3.1/thumb/v7e-m+fp/hard/crtbegin.o
LOAD d:/programas/stm32cubeide_1.9.0/stm32cubeide/plugins/com.st.stm32cube.ide.mcu.externaltools.gnu-tools-for-stm32.10.3-2021.10.win32_1.0.200.202301161003/tools/bin/../lib/gcc/arm-none-eabi/10.3.1/../../../../arm-none-eabi/lib/thumb/v7e-m+fp/hard/crt0.o
LOAD ./Core/Src/HAL_Instructions.o
LOAD ./Core/Src/SerialTask.o
LOAD ./Core/Src/freertos.o
LOAD ./Core/Src/generalTypes.o
LOAD ./Core/Src/main.o
LOAD ./Core/Src/stm32l4xx_hal_msp.o
LOAD ./Core/Src/stm32l4xx_hal_timebase_tim.o
LOAD ./Core/Src/stm32l4xx_it.o
LOAD ./Core/Src/syscalls.o
LOAD ./Core/Src/sysmem.o
LOAD ./Core/Src/system_stm32l4xx.o
LOAD ./Core/Src/web_server.o
LOAD ./Core/Startup/startup_stm32l475vgtx.o
LOAD ./Drivers/STM32L4xx_HAL_Driver/Src/stm32l4xx_hal.o
LOAD ./Drivers/STM32L4xx_HAL_Driver/Src/stm32l4xx_hal_cortex.o
LOAD ./Drivers/STM32L4xx_HAL_Driver/Src/stm32l4xx_hal_dfsdm.o
LOAD ./Drivers/STM32L4xx_HAL_Driver/Src/stm32l4xx_hal_dma.o
LOAD ./Drivers/STM32L4xx_HAL_Driver/Src/stm32l4xx_hal_dma_ex.o
LOAD ./Drivers/STM32L4xx_HAL_Driver/Src/stm32l4xx_hal_exti.o
LOAD ./Drivers/STM32L4xx_HAL_Driver/Src/stm32l4xx_hal_flash.o
LOAD ./Drivers/STM32L4xx_HAL_Driver/Src/stm32l4xx_hal_flash_ex.o
LOAD ./Drivers/STM32L4xx_HAL_Driver/Src/stm32l4xx_hal_flash_ramfunc.o
LOAD ./Drivers/STM32L4xx_HAL_Driver/Src/stm32l4xx_hal_gpio.o
LOAD ./Drivers/STM32L4xx_HAL_Driver/Src/stm32l4xx_hal_i2c.o
LOAD ./Drivers/STM32L4xx_HAL_Driver/Src/stm32l4xx_hal_i2c_ex.o
LOAD ./Drivers/STM32L4xx_HAL_Driver/Src/stm32l4xx_hal_pcd.o
LOAD ./Drivers/STM32L4xx_HAL_Driver/Src/stm32l4xx_hal_pcd_ex.o
LOAD ./Drivers/STM32L4xx_HAL_Driver/Src/stm32l4xx_hal_pwr.o
LOAD ./Drivers/STM32L4xx_HAL_Driver/Src/stm32l4xx_hal_pwr_ex.o
LOAD ./Drivers/STM32L4xx_HAL_Driver/Src/stm32l4xx_hal_qspi.o
LOAD ./Drivers/STM32L4xx_HAL_Driver/Src/stm32l4xx_hal_rcc.o
LOAD ./Drivers/STM32L4xx_HAL_Driver/Src/stm32l4xx_hal_rcc_ex.o
LOAD ./Drivers/STM32L4xx_HAL_Driver/Src/stm32l4xx_hal_spi.o
LOAD ./Drivers/STM32L4xx_HAL_Driver/Src/stm32l4xx_hal_spi_ex.o
LOAD ./Drivers/STM32L4xx_HAL_Driver/Src/stm32l4xx_hal_tim.o
LOAD ./Drivers/STM32L4xx_HAL_Driver/Src/stm32l4xx_hal_tim_ex.o
LOAD ./Drivers/STM32L4xx_HAL_Driver/Src/stm32l4xx_hal_uart.o
LOAD ./Drivers/STM32L4xx_HAL_Driver/Src/stm32l4xx_hal_uart_ex.o
LOAD ./Drivers/STM32L4xx_HAL_Driver/Src/stm32l4xx_ll_usb.o
LOAD ./LibWIFI/Src/es_wifi.o
LOAD ./LibWIFI/Src/es_wifi_io.o
LOAD ./LibWIFI/Src/wifi.o
LOAD ./Middlewares/Third_Party/FreeRTOS/Source/CMSIS_RTOS_V2/cmsis_os2.o
LOAD ./Middlewares/Third_Party/FreeRTOS/Source/croutine.o
LOAD ./Middlewares/Third_Party/FreeRTOS/Source/event_groups.o
LOAD ./Middlewares/Third_Party/FreeRTOS/Source/list.o
LOAD ./Middlewares/Third_Party/FreeRTOS/Source/queue.o
LOAD ./Middlewares/Third_Party/FreeRTOS/Source/stream_buffer.o
LOAD ./Middlewares/Third_Party/FreeRTOS/Source/tasks.o
LOAD ./Middlewares/Third_Party/FreeRTOS/Source/timers.o
LOAD ./Middlewares/Third_Party/FreeRTOS/Source/portable/GCC/ARM_CM4F/port.o
LOAD ./Middlewares/Third_Party/FreeRTOS/Source/portable/MemMang/heap_4.o
START GROUP
LOAD d:/programas/stm32cubeide_1.9.0/stm32cubeide/plugins/com.st.stm32cube.ide.mcu.externaltools.gnu-tools-for-stm32.10.3-2021.10.win32_1.0.200.202301161003/tools/bin/../lib/gcc/arm-none-eabi/10.3.1/../../../../arm-none-eabi/lib/thumb/v7e-m+fp/hard\libc_nano.a
LOAD d:/programas/stm32cubeide_1.9.0/stm32cubeide/plugins/com.st.stm32cube.ide.mcu.externaltools.gnu-tools-for-stm32.10.3-2021.10.win32_1.0.200.202301161003/tools/bin/../lib/gcc/arm-none-eabi/10.3.1/../../../../arm-none-eabi/lib/thumb/v7e-m+fp/hard\libm.a
END GROUP
START GROUP
LOAD d:/programas/stm32cubeide_1.9.0/stm32cubeide/plugins/com.st.stm32cube.ide.mcu.externaltools.gnu-tools-for-stm32.10.3-2021.10.win32_1.0.200.202301161003/tools/bin/../lib/gcc/arm-none-eabi/10.3.1/thumb/v7e-m+fp/hard\libgcc.a
LOAD d:/programas/stm32cubeide_1.9.0/stm32cubeide/plugins/com.st.stm32cube.ide.mcu.externaltools.gnu-tools-for-stm32.10.3-2021.10.win32_1.0.200.202301161003/tools/bin/../lib/gcc/arm-none-eabi/10.3.1/../../../../arm-none-eabi/lib/thumb/v7e-m+fp/hard\libc_nano.a
END GROUP
START GROUP
LOAD d:/programas/stm32cubeide_1.9.0/stm32cubeide/plugins/com.st.stm32cube.ide.mcu.externaltools.gnu-tools-for-stm32.10.3-2021.10.win32_1.0.200.202301161003/tools/bin/../lib/gcc/arm-none-eabi/10.3.1/thumb/v7e-m+fp/hard\libgcc.a
LOAD d:/programas/stm32cubeide_1.9.0/stm32cubeide/plugins/com.st.stm32cube.ide.mcu.externaltools.gnu-tools-for-stm32.10.3-2021.10.win32_1.0.200.202301161003/tools/bin/../lib/gcc/arm-none-eabi/10.3.1/../../../../arm-none-eabi/lib/thumb/v7e-m+fp/hard\libc_nano.a
LOAD d:/programas/stm32cubeide_1.9.0/stm32cubeide/plugins/com.st.stm32cube.ide.mcu.externaltools.gnu-tools-for-stm32.10.3-2021.10.win32_1.0.200.202301161003/tools/bin/../lib/gcc/arm-none-eabi/10.3.1/../../../../arm-none-eabi/lib/thumb/v7e-m+fp/hard\libnosys.a
END GROUP
START GROUP
LOAD d:/programas/stm32cubeide_1.9.0/stm32cubeide/plugins/com.st.stm32cube.ide.mcu.externaltools.gnu-tools-for-stm32.10.3-2021.10.win32_1.0.200.202301161003/tools/bin/../lib/gcc/arm-none-eabi/10.3.1/thumb/v7e-m+fp/hard\libgcc.a
LOAD d:/programas/stm32cubeide_1.9.0/stm32cubeide/plugins/com.st.stm32cube.ide.mcu.externaltools.gnu-tools-for-stm32.10.3-2021.10.win32_1.0.200.202301161003/tools/bin/../lib/gcc/arm-none-eabi/10.3.1/../../../../arm-none-eabi/lib/thumb/v7e-m+fp/hard\libc_nano.a
LOAD d:/programas/stm32cubeide_1.9.0/stm32cubeide/plugins/com.st.stm32cube.ide.mcu.externaltools.gnu-tools-for-stm32.10.3-2021.10.win32_1.0.200.202301161003/tools/bin/../lib/gcc/arm-none-eabi/10.3.1/../../../../arm-none-eabi/lib/thumb/v7e-m+fp/hard\libnosys.a
END GROUP
LOAD d:/programas/stm32cubeide_1.9.0/stm32cubeide/plugins/com.st.stm32cube.ide.mcu.externaltools.gnu-tools-for-stm32.10.3-2021.10.win32_1.0.200.202301161003/tools/bin/../lib/gcc/arm-none-eabi/10.3.1/thumb/v7e-m+fp/hard/crtend.o
LOAD d:/programas/stm32cubeide_1.9.0/stm32cubeide/plugins/com.st.stm32cube.ide.mcu.externaltools.gnu-tools-for-stm32.10.3-2021.10.win32_1.0.200.202301161003/tools/bin/../lib/gcc/arm-none-eabi/10.3.1/thumb/v7e-m+fp/hard/crtn.o
                0x0000000020018000                _estack = (ORIGIN (RAM) + LENGTH (RAM))
                0x0000000000000200                _Min_Heap_Size = 0x200
                0x0000000000000400                _Min_Stack_Size = 0x400

.isr_vector     0x0000000008000000      0x188
                0x0000000008000000                . = ALIGN (0x4)
 *(.isr_vector)
 .isr_vector    0x0000000008000000      0x188 ./Core/Startup/startup_stm32l475vgtx.o
                0x0000000008000000                g_pfnVectors
                0x0000000008000188                . = ALIGN (0x4)

.text           0x0000000008000190     0xe2d8
                0x0000000008000190                . = ALIGN (0x4)
 *(.text)
 .text          0x0000000008000190       0x40 d:/programas/stm32cubeide_1.9.0/stm32cubeide/plugins/com.st.stm32cube.ide.mcu.externaltools.gnu-tools-for-stm32.10.3-2021.10.win32_1.0.200.202301161003/tools/bin/../lib/gcc/arm-none-eabi/10.3.1/thumb/v7e-m+fp/hard/crtbegin.o
 .text          0x00000000080001d0       0x10 d:/programas/stm32cubeide_1.9.0/stm32cubeide/plugins/com.st.stm32cube.ide.mcu.externaltools.gnu-tools-for-stm32.10.3-2021.10.win32_1.0.200.202301161003/tools/bin/../lib/gcc/arm-none-eabi/10.3.1/../../../../arm-none-eabi/lib/thumb/v7e-m+fp/hard\libc_nano.a(lib_a-strlen.o)
                0x00000000080001d0                strlen
 .text          0x00000000080001e0       0xa0 d:/programas/stm32cubeide_1.9.0/stm32cubeide/plugins/com.st.stm32cube.ide.mcu.externaltools.gnu-tools-for-stm32.10.3-2021.10.win32_1.0.200.202301161003/tools/bin/../lib/gcc/arm-none-eabi/10.3.1/../../../../arm-none-eabi/lib/thumb/v7e-m+fp/hard\libc_nano.a(lib_a-memchr.o)
                0x00000000080001e0                memchr
 .text          0x0000000008000280       0x30 d:/programas/stm32cubeide_1.9.0/stm32cubeide/plugins/com.st.stm32cube.ide.mcu.externaltools.gnu-tools-for-stm32.10.3-2021.10.win32_1.0.200.202301161003/tools/bin/../lib/gcc/arm-none-eabi/10.3.1/thumb/v7e-m+fp/hard\libgcc.a(_aeabi_uldivmod.o)
                0x0000000008000280                __aeabi_uldivmod
 .text          0x00000000080002b0      0x2d0 d:/programas/stm32cubeide_1.9.0/stm32cubeide/plugins/com.st.stm32cube.ide.mcu.externaltools.gnu-tools-for-stm32.10.3-2021.10.win32_1.0.200.202301161003/tools/bin/../lib/gcc/arm-none-eabi/10.3.1/thumb/v7e-m+fp/hard\libgcc.a(_udivmoddi4.o)
                0x00000000080002b0                __udivmoddi4
 .text          0x0000000008000580        0x4 d:/programas/stm32cubeide_1.9.0/stm32cubeide/plugins/com.st.stm32cube.ide.mcu.externaltools.gnu-tools-for-stm32.10.3-2021.10.win32_1.0.200.202301161003/tools/bin/../lib/gcc/arm-none-eabi/10.3.1/thumb/v7e-m+fp/hard\libgcc.a(_dvmd_tls.o)
                0x0000000008000580                __aeabi_idiv0
                0x0000000008000580                __aeabi_ldiv0
 *(.text*)
 .text.S_SendInstructionStruct
                0x0000000008000584       0x4c ./Core/Src/HAL_Instructions.o
                0x0000000008000584                S_SendInstructionStruct
 .text.__io_putchar
                0x00000000080005d0       0x44 ./Core/Src/SerialTask.o
                0x00000000080005d0                __io_putchar
 .text.serialRxTask
                0x0000000008000614       0x80 ./Core/Src/SerialTask.o
                0x0000000008000614                serialRxTask
 .text.serialTxTask
                0x0000000008000694       0x30 ./Core/Src/SerialTask.o
                0x0000000008000694                serialTxTask
 .text.WebServerTask
                0x00000000080006c4       0x14 ./Core/Src/SerialTask.o
                0x00000000080006c4                WebServerTask
 .text.CreateSerialObjects
                0x00000000080006d8       0x1c ./Core/Src/SerialTask.o
                0x00000000080006d8                CreateSerialObjects
 .text.CreateSerialTask
                0x00000000080006f4       0x68 ./Core/Src/SerialTask.o
                0x00000000080006f4                CreateSerialTask
 .text.HAL_UART_TxCpltCallback
                0x000000000800075c       0x44 ./Core/Src/SerialTask.o
                0x000000000800075c                HAL_UART_TxCpltCallback
 .text.I_MovementInstruction_toString
                0x00000000080007a0       0x3c ./Core/Src/generalTypes.o
                0x00000000080007a0                I_MovementInstruction_toString
 .text.I_CreateInstructionStruct
                0x00000000080007dc       0x50 ./Core/Src/generalTypes.o
                0x00000000080007dc                I_CreateInstructionStruct
 .text.main     0x000000000800082c       0xc4 ./Core/Src/main.o
                0x000000000800082c                main
 .text.SystemClock_Config
                0x00000000080008f0       0xc4 ./Core/Src/main.o
                0x00000000080008f0                SystemClock_Config
 .text.MX_DFSDM1_Init
                0x00000000080009b4       0x70 ./Core/Src/main.o
 .text.MX_I2C2_Init
                0x0000000008000a24       0x80 ./Core/Src/main.o
 .text.MX_QUADSPI_Init
                0x0000000008000aa4       0x4c ./Core/Src/main.o
 .text.MX_SPI3_Init
                0x0000000008000af0       0x7c ./Core/Src/main.o
 .text.MX_UART4_Init
                0x0000000008000b6c       0x60 ./Core/Src/main.o
 .text.MX_USART1_UART_Init
                0x0000000008000bcc       0x60 ./Core/Src/main.o
 .text.MX_USB_OTG_FS_PCD_Init
                0x0000000008000c2c       0x5c ./Core/Src/main.o
 .text.MX_GPIO_Init
                0x0000000008000c88      0x344 ./Core/Src/main.o
 .text.HAL_TIM_PeriodElapsedCallback
                0x0000000008000fcc       0x24 ./Core/Src/main.o
                0x0000000008000fcc                HAL_TIM_PeriodElapsedCallback
 .text.Error_Handler
                0x0000000008000ff0        0xa ./Core/Src/main.o
                0x0000000008000ff0                Error_Handler
 *fill*         0x0000000008000ffa        0x2 
 .text.HAL_MspInit
                0x0000000008000ffc       0x50 ./Core/Src/stm32l4xx_hal_msp.o
                0x0000000008000ffc                HAL_MspInit
 .text.HAL_DFSDM_ChannelMspInit
                0x000000000800104c       0xc8 ./Core/Src/stm32l4xx_hal_msp.o
                0x000000000800104c                HAL_DFSDM_ChannelMspInit
 .text.HAL_I2C_MspInit
                0x0000000008001114       0xbc ./Core/Src/stm32l4xx_hal_msp.o
                0x0000000008001114                HAL_I2C_MspInit
 .text.HAL_QSPI_MspInit
                0x00000000080011d0       0x88 ./Core/Src/stm32l4xx_hal_msp.o
                0x00000000080011d0                HAL_QSPI_MspInit
 .text.HAL_SPI_MspInit
                0x0000000008001258       0x88 ./Core/Src/stm32l4xx_hal_msp.o
                0x0000000008001258                HAL_SPI_MspInit
 .text.HAL_SPI_MspDeInit
                0x00000000080012e0       0x3c ./Core/Src/stm32l4xx_hal_msp.o
                0x00000000080012e0                HAL_SPI_MspDeInit
 .text.HAL_UART_MspInit
                0x000000000800131c      0x164 ./Core/Src/stm32l4xx_hal_msp.o
                0x000000000800131c                HAL_UART_MspInit
 .text.HAL_PCD_MspInit
                0x0000000008001480      0x138 ./Core/Src/stm32l4xx_hal_msp.o
                0x0000000008001480                HAL_PCD_MspInit
 .text.HAL_InitTick
                0x00000000080015b8       0xf4 ./Core/Src/stm32l4xx_hal_timebase_tim.o
                0x00000000080015b8                HAL_InitTick
 .text.NMI_Handler
                0x00000000080016ac        0x6 ./Core/Src/stm32l4xx_it.o
                0x00000000080016ac                NMI_Handler
 .text.HardFault_Handler
                0x00000000080016b2        0x6 ./Core/Src/stm32l4xx_it.o
                0x00000000080016b2                HardFault_Handler
 .text.MemManage_Handler
                0x00000000080016b8        0x6 ./Core/Src/stm32l4xx_it.o
                0x00000000080016b8                MemManage_Handler
 .text.BusFault_Handler
                0x00000000080016be        0x6 ./Core/Src/stm32l4xx_it.o
                0x00000000080016be                BusFault_Handler
 .text.UsageFault_Handler
                0x00000000080016c4        0x6 ./Core/Src/stm32l4xx_it.o
                0x00000000080016c4                UsageFault_Handler
 .text.DebugMon_Handler
                0x00000000080016ca        0xe ./Core/Src/stm32l4xx_it.o
                0x00000000080016ca                DebugMon_Handler
 .text.EXTI9_5_IRQHandler
                0x00000000080016d8       0x22 ./Core/Src/stm32l4xx_it.o
                0x00000000080016d8                EXTI9_5_IRQHandler
 *fill*         0x00000000080016fa        0x2 
 .text.TIM4_IRQHandler
                0x00000000080016fc       0x14 ./Core/Src/stm32l4xx_it.o
                0x00000000080016fc                TIM4_IRQHandler
 .text.USART1_IRQHandler
                0x0000000008001710       0x14 ./Core/Src/stm32l4xx_it.o
                0x0000000008001710                USART1_IRQHandler
 .text.EXTI15_10_IRQHandler
                0x0000000008001724       0x30 ./Core/Src/stm32l4xx_it.o
                0x0000000008001724                EXTI15_10_IRQHandler
 .text.UART4_IRQHandler
                0x0000000008001754       0x14 ./Core/Src/stm32l4xx_it.o
                0x0000000008001754                UART4_IRQHandler
 .text._getpid  0x0000000008001768       0x10 ./Core/Src/syscalls.o
                0x0000000008001768                _getpid
 .text._kill    0x0000000008001778       0x20 ./Core/Src/syscalls.o
                0x0000000008001778                _kill
 .text._exit    0x0000000008001798       0x14 ./Core/Src/syscalls.o
                0x0000000008001798                _exit
 .text._read    0x00000000080017ac       0x3a ./Core/Src/syscalls.o
                0x00000000080017ac                _read
 .text._write   0x00000000080017e6       0x38 ./Core/Src/syscalls.o
                0x00000000080017e6                _write
 .text._close   0x000000000800181e       0x18 ./Core/Src/syscalls.o
                0x000000000800181e                _close
 .text._fstat   0x0000000008001836       0x20 ./Core/Src/syscalls.o
                0x0000000008001836                _fstat
 .text._isatty  0x0000000008001856       0x16 ./Core/Src/syscalls.o
                0x0000000008001856                _isatty
 .text._lseek   0x000000000800186c       0x1a ./Core/Src/syscalls.o
                0x000000000800186c                _lseek
 *fill*         0x0000000008001886        0x2 
 .text._sbrk    0x0000000008001888       0x6c ./Core/Src/sysmem.o
                0x0000000008001888                _sbrk
 .text.SystemInit
                0x00000000080018f4       0x24 ./Core/Src/system_stm32l4xx.o
                0x00000000080018f4                SystemInit
 .text.wifi_start
                0x0000000008001918       0x34 ./Core/Src/web_server.o
 .text.wifi_connect
                0x000000000800194c       0x44 ./Core/Src/web_server.o
 .text.wifi_server
                0x0000000008001990       0x80 ./Core/Src/web_server.o
                0x0000000008001990                wifi_server
 .text.WebServerProcess
                0x0000000008001a10       0xfc ./Core/Src/web_server.o
 .text.SendWebPage
                0x0000000008001b0c      0x340 ./Core/Src/web_server.o
 .text.EXTI1_IRQHandler
                0x0000000008001e4c        0xe ./Core/Src/web_server.o
                0x0000000008001e4c                EXTI1_IRQHandler
 .text.HAL_GPIO_EXTI_Callback
                0x0000000008001e5a       0x20 ./Core/Src/web_server.o
                0x0000000008001e5a                HAL_GPIO_EXTI_Callback
 *fill*         0x0000000008001e7a        0x2 
 .text.SPI3_IRQHandler
                0x0000000008001e7c       0x14 ./Core/Src/web_server.o
                0x0000000008001e7c                SPI3_IRQHandler
 .text.Reset_Handler
                0x0000000008001e90       0x50 ./Core/Startup/startup_stm32l475vgtx.o
                0x0000000008001e90                Reset_Handler
 .text.Default_Handler
                0x0000000008001ee0        0x2 ./Core/Startup/startup_stm32l475vgtx.o
                0x0000000008001ee0                RTC_Alarm_IRQHandler
                0x0000000008001ee0                EXTI2_IRQHandler
                0x0000000008001ee0                TIM8_TRG_COM_IRQHandler
                0x0000000008001ee0                TIM8_CC_IRQHandler
                0x0000000008001ee0                TIM1_CC_IRQHandler
                0x0000000008001ee0                TSC_IRQHandler
                0x0000000008001ee0                TAMP_STAMP_IRQHandler
                0x0000000008001ee0                EXTI3_IRQHandler
                0x0000000008001ee0                LPTIM2_IRQHandler
                0x0000000008001ee0                DFSDM1_FLT1_IRQHandler
                0x0000000008001ee0                I2C3_ER_IRQHandler
                0x0000000008001ee0                DFSDM1_FLT2_IRQHandler
                0x0000000008001ee0                EXTI0_IRQHandler
                0x0000000008001ee0                I2C2_EV_IRQHandler
                0x0000000008001ee0                CAN1_RX0_IRQHandler
                0x0000000008001ee0                FPU_IRQHandler
                0x0000000008001ee0                TIM1_UP_TIM16_IRQHandler
                0x0000000008001ee0                ADC1_2_IRQHandler
                0x0000000008001ee0                SPI1_IRQHandler
                0x0000000008001ee0                TIM6_DAC_IRQHandler
                0x0000000008001ee0                TIM8_UP_IRQHandler
                0x0000000008001ee0                DMA2_Channel2_IRQHandler
                0x0000000008001ee0                DMA1_Channel4_IRQHandler
                0x0000000008001ee0                SAI2_IRQHandler
                0x0000000008001ee0                DFSDM1_FLT3_IRQHandler
                0x0000000008001ee0                USART3_IRQHandler
                0x0000000008001ee0                DMA1_Channel7_IRQHandler
                0x0000000008001ee0                CAN1_RX1_IRQHandler
                0x0000000008001ee0                UART5_IRQHandler
                0x0000000008001ee0                ADC3_IRQHandler
                0x0000000008001ee0                DMA2_Channel1_IRQHandler
                0x0000000008001ee0                QUADSPI_IRQHandler
                0x0000000008001ee0                I2C1_EV_IRQHandler
                0x0000000008001ee0                DMA1_Channel6_IRQHandler
                0x0000000008001ee0                DMA2_Channel4_IRQHandler
                0x0000000008001ee0                TIM3_IRQHandler
                0x0000000008001ee0                RCC_IRQHandler
                0x0000000008001ee0                DMA1_Channel1_IRQHandler
                0x0000000008001ee0                Default_Handler
                0x0000000008001ee0                DMA2_Channel7_IRQHandler
                0x0000000008001ee0                TIM7_IRQHandler
                0x0000000008001ee0                SDMMC1_IRQHandler
                0x0000000008001ee0                TIM5_IRQHandler
                0x0000000008001ee0                I2C3_EV_IRQHandler
                0x0000000008001ee0                RTC_WKUP_IRQHandler
                0x0000000008001ee0                PVD_PVM_IRQHandler
                0x0000000008001ee0                SPI2_IRQHandler
                0x0000000008001ee0                CAN1_TX_IRQHandler
                0x0000000008001ee0                DMA2_Channel5_IRQHandler
                0x0000000008001ee0                DMA1_Channel5_IRQHandler
                0x0000000008001ee0                EXTI4_IRQHandler
                0x0000000008001ee0                RNG_IRQHandler
                0x0000000008001ee0                TIM1_TRG_COM_TIM17_IRQHandler
                0x0000000008001ee0                DMA1_Channel3_IRQHandler
                0x0000000008001ee0                COMP_IRQHandler
                0x0000000008001ee0                WWDG_IRQHandler
                0x0000000008001ee0                LPUART1_IRQHandler
                0x0000000008001ee0                DMA2_Channel6_IRQHandler
                0x0000000008001ee0                TIM2_IRQHandler
                0x0000000008001ee0                USART2_IRQHandler
                0x0000000008001ee0                DFSDM1_FLT0_IRQHandler
                0x0000000008001ee0                I2C2_ER_IRQHandler
                0x0000000008001ee0                DMA1_Channel2_IRQHandler
                0x0000000008001ee0                TIM8_BRK_IRQHandler
                0x0000000008001ee0                CAN1_SCE_IRQHandler
                0x0000000008001ee0                FLASH_IRQHandler
                0x0000000008001ee0                OTG_FS_IRQHandler
                0x0000000008001ee0                I2C1_ER_IRQHandler
                0x0000000008001ee0                FMC_IRQHandler
                0x0000000008001ee0                SWPMI1_IRQHandler
                0x0000000008001ee0                LPTIM1_IRQHandler
                0x0000000008001ee0                SAI1_IRQHandler
                0x0000000008001ee0                DMA2_Channel3_IRQHandler
                0x0000000008001ee0                TIM1_BRK_TIM15_IRQHandler
 .text.HAL_Init
                0x0000000008001ee2       0x30 ./Drivers/STM32L4xx_HAL_Driver/Src/stm32l4xx_hal.o
                0x0000000008001ee2                HAL_Init
 *fill*         0x0000000008001f12        0x2 
 .text.HAL_IncTick
                0x0000000008001f14       0x28 ./Drivers/STM32L4xx_HAL_Driver/Src/stm32l4xx_hal.o
                0x0000000008001f14                HAL_IncTick
 .text.HAL_GetTick
                0x0000000008001f3c       0x18 ./Drivers/STM32L4xx_HAL_Driver/Src/stm32l4xx_hal.o
                0x0000000008001f3c                HAL_GetTick
 .text.HAL_Delay
                0x0000000008001f54       0x48 ./Drivers/STM32L4xx_HAL_Driver/Src/stm32l4xx_hal.o
                0x0000000008001f54                HAL_Delay
 .text.__NVIC_SetPriorityGrouping
                0x0000000008001f9c       0x48 ./Drivers/STM32L4xx_HAL_Driver/Src/stm32l4xx_hal_cortex.o
 .text.__NVIC_GetPriorityGrouping
                0x0000000008001fe4       0x1c ./Drivers/STM32L4xx_HAL_Driver/Src/stm32l4xx_hal_cortex.o
 .text.__NVIC_EnableIRQ
                0x0000000008002000       0x3c ./Drivers/STM32L4xx_HAL_Driver/Src/stm32l4xx_hal_cortex.o
 .text.__NVIC_SetPriority
                0x000000000800203c       0x54 ./Drivers/STM32L4xx_HAL_Driver/Src/stm32l4xx_hal_cortex.o
 .text.NVIC_EncodePriority
                0x0000000008002090       0x66 ./Drivers/STM32L4xx_HAL_Driver/Src/stm32l4xx_hal_cortex.o
 .text.HAL_NVIC_SetPriorityGrouping
                0x00000000080020f6       0x16 ./Drivers/STM32L4xx_HAL_Driver/Src/stm32l4xx_hal_cortex.o
                0x00000000080020f6                HAL_NVIC_SetPriorityGrouping
 .text.HAL_NVIC_SetPriority
                0x000000000800210c       0x38 ./Drivers/STM32L4xx_HAL_Driver/Src/stm32l4xx_hal_cortex.o
                0x000000000800210c                HAL_NVIC_SetPriority
 .text.HAL_NVIC_EnableIRQ
                0x0000000008002144       0x1c ./Drivers/STM32L4xx_HAL_Driver/Src/stm32l4xx_hal_cortex.o
                0x0000000008002144                HAL_NVIC_EnableIRQ
 .text.HAL_DFSDM_ChannelInit
                0x0000000008002160      0x180 ./Drivers/STM32L4xx_HAL_Driver/Src/stm32l4xx_hal_dfsdm.o
                0x0000000008002160                HAL_DFSDM_ChannelInit
 .text.DFSDM_GetChannelFromInstance
                0x00000000080022e0       0x98 ./Drivers/STM32L4xx_HAL_Driver/Src/stm32l4xx_hal_dfsdm.o
 .text.HAL_DMA_Abort
                0x0000000008002378       0x7c ./Drivers/STM32L4xx_HAL_Driver/Src/stm32l4xx_hal_dma.o
                0x0000000008002378                HAL_DMA_Abort
 .text.HAL_DMA_Abort_IT
                0x00000000080023f4       0x82 ./Drivers/STM32L4xx_HAL_Driver/Src/stm32l4xx_hal_dma.o
                0x00000000080023f4                HAL_DMA_Abort_IT
 *fill*         0x0000000008002476        0x2 
 .text.HAL_GPIO_Init
                0x0000000008002478      0x354 ./Drivers/STM32L4xx_HAL_Driver/Src/stm32l4xx_hal_gpio.o
                0x0000000008002478                HAL_GPIO_Init
 .text.HAL_GPIO_DeInit
                0x00000000080027cc      0x1e8 ./Drivers/STM32L4xx_HAL_Driver/Src/stm32l4xx_hal_gpio.o
                0x00000000080027cc                HAL_GPIO_DeInit
 .text.HAL_GPIO_ReadPin
                0x00000000080029b4       0x30 ./Drivers/STM32L4xx_HAL_Driver/Src/stm32l4xx_hal_gpio.o
                0x00000000080029b4                HAL_GPIO_ReadPin
 .text.HAL_GPIO_WritePin
                0x00000000080029e4       0x30 ./Drivers/STM32L4xx_HAL_Driver/Src/stm32l4xx_hal_gpio.o
                0x00000000080029e4                HAL_GPIO_WritePin
 .text.HAL_GPIO_EXTI_IRQHandler
                0x0000000008002a14       0x30 ./Drivers/STM32L4xx_HAL_Driver/Src/stm32l4xx_hal_gpio.o
                0x0000000008002a14                HAL_GPIO_EXTI_IRQHandler
 .text.HAL_I2C_Init
                0x0000000008002a44      0x11e ./Drivers/STM32L4xx_HAL_Driver/Src/stm32l4xx_hal_i2c.o
                0x0000000008002a44                HAL_I2C_Init
 .text.HAL_I2CEx_ConfigAnalogFilter
                0x0000000008002b62       0x96 ./Drivers/STM32L4xx_HAL_Driver/Src/stm32l4xx_hal_i2c_ex.o
                0x0000000008002b62                HAL_I2CEx_ConfigAnalogFilter
 .text.HAL_I2CEx_ConfigDigitalFilter
                0x0000000008002bf8       0x98 ./Drivers/STM32L4xx_HAL_Driver/Src/stm32l4xx_hal_i2c_ex.o
                0x0000000008002bf8                HAL_I2CEx_ConfigDigitalFilter
 .text.HAL_PCD_Init
                0x0000000008002c90      0x248 ./Drivers/STM32L4xx_HAL_Driver/Src/stm32l4xx_hal_pcd.o
                0x0000000008002c90                HAL_PCD_Init
 .text.HAL_PCDEx_ActivateLPM
                0x0000000008002ed8       0x48 ./Drivers/STM32L4xx_HAL_Driver/Src/stm32l4xx_hal_pcd_ex.o
                0x0000000008002ed8                HAL_PCDEx_ActivateLPM
 .text.HAL_PWR_EnableBkUpAccess
                0x0000000008002f20       0x20 ./Drivers/STM32L4xx_HAL_Driver/Src/stm32l4xx_hal_pwr.o
                0x0000000008002f20                HAL_PWR_EnableBkUpAccess
 .text.HAL_PWREx_GetVoltageRange
                0x0000000008002f40       0x1c ./Drivers/STM32L4xx_HAL_Driver/Src/stm32l4xx_hal_pwr_ex.o
                0x0000000008002f40                HAL_PWREx_GetVoltageRange
 .text.HAL_PWREx_ControlVoltageScaling
                0x0000000008002f5c       0xac ./Drivers/STM32L4xx_HAL_Driver/Src/stm32l4xx_hal_pwr_ex.o
                0x0000000008002f5c                HAL_PWREx_ControlVoltageScaling
 .text.HAL_PWREx_EnableVddUSB
                0x0000000008003008       0x20 ./Drivers/STM32L4xx_HAL_Driver/Src/stm32l4xx_hal_pwr_ex.o
                0x0000000008003008                HAL_PWREx_EnableVddUSB
 .text.HAL_QSPI_Init
                0x0000000008003028       0xec ./Drivers/STM32L4xx_HAL_Driver/Src/stm32l4xx_hal_qspi.o
                0x0000000008003028                HAL_QSPI_Init
 .text.HAL_QSPI_SetTimeout
                0x0000000008003114       0x1c ./Drivers/STM32L4xx_HAL_Driver/Src/stm32l4xx_hal_qspi.o
                0x0000000008003114                HAL_QSPI_SetTimeout
 .text.QSPI_WaitFlagStateUntilTimeout
                0x0000000008003130       0x6e ./Drivers/STM32L4xx_HAL_Driver/Src/stm32l4xx_hal_qspi.o
 *fill*         0x000000000800319e        0x2 
 .text.HAL_RCC_OscConfig
                0x00000000080031a0      0x7b8 ./Drivers/STM32L4xx_HAL_Driver/Src/stm32l4xx_hal_rcc.o
                0x00000000080031a0                HAL_RCC_OscConfig
 .text.HAL_RCC_ClockConfig
                0x0000000008003958      0x200 ./Drivers/STM32L4xx_HAL_Driver/Src/stm32l4xx_hal_rcc.o
                0x0000000008003958                HAL_RCC_ClockConfig
 .text.HAL_RCC_GetSysClockFreq
                0x0000000008003b58      0x118 ./Drivers/STM32L4xx_HAL_Driver/Src/stm32l4xx_hal_rcc.o
                0x0000000008003b58                HAL_RCC_GetSysClockFreq
 .text.HAL_RCC_GetHCLKFreq
                0x0000000008003c70       0x18 ./Drivers/STM32L4xx_HAL_Driver/Src/stm32l4xx_hal_rcc.o
                0x0000000008003c70                HAL_RCC_GetHCLKFreq
 .text.HAL_RCC_GetPCLK1Freq
                0x0000000008003c88       0x2c ./Drivers/STM32L4xx_HAL_Driver/Src/stm32l4xx_hal_rcc.o
                0x0000000008003c88                HAL_RCC_GetPCLK1Freq
 .text.HAL_RCC_GetPCLK2Freq
                0x0000000008003cb4       0x2c ./Drivers/STM32L4xx_HAL_Driver/Src/stm32l4xx_hal_rcc.o
                0x0000000008003cb4                HAL_RCC_GetPCLK2Freq
 .text.HAL_RCC_GetClockConfig
                0x0000000008003ce0       0x64 ./Drivers/STM32L4xx_HAL_Driver/Src/stm32l4xx_hal_rcc.o
                0x0000000008003ce0                HAL_RCC_GetClockConfig
 .text.RCC_SetFlashLatencyFromMSIRange
                0x0000000008003d44       0xc0 ./Drivers/STM32L4xx_HAL_Driver/Src/stm32l4xx_hal_rcc.o
 .text.HAL_RCCEx_PeriphCLKConfig
                0x0000000008003e04      0x5d4 ./Drivers/STM32L4xx_HAL_Driver/Src/stm32l4xx_hal_rcc_ex.o
                0x0000000008003e04                HAL_RCCEx_PeriphCLKConfig
 .text.HAL_RCCEx_EnableMSIPLLMode
                0x00000000080043d8       0x20 ./Drivers/STM32L4xx_HAL_Driver/Src/stm32l4xx_hal_rcc_ex.o
                0x00000000080043d8                HAL_RCCEx_EnableMSIPLLMode
 .text.RCCEx_PLLSAI1_Config
                0x00000000080043f8      0x1e8 ./Drivers/STM32L4xx_HAL_Driver/Src/stm32l4xx_hal_rcc_ex.o
 .text.RCCEx_PLLSAI2_Config
                0x00000000080045e0      0x1bc ./Drivers/STM32L4xx_HAL_Driver/Src/stm32l4xx_hal_rcc_ex.o
 .text.HAL_SPI_Init
                0x000000000800479c      0x146 ./Drivers/STM32L4xx_HAL_Driver/Src/stm32l4xx_hal_spi.o
                0x000000000800479c                HAL_SPI_Init
 .text.HAL_SPI_DeInit
                0x00000000080048e2       0x50 ./Drivers/STM32L4xx_HAL_Driver/Src/stm32l4xx_hal_spi.o
                0x00000000080048e2                HAL_SPI_DeInit
 .text.HAL_SPI_Receive
                0x0000000008004932      0x260 ./Drivers/STM32L4xx_HAL_Driver/Src/stm32l4xx_hal_spi.o
                0x0000000008004932                HAL_SPI_Receive
 .text.HAL_SPI_TransmitReceive
                0x0000000008004b92      0x426 ./Drivers/STM32L4xx_HAL_Driver/Src/stm32l4xx_hal_spi.o
                0x0000000008004b92                HAL_SPI_TransmitReceive
 .text.HAL_SPI_Transmit_IT
                0x0000000008004fb8      0x11c ./Drivers/STM32L4xx_HAL_Driver/Src/stm32l4xx_hal_spi.o
                0x0000000008004fb8                HAL_SPI_Transmit_IT
 .text.HAL_SPI_Receive_IT
                0x00000000080050d4      0x160 ./Drivers/STM32L4xx_HAL_Driver/Src/stm32l4xx_hal_spi.o
                0x00000000080050d4                HAL_SPI_Receive_IT
 .text.HAL_SPI_TransmitReceive_IT
                0x0000000008005234      0x160 ./Drivers/STM32L4xx_HAL_Driver/Src/stm32l4xx_hal_spi.o
                0x0000000008005234                HAL_SPI_TransmitReceive_IT
 .text.HAL_SPI_IRQHandler
                0x0000000008005394      0x200 ./Drivers/STM32L4xx_HAL_Driver/Src/stm32l4xx_hal_spi.o
                0x0000000008005394                HAL_SPI_IRQHandler
 .text.HAL_SPI_TxRxCpltCallback
                0x0000000008005594       0x14 ./Drivers/STM32L4xx_HAL_Driver/Src/stm32l4xx_hal_spi.o
                0x0000000008005594                HAL_SPI_TxRxCpltCallback
 .text.HAL_SPI_ErrorCallback
                0x00000000080055a8       0x14 ./Drivers/STM32L4xx_HAL_Driver/Src/stm32l4xx_hal_spi.o
                0x00000000080055a8                HAL_SPI_ErrorCallback
 .text.SPI_DMAAbortOnError
                0x00000000080055bc       0x2a ./Drivers/STM32L4xx_HAL_Driver/Src/stm32l4xx_hal_spi.o
 .text.SPI_2linesRxISR_8BIT
                0x00000000080055e6       0xbe ./Drivers/STM32L4xx_HAL_Driver/Src/stm32l4xx_hal_spi.o
 .text.SPI_2linesTxISR_8BIT
                0x00000000080056a4       0x92 ./Drivers/STM32L4xx_HAL_Driver/Src/stm32l4xx_hal_spi.o
 .text.SPI_2linesRxISR_16BIT
                0x0000000008005736       0x66 ./Drivers/STM32L4xx_HAL_Driver/Src/stm32l4xx_hal_spi.o
 .text.SPI_2linesTxISR_16BIT
                0x000000000800579c       0x60 ./Drivers/STM32L4xx_HAL_Driver/Src/stm32l4xx_hal_spi.o
 .text.SPI_RxISR_8BIT
                0x00000000080057fc       0x50 ./Drivers/STM32L4xx_HAL_Driver/Src/stm32l4xx_hal_spi.o
 .text.SPI_RxISR_16BIT
                0x000000000800584c       0x4c ./Drivers/STM32L4xx_HAL_Driver/Src/stm32l4xx_hal_spi.o
 .text.SPI_TxISR_8BIT
                0x0000000008005898       0x46 ./Drivers/STM32L4xx_HAL_Driver/Src/stm32l4xx_hal_spi.o
 .text.SPI_TxISR_16BIT
                0x00000000080058de       0x44 ./Drivers/STM32L4xx_HAL_Driver/Src/stm32l4xx_hal_spi.o
 *fill*         0x0000000008005922        0x2 
 .text.SPI_WaitFlagStateUntilTimeout
                0x0000000008005924      0x110 ./Drivers/STM32L4xx_HAL_Driver/Src/stm32l4xx_hal_spi.o
 .text.SPI_WaitFifoStateUntilTimeout
                0x0000000008005a34      0x12c ./Drivers/STM32L4xx_HAL_Driver/Src/stm32l4xx_hal_spi.o
 .text.SPI_EndRxTransaction
                0x0000000008005b60       0xb0 ./Drivers/STM32L4xx_HAL_Driver/Src/stm32l4xx_hal_spi.o
 .text.SPI_EndRxTxTransaction
                0x0000000008005c10       0x8c ./Drivers/STM32L4xx_HAL_Driver/Src/stm32l4xx_hal_spi.o
 .text.SPI_CloseRxTx_ISR
                0x0000000008005c9c       0x84 ./Drivers/STM32L4xx_HAL_Driver/Src/stm32l4xx_hal_spi.o
 .text.SPI_CloseRx_ISR
                0x0000000008005d20       0x60 ./Drivers/STM32L4xx_HAL_Driver/Src/stm32l4xx_hal_spi.o
 .text.SPI_CloseTx_ISR
                0x0000000008005d80       0x7e ./Drivers/STM32L4xx_HAL_Driver/Src/stm32l4xx_hal_spi.o
 .text.HAL_TIM_Base_Init
                0x0000000008005dfe       0xae ./Drivers/STM32L4xx_HAL_Driver/Src/stm32l4xx_hal_tim.o
                0x0000000008005dfe                HAL_TIM_Base_Init
 .text.HAL_TIM_Base_MspInit
                0x0000000008005eac       0x14 ./Drivers/STM32L4xx_HAL_Driver/Src/stm32l4xx_hal_tim.o
                0x0000000008005eac                HAL_TIM_Base_MspInit
 .text.HAL_TIM_Base_Start_IT
                0x0000000008005ec0       0xe0 ./Drivers/STM32L4xx_HAL_Driver/Src/stm32l4xx_hal_tim.o
                0x0000000008005ec0                HAL_TIM_Base_Start_IT
 .text.HAL_TIM_IRQHandler
                0x0000000008005fa0      0x23e ./Drivers/STM32L4xx_HAL_Driver/Src/stm32l4xx_hal_tim.o
                0x0000000008005fa0                HAL_TIM_IRQHandler
 .text.HAL_TIM_OC_DelayElapsedCallback
                0x00000000080061de       0x14 ./Drivers/STM32L4xx_HAL_Driver/Src/stm32l4xx_hal_tim.o
                0x00000000080061de                HAL_TIM_OC_DelayElapsedCallback
 .text.HAL_TIM_IC_CaptureCallback
                0x00000000080061f2       0x14 ./Drivers/STM32L4xx_HAL_Driver/Src/stm32l4xx_hal_tim.o
                0x00000000080061f2                HAL_TIM_IC_CaptureCallback
 .text.HAL_TIM_PWM_PulseFinishedCallback
                0x0000000008006206       0x14 ./Drivers/STM32L4xx_HAL_Driver/Src/stm32l4xx_hal_tim.o
                0x0000000008006206                HAL_TIM_PWM_PulseFinishedCallback
 .text.HAL_TIM_TriggerCallback
                0x000000000800621a       0x14 ./Drivers/STM32L4xx_HAL_Driver/Src/stm32l4xx_hal_tim.o
                0x000000000800621a                HAL_TIM_TriggerCallback
 *fill*         0x000000000800622e        0x2 
 .text.TIM_Base_SetConfig
                0x0000000008006230      0x134 ./Drivers/STM32L4xx_HAL_Driver/Src/stm32l4xx_hal_tim.o
                0x0000000008006230                TIM_Base_SetConfig
 .text.HAL_TIMEx_CommutCallback
                0x0000000008006364       0x14 ./Drivers/STM32L4xx_HAL_Driver/Src/stm32l4xx_hal_tim_ex.o
                0x0000000008006364                HAL_TIMEx_CommutCallback
 .text.HAL_TIMEx_BreakCallback
                0x0000000008006378       0x14 ./Drivers/STM32L4xx_HAL_Driver/Src/stm32l4xx_hal_tim_ex.o
                0x0000000008006378                HAL_TIMEx_BreakCallback
 .text.HAL_TIMEx_Break2Callback
                0x000000000800638c       0x14 ./Drivers/STM32L4xx_HAL_Driver/Src/stm32l4xx_hal_tim_ex.o
                0x000000000800638c                HAL_TIMEx_Break2Callback
 .text.HAL_UART_Init
                0x00000000080063a0       0x9c ./Drivers/STM32L4xx_HAL_Driver/Src/stm32l4xx_hal_uart.o
                0x00000000080063a0                HAL_UART_Init
 .text.HAL_UART_Transmit_IT
                0x000000000800643c       0xdc ./Drivers/STM32L4xx_HAL_Driver/Src/stm32l4xx_hal_uart.o
                0x000000000800643c                HAL_UART_Transmit_IT
 .text.HAL_UART_IRQHandler
                0x0000000008006518      0x5c4 ./Drivers/STM32L4xx_HAL_Driver/Src/stm32l4xx_hal_uart.o
                0x0000000008006518                HAL_UART_IRQHandler
 .text.HAL_UART_ErrorCallback
                0x0000000008006adc       0x14 ./Drivers/STM32L4xx_HAL_Driver/Src/stm32l4xx_hal_uart.o
                0x0000000008006adc                HAL_UART_ErrorCallback
 .text.HAL_UARTEx_RxEventCallback
                0x0000000008006af0       0x18 ./Drivers/STM32L4xx_HAL_Driver/Src/stm32l4xx_hal_uart.o
                0x0000000008006af0                HAL_UARTEx_RxEventCallback
 .text.UART_SetConfig
                0x0000000008006b08      0x570 ./Drivers/STM32L4xx_HAL_Driver/Src/stm32l4xx_hal_uart.o
                0x0000000008006b08                UART_SetConfig
 .text.UART_AdvFeatureConfig
                0x0000000008007078      0x144 ./Drivers/STM32L4xx_HAL_Driver/Src/stm32l4xx_hal_uart.o
                0x0000000008007078                UART_AdvFeatureConfig
 .text.UART_CheckIdleState
                0x00000000080071bc       0x92 ./Drivers/STM32L4xx_HAL_Driver/Src/stm32l4xx_hal_uart.o
                0x00000000080071bc                UART_CheckIdleState
 .text.UART_WaitOnFlagUntilTimeout
                0x000000000800724e      0x188 ./Drivers/STM32L4xx_HAL_Driver/Src/stm32l4xx_hal_uart.o
                0x000000000800724e                UART_WaitOnFlagUntilTimeout
 .text.UART_EndRxTransfer
                0x00000000080073d6       0xc6 ./Drivers/STM32L4xx_HAL_Driver/Src/stm32l4xx_hal_uart.o
 .text.UART_DMAAbortOnError
                0x000000000800749c       0x2c ./Drivers/STM32L4xx_HAL_Driver/Src/stm32l4xx_hal_uart.o
 .text.UART_TxISR_8BIT
                0x00000000080074c8       0xb8 ./Drivers/STM32L4xx_HAL_Driver/Src/stm32l4xx_hal_uart.o
 .text.UART_TxISR_16BIT
                0x0000000008007580       0xc0 ./Drivers/STM32L4xx_HAL_Driver/Src/stm32l4xx_hal_uart.o
 .text.UART_EndTransmit_IT
                0x0000000008007640       0x54 ./Drivers/STM32L4xx_HAL_Driver/Src/stm32l4xx_hal_uart.o
 .text.HAL_UARTEx_WakeupCallback
                0x0000000008007694       0x14 ./Drivers/STM32L4xx_HAL_Driver/Src/stm32l4xx_hal_uart_ex.o
                0x0000000008007694                HAL_UARTEx_WakeupCallback
 .text.USB_CoreInit
                0x00000000080076a8       0x58 ./Drivers/STM32L4xx_HAL_Driver/Src/stm32l4xx_ll_usb.o
                0x00000000080076a8                USB_CoreInit
 .text.USB_DisableGlobalInt
                0x0000000008007700       0x22 ./Drivers/STM32L4xx_HAL_Driver/Src/stm32l4xx_ll_usb.o
                0x0000000008007700                USB_DisableGlobalInt
 .text.USB_SetCurrentMode
                0x0000000008007722       0x98 ./Drivers/STM32L4xx_HAL_Driver/Src/stm32l4xx_ll_usb.o
                0x0000000008007722                USB_SetCurrentMode
 *fill*         0x00000000080077ba        0x2 
 .text.USB_DevInit
                0x00000000080077bc      0x298 ./Drivers/STM32L4xx_HAL_Driver/Src/stm32l4xx_ll_usb.o
                0x00000000080077bc                USB_DevInit
 .text.USB_FlushTxFifo
                0x0000000008007a54       0x68 ./Drivers/STM32L4xx_HAL_Driver/Src/stm32l4xx_ll_usb.o
                0x0000000008007a54                USB_FlushTxFifo
 .text.USB_FlushRxFifo
                0x0000000008007abc       0x60 ./Drivers/STM32L4xx_HAL_Driver/Src/stm32l4xx_ll_usb.o
                0x0000000008007abc                USB_FlushRxFifo
 .text.USB_SetDevSpeed
                0x0000000008007b1c       0x32 ./Drivers/STM32L4xx_HAL_Driver/Src/stm32l4xx_ll_usb.o
                0x0000000008007b1c                USB_SetDevSpeed
 .text.USB_DevDisconnect
                0x0000000008007b4e       0x42 ./Drivers/STM32L4xx_HAL_Driver/Src/stm32l4xx_ll_usb.o
                0x0000000008007b4e                USB_DevDisconnect
 .text.USB_GetMode
                0x0000000008007b90       0x1c ./Drivers/STM32L4xx_HAL_Driver/Src/stm32l4xx_ll_usb.o
                0x0000000008007b90                USB_GetMode
 .text.USB_CoreReset
                0x0000000008007bac       0x68 ./Drivers/STM32L4xx_HAL_Driver/Src/stm32l4xx_ll_usb.o
 .text.Hex2Num  0x0000000008007c14       0x54 ./LibWIFI/Src/es_wifi.o
 .text.ParseHexNumber
                0x0000000008007c68       0x80 ./LibWIFI/Src/es_wifi.o
 .text.ParseNumber
                0x0000000008007ce8       0x88 ./LibWIFI/Src/es_wifi.o
 .text.ParseMAC
                0x0000000008007d70       0x56 ./LibWIFI/Src/es_wifi.o
 .text.ParseIP  0x0000000008007dc6       0x56 ./LibWIFI/Src/es_wifi.o
 .text.AT_ParseInfo
                0x0000000008007e1c       0xec ./LibWIFI/Src/es_wifi.o
 .text.AT_ParseConnSettings
                0x0000000008007f08      0x160 ./LibWIFI/Src/es_wifi.o
 .text.AT_ParseIsConnected
                0x0000000008008068       0x2c ./LibWIFI/Src/es_wifi.o
 .text.AT_ExecuteCommand
                0x0000000008008094       0xcc ./LibWIFI/Src/es_wifi.o
 .text.AT_RequestSendData
                0x0000000008008160       0xec ./LibWIFI/Src/es_wifi.o
 .text.AT_RequestReceiveData
                0x000000000800824c      0x12c ./LibWIFI/Src/es_wifi.o
 .text.ES_WIFI_Init
                0x0000000008008378       0x5c ./LibWIFI/Src/es_wifi.o
                0x0000000008008378                ES_WIFI_Init
 .text.ES_WIFI_RegisterBusIO
                0x00000000080083d4       0x66 ./LibWIFI/Src/es_wifi.o
                0x00000000080083d4                ES_WIFI_RegisterBusIO
 *fill*         0x000000000800843a        0x2 
 .text.ES_WIFI_Connect
                0x000000000800843c       0xf0 ./LibWIFI/Src/es_wifi.o
                0x000000000800843c                ES_WIFI_Connect
 .text.ES_WIFI_IsConnected
                0x000000000800852c       0x58 ./LibWIFI/Src/es_wifi.o
                0x000000000800852c                ES_WIFI_IsConnected
 .text.ES_WIFI_GetNetworkSettings
                0x0000000008008584       0x54 ./LibWIFI/Src/es_wifi.o
                0x0000000008008584                ES_WIFI_GetNetworkSettings
 .text.ES_WIFI_GetMACAddress
                0x00000000080085d8       0x64 ./LibWIFI/Src/es_wifi.o
                0x00000000080085d8                ES_WIFI_GetMACAddress
 .text.ES_WIFI_StartServerSingleConn
                0x000000000800863c      0x158 ./LibWIFI/Src/es_wifi.o
                0x000000000800863c                ES_WIFI_StartServerSingleConn
 .text.ES_WIFI_WaitServerConnection
                0x0000000008008794      0x244 ./LibWIFI/Src/es_wifi.o
                0x0000000008008794                ES_WIFI_WaitServerConnection
 .text.ES_WIFI_CloseServerConnection
                0x00000000080089d8       0xc0 ./LibWIFI/Src/es_wifi.o
                0x00000000080089d8                ES_WIFI_CloseServerConnection
 .text.ES_WIFI_StopServerSingleConn
                0x0000000008008a98       0xc4 ./LibWIFI/Src/es_wifi.o
                0x0000000008008a98                ES_WIFI_StopServerSingleConn
 .text.ES_WIFI_SendData
                0x0000000008008b5c      0x178 ./LibWIFI/Src/es_wifi.o
                0x0000000008008b5c                ES_WIFI_SendData
 .text.ES_WIFI_ReceiveData
                0x0000000008008cd4      0x180 ./LibWIFI/Src/es_wifi.o
                0x0000000008008cd4                ES_WIFI_ReceiveData
 .text.SPI_WIFI_MspInit
                0x0000000008008e54      0x178 ./LibWIFI/Src/es_wifi_io.o
                0x0000000008008e54                SPI_WIFI_MspInit
 .text.SPI_WIFI_Init
                0x0000000008008fcc       0xbc ./LibWIFI/Src/es_wifi_io.o
                0x0000000008008fcc                SPI_WIFI_Init
 .text.SPI_WIFI_ResetModule
                0x0000000008009088       0xe0 ./LibWIFI/Src/es_wifi_io.o
                0x0000000008009088                SPI_WIFI_ResetModule
 .text.SPI_WIFI_DeInit
                0x0000000008009168       0x14 ./LibWIFI/Src/es_wifi_io.o
                0x0000000008009168                SPI_WIFI_DeInit
 .text.wait_cmddata_rdy_high
                0x000000000800917c       0x44 ./LibWIFI/Src/es_wifi_io.o
 .text.wait_cmddata_rdy_rising_event
                0x00000000080091c0       0x40 ./LibWIFI/Src/es_wifi_io.o
 .text.wait_spi_rx_event
                0x0000000008009200       0x40 ./LibWIFI/Src/es_wifi_io.o
 .text.wait_spi_tx_event
                0x0000000008009240       0x40 ./LibWIFI/Src/es_wifi_io.o
 .text.SPI_WIFI_ReceiveData
                0x0000000008009280       0xf4 ./LibWIFI/Src/es_wifi_io.o
                0x0000000008009280                SPI_WIFI_ReceiveData
 .text.SPI_WIFI_SendData
                0x0000000008009374       0xdc ./LibWIFI/Src/es_wifi_io.o
                0x0000000008009374                SPI_WIFI_SendData
 .text.SPI_WIFI_Delay
                0x0000000008009450       0x16 ./LibWIFI/Src/es_wifi_io.o
                0x0000000008009450                SPI_WIFI_Delay
 *fill*         0x0000000008009466        0x2 
 .text.SPI_WIFI_DelayUs
                0x0000000008009468       0xa4 ./LibWIFI/Src/es_wifi_io.o
 .text.HAL_SPI_RxCpltCallback
                0x000000000800950c       0x28 ./LibWIFI/Src/es_wifi_io.o
                0x000000000800950c                HAL_SPI_RxCpltCallback
 .text.HAL_SPI_TxCpltCallback
                0x0000000008009534       0x28 ./LibWIFI/Src/es_wifi_io.o
                0x0000000008009534                HAL_SPI_TxCpltCallback
 .text.SPI_WIFI_ISR
                0x000000000800955c       0x20 ./LibWIFI/Src/es_wifi_io.o
                0x000000000800955c                SPI_WIFI_ISR
 .text.WIFI_Init
                0x000000000800957c       0x58 ./LibWIFI/Src/wifi.o
                0x000000000800957c                WIFI_Init
 .text.WIFI_Connect
                0x00000000080095d4       0x44 ./LibWIFI/Src/wifi.o
                0x00000000080095d4                WIFI_Connect
 .text.WIFI_GetMAC_Address
                0x0000000008009618       0x2c ./LibWIFI/Src/wifi.o
                0x0000000008009618                WIFI_GetMAC_Address
 .text.WIFI_GetIP_Address
                0x0000000008009644       0x38 ./LibWIFI/Src/wifi.o
                0x0000000008009644                WIFI_GetIP_Address
 .text.WIFI_StartServer
                0x000000000800967c       0x60 ./LibWIFI/Src/wifi.o
                0x000000000800967c                WIFI_StartServer
 .text.WIFI_WaitServerConnection
                0x00000000080096dc       0x88 ./LibWIFI/Src/wifi.o
                0x00000000080096dc                WIFI_WaitServerConnection
 .text.WIFI_CloseServerConnection
                0x0000000008009764       0x2c ./LibWIFI/Src/wifi.o
                0x0000000008009764                WIFI_CloseServerConnection
 .text.WIFI_StopServer
                0x0000000008009790       0x30 ./LibWIFI/Src/wifi.o
                0x0000000008009790                WIFI_StopServer
 .text.WIFI_SendData
                0x00000000080097c0       0x44 ./LibWIFI/Src/wifi.o
                0x00000000080097c0                WIFI_SendData
 .text.WIFI_ReceiveData
                0x0000000008009804       0x44 ./LibWIFI/Src/wifi.o
                0x0000000008009804                WIFI_ReceiveData
 .text.__NVIC_SetPriority
                0x0000000008009848       0x54 ./Middlewares/Third_Party/FreeRTOS/Source/CMSIS_RTOS_V2/cmsis_os2.o
 .text.SysTick_Handler
                0x000000000800989c       0x20 ./Middlewares/Third_Party/FreeRTOS/Source/CMSIS_RTOS_V2/cmsis_os2.o
                0x000000000800989c                SysTick_Handler
 .text.SVC_Setup
                0x00000000080098bc       0x12 ./Middlewares/Third_Party/FreeRTOS/Source/CMSIS_RTOS_V2/cmsis_os2.o
 *fill*         0x00000000080098ce        0x2 
 .text.osKernelInitialize
                0x00000000080098d0       0x48 ./Middlewares/Third_Party/FreeRTOS/Source/CMSIS_RTOS_V2/cmsis_os2.o
                0x00000000080098d0                osKernelInitialize
 .text.osKernelStart
                0x0000000008009918       0x4c ./Middlewares/Third_Party/FreeRTOS/Source/CMSIS_RTOS_V2/cmsis_os2.o
                0x0000000008009918                osKernelStart
 .text.osThreadNew
                0x0000000008009964      0x124 ./Middlewares/Third_Party/FreeRTOS/Source/CMSIS_RTOS_V2/cmsis_os2.o
                0x0000000008009964                osThreadNew
 .text.osSemaphoreNew
                0x0000000008009a88      0x112 ./Middlewares/Third_Party/FreeRTOS/Source/CMSIS_RTOS_V2/cmsis_os2.o
                0x0000000008009a88                osSemaphoreNew
 .text.osMessageQueueNew
                0x0000000008009b9a       0xe6 ./Middlewares/Third_Party/FreeRTOS/Source/CMSIS_RTOS_V2/cmsis_os2.o
                0x0000000008009b9a                osMessageQueueNew
 .text.vApplicationGetIdleTaskMemory
                0x0000000008009c80       0x34 ./Middlewares/Third_Party/FreeRTOS/Source/CMSIS_RTOS_V2/cmsis_os2.o
                0x0000000008009c80                vApplicationGetIdleTaskMemory
 .text.vApplicationGetTimerTaskMemory
                0x0000000008009cb4       0x34 ./Middlewares/Third_Party/FreeRTOS/Source/CMSIS_RTOS_V2/cmsis_os2.o
                0x0000000008009cb4                vApplicationGetTimerTaskMemory
 .text.vListInitialise
                0x0000000008009ce8       0x40 ./Middlewares/Third_Party/FreeRTOS/Source/list.o
                0x0000000008009ce8                vListInitialise
 .text.vListInitialiseItem
                0x0000000008009d28       0x1a ./Middlewares/Third_Party/FreeRTOS/Source/list.o
                0x0000000008009d28                vListInitialiseItem
 .text.vListInsertEnd
                0x0000000008009d42       0x48 ./Middlewares/Third_Party/FreeRTOS/Source/list.o
                0x0000000008009d42                vListInsertEnd
 .text.vListInsert
                0x0000000008009d8a       0x72 ./Middlewares/Third_Party/FreeRTOS/Source/list.o
                0x0000000008009d8a                vListInsert
 .text.uxListRemove
                0x0000000008009dfc       0x54 ./Middlewares/Third_Party/FreeRTOS/Source/list.o
                0x0000000008009dfc                uxListRemove
 .text.xQueueGenericReset
                0x0000000008009e50       0xd0 ./Middlewares/Third_Party/FreeRTOS/Source/queue.o
                0x0000000008009e50                xQueueGenericReset
 .text.xQueueGenericCreateStatic
                0x0000000008009f20       0xf0 ./Middlewares/Third_Party/FreeRTOS/Source/queue.o
                0x0000000008009f20                xQueueGenericCreateStatic
 .text.xQueueGenericCreate
                0x000000000800a010       0x74 ./Middlewares/Third_Party/FreeRTOS/Source/queue.o
                0x000000000800a010                xQueueGenericCreate
 .text.prvInitialiseNewQueue
                0x000000000800a084       0x46 ./Middlewares/Third_Party/FreeRTOS/Source/queue.o
 .text.xQueueCreateCountingSemaphoreStatic
                0x000000000800a0ca       0x6e ./Middlewares/Third_Party/FreeRTOS/Source/queue.o
                0x000000000800a0ca                xQueueCreateCountingSemaphoreStatic
 .text.xQueueCreateCountingSemaphore
                0x000000000800a138       0x66 ./Middlewares/Third_Party/FreeRTOS/Source/queue.o
                0x000000000800a138                xQueueCreateCountingSemaphore
 *fill*         0x000000000800a19e        0x2 
 .text.xQueueGenericSend
                0x000000000800a1a0      0x1fc ./Middlewares/Third_Party/FreeRTOS/Source/queue.o
                0x000000000800a1a0                xQueueGenericSend
 .text.xQueueGenericSendFromISR
                0x000000000800a39c      0x136 ./Middlewares/Third_Party/FreeRTOS/Source/queue.o
                0x000000000800a39c                xQueueGenericSendFromISR
 .text.xQueueGiveFromISR
                0x000000000800a4d2      0x11a ./Middlewares/Third_Party/FreeRTOS/Source/queue.o
                0x000000000800a4d2                xQueueGiveFromISR
 .text.xQueueReceive
                0x000000000800a5ec      0x1c0 ./Middlewares/Third_Party/FreeRTOS/Source/queue.o
                0x000000000800a5ec                xQueueReceive
 .text.xQueueSemaphoreTake
                0x000000000800a7ac      0x218 ./Middlewares/Third_Party/FreeRTOS/Source/queue.o
                0x000000000800a7ac                xQueueSemaphoreTake
 .text.vQueueDelete
                0x000000000800a9c4       0x46 ./Middlewares/Third_Party/FreeRTOS/Source/queue.o
                0x000000000800a9c4                vQueueDelete
 .text.prvGetDisinheritPriorityAfterTimeout
                0x000000000800aa0a       0x30 ./Middlewares/Third_Party/FreeRTOS/Source/queue.o
 .text.prvCopyDataToQueue
                0x000000000800aa3a       0xd4 ./Middlewares/Third_Party/FreeRTOS/Source/queue.o
 .text.prvCopyDataFromQueue
                0x000000000800ab0e       0x4c ./Middlewares/Third_Party/FreeRTOS/Source/queue.o
 .text.prvUnlockQueue
                0x000000000800ab5a       0xa4 ./Middlewares/Third_Party/FreeRTOS/Source/queue.o
 .text.prvIsQueueEmpty
                0x000000000800abfe       0x2c ./Middlewares/Third_Party/FreeRTOS/Source/queue.o
 .text.prvIsQueueFull
                0x000000000800ac2a       0x30 ./Middlewares/Third_Party/FreeRTOS/Source/queue.o
 *fill*         0x000000000800ac5a        0x2 
 .text.vQueueAddToRegistry
                0x000000000800ac5c       0x54 ./Middlewares/Third_Party/FreeRTOS/Source/queue.o
                0x000000000800ac5c                vQueueAddToRegistry
 .text.vQueueUnregisterQueue
                0x000000000800acb0       0x54 ./Middlewares/Third_Party/FreeRTOS/Source/queue.o
                0x000000000800acb0                vQueueUnregisterQueue
 .text.vQueueWaitForMessageRestricted
                0x000000000800ad04       0x68 ./Middlewares/Third_Party/FreeRTOS/Source/queue.o
                0x000000000800ad04                vQueueWaitForMessageRestricted
 .text.xTaskCreateStatic
                0x000000000800ad6c       0xba ./Middlewares/Third_Party/FreeRTOS/Source/tasks.o
                0x000000000800ad6c                xTaskCreateStatic
 .text.xTaskCreate
                0x000000000800ae26       0x8a ./Middlewares/Third_Party/FreeRTOS/Source/tasks.o
                0x000000000800ae26                xTaskCreate
 .text.prvInitialiseNewTask
                0x000000000800aeb0      0x14c ./Middlewares/Third_Party/FreeRTOS/Source/tasks.o
 .text.prvAddNewTaskToReadyList
                0x000000000800affc       0xe0 ./Middlewares/Third_Party/FreeRTOS/Source/tasks.o
 .text.vTaskDelay
                0x000000000800b0dc       0x68 ./Middlewares/Third_Party/FreeRTOS/Source/tasks.o
                0x000000000800b0dc                vTaskDelay
 .text.vTaskStartScheduler
                0x000000000800b144       0xe0 ./Middlewares/Third_Party/FreeRTOS/Source/tasks.o
                0x000000000800b144                vTaskStartScheduler
 .text.vTaskSuspendAll
                0x000000000800b224       0x1c ./Middlewares/Third_Party/FreeRTOS/Source/tasks.o
                0x000000000800b224                vTaskSuspendAll
 .text.xTaskResumeAll
                0x000000000800b240      0x13c ./Middlewares/Third_Party/FreeRTOS/Source/tasks.o
                0x000000000800b240                xTaskResumeAll
 .text.xTaskGetTickCount
                0x000000000800b37c       0x20 ./Middlewares/Third_Party/FreeRTOS/Source/tasks.o
                0x000000000800b37c                xTaskGetTickCount
 .text.xTaskIncrementTick
                0x000000000800b39c      0x174 ./Middlewares/Third_Party/FreeRTOS/Source/tasks.o
                0x000000000800b39c                xTaskIncrementTick
 .text.vTaskSwitchContext
                0x000000000800b510       0xc8 ./Middlewares/Third_Party/FreeRTOS/Source/tasks.o
                0x000000000800b510                vTaskSwitchContext
 .text.vTaskPlaceOnEventList
                0x000000000800b5d8       0x48 ./Middlewares/Third_Party/FreeRTOS/Source/tasks.o
                0x000000000800b5d8                vTaskPlaceOnEventList
 .text.vTaskPlaceOnEventListRestricted
                0x000000000800b620       0x58 ./Middlewares/Third_Party/FreeRTOS/Source/tasks.o
                0x000000000800b620                vTaskPlaceOnEventListRestricted
 .text.xTaskRemoveFromEventList
                0x000000000800b678       0xc8 ./Middlewares/Third_Party/FreeRTOS/Source/tasks.o
                0x000000000800b678                xTaskRemoveFromEventList
 .text.vTaskInternalSetTimeOutState
                0x000000000800b740       0x2c ./Middlewares/Third_Party/FreeRTOS/Source/tasks.o
                0x000000000800b740                vTaskInternalSetTimeOutState
 .text.xTaskCheckForTimeOut
                0x000000000800b76c       0xc4 ./Middlewares/Third_Party/FreeRTOS/Source/tasks.o
                0x000000000800b76c                xTaskCheckForTimeOut
 .text.vTaskMissedYield
                0x000000000800b830       0x18 ./Middlewares/Third_Party/FreeRTOS/Source/tasks.o
                0x000000000800b830                vTaskMissedYield
 .text.prvIdleTask
                0x000000000800b848       0x30 ./Middlewares/Third_Party/FreeRTOS/Source/tasks.o
 .text.prvInitialiseTaskLists
                0x000000000800b878       0x80 ./Middlewares/Third_Party/FreeRTOS/Source/tasks.o
 .text.prvCheckTasksWaitingTermination
                0x000000000800b8f8       0x5c ./Middlewares/Third_Party/FreeRTOS/Source/tasks.o
 .text.prvDeleteTCB
                0x000000000800b954       0x68 ./Middlewares/Third_Party/FreeRTOS/Source/tasks.o
 .text.prvResetNextTaskUnblockTime
                0x000000000800b9bc       0x40 ./Middlewares/Third_Party/FreeRTOS/Source/tasks.o
 .text.xTaskGetSchedulerState
                0x000000000800b9fc       0x3c ./Middlewares/Third_Party/FreeRTOS/Source/tasks.o
                0x000000000800b9fc                xTaskGetSchedulerState
 .text.xTaskPriorityInherit
                0x000000000800ba38       0xd0 ./Middlewares/Third_Party/FreeRTOS/Source/tasks.o
                0x000000000800ba38                xTaskPriorityInherit
 .text.xTaskPriorityDisinherit
                0x000000000800bb08       0xdc ./Middlewares/Third_Party/FreeRTOS/Source/tasks.o
                0x000000000800bb08                xTaskPriorityDisinherit
 .text.vTaskPriorityDisinheritAfterTimeout
                0x000000000800bbe4      0x104 ./Middlewares/Third_Party/FreeRTOS/Source/tasks.o
                0x000000000800bbe4                vTaskPriorityDisinheritAfterTimeout
 .text.pvTaskIncrementMutexHeldCount
                0x000000000800bce8       0x28 ./Middlewares/Third_Party/FreeRTOS/Source/tasks.o
                0x000000000800bce8                pvTaskIncrementMutexHeldCount
 .text.prvAddCurrentTaskToDelayedList
                0x000000000800bd10       0xa8 ./Middlewares/Third_Party/FreeRTOS/Source/tasks.o
 .text.xTimerCreateTimerTask
                0x000000000800bdb8       0x90 ./Middlewares/Third_Party/FreeRTOS/Source/timers.o
                0x000000000800bdb8                xTimerCreateTimerTask
 .text.xTimerGenericCommand
                0x000000000800be48       0x9c ./Middlewares/Third_Party/FreeRTOS/Source/timers.o
                0x000000000800be48                xTimerGenericCommand
 .text.prvProcessExpiredTimer
                0x000000000800bee4       0x98 ./Middlewares/Third_Party/FreeRTOS/Source/timers.o
 .text.prvTimerTask
                0x000000000800bf7c       0x24 ./Middlewares/Third_Party/FreeRTOS/Source/timers.o
 .text.prvProcessTimerOrBlockTask
                0x000000000800bfa0       0x9c ./Middlewares/Third_Party/FreeRTOS/Source/timers.o
 .text.prvGetNextExpireTime
                0x000000000800c03c       0x48 ./Middlewares/Third_Party/FreeRTOS/Source/timers.o
 .text.prvSampleTimeNow
                0x000000000800c084       0x40 ./Middlewares/Third_Party/FreeRTOS/Source/timers.o
 .text.prvInsertTimerInActiveList
                0x000000000800c0c4       0x84 ./Middlewares/Third_Party/FreeRTOS/Source/timers.o
 .text.prvProcessReceivedCommands
                0x000000000800c148      0x1c4 ./Middlewares/Third_Party/FreeRTOS/Source/timers.o
 .text.prvSwitchTimerLists
                0x000000000800c30c       0xc8 ./Middlewares/Third_Party/FreeRTOS/Source/timers.o
 .text.prvCheckForValidListAndQueue
                0x000000000800c3d4       0x80 ./Middlewares/Third_Party/FreeRTOS/Source/timers.o
 .text.pxPortInitialiseStack
                0x000000000800c454       0x68 ./Middlewares/Third_Party/FreeRTOS/Source/portable/GCC/ARM_CM4F/port.o
                0x000000000800c454                pxPortInitialiseStack
 .text.prvTaskExitError
                0x000000000800c4bc       0x58 ./Middlewares/Third_Party/FreeRTOS/Source/portable/GCC/ARM_CM4F/port.o
 *fill*         0x000000000800c514        0xc 
 .text.SVC_Handler
                0x000000000800c520       0x28 ./Middlewares/Third_Party/FreeRTOS/Source/portable/GCC/ARM_CM4F/port.o
                0x000000000800c520                SVC_Handler
 .text.prvPortStartFirstTask
                0x000000000800c548       0x28 ./Middlewares/Third_Party/FreeRTOS/Source/portable/GCC/ARM_CM4F/port.o
 .text.xPortStartScheduler
                0x000000000800c570      0x144 ./Middlewares/Third_Party/FreeRTOS/Source/portable/GCC/ARM_CM4F/port.o
                0x000000000800c570                xPortStartScheduler
 .text.vPortEnterCritical
                0x000000000800c6b4       0x60 ./Middlewares/Third_Party/FreeRTOS/Source/portable/GCC/ARM_CM4F/port.o
                0x000000000800c6b4                vPortEnterCritical
 .text.vPortExitCritical
                0x000000000800c714       0x54 ./Middlewares/Third_Party/FreeRTOS/Source/portable/GCC/ARM_CM4F/port.o
                0x000000000800c714                vPortExitCritical
 *fill*         0x000000000800c768        0x8 
 .text.PendSV_Handler
                0x000000000800c770       0x68 ./Middlewares/Third_Party/FreeRTOS/Source/portable/GCC/ARM_CM4F/port.o
                0x000000000800c770                PendSV_Handler
 .text.xPortSysTickHandler
                0x000000000800c7d8       0x44 ./Middlewares/Third_Party/FreeRTOS/Source/portable/GCC/ARM_CM4F/port.o
                0x000000000800c7d8                xPortSysTickHandler
 .text.vPortSetupTimerInterrupt
                0x000000000800c81c       0x48 ./Middlewares/Third_Party/FreeRTOS/Source/portable/GCC/ARM_CM4F/port.o
                0x000000000800c81c                vPortSetupTimerInterrupt
 .text.vPortEnableVFP
                0x000000000800c864       0x14 ./Middlewares/Third_Party/FreeRTOS/Source/portable/GCC/ARM_CM4F/port.o
 .text.vPortValidateInterruptPriority
                0x000000000800c878       0x80 ./Middlewares/Third_Party/FreeRTOS/Source/portable/GCC/ARM_CM4F/port.o
                0x000000000800c878                vPortValidateInterruptPriority
 .text.pvPortMalloc
                0x000000000800c8f8      0x198 ./Middlewares/Third_Party/FreeRTOS/Source/portable/MemMang/heap_4.o
                0x000000000800c8f8                pvPortMalloc
 .text.vPortFree
                0x000000000800ca90       0xc4 ./Middlewares/Third_Party/FreeRTOS/Source/portable/MemMang/heap_4.o
                0x000000000800ca90                vPortFree
 .text.prvHeapInit
                0x000000000800cb54       0xc4 ./Middlewares/Third_Party/FreeRTOS/Source/portable/MemMang/heap_4.o
 .text.prvInsertBlockIntoFreeList
                0x000000000800cc18       0xb4 ./Middlewares/Third_Party/FreeRTOS/Source/portable/MemMang/heap_4.o
 .text.__errno  0x000000000800cccc        0xc d:/programas/stm32cubeide_1.9.0/stm32cubeide/plugins/com.st.stm32cube.ide.mcu.externaltools.gnu-tools-for-stm32.10.3-2021.10.win32_1.0.200.202301161003/tools/bin/../lib/gcc/arm-none-eabi/10.3.1/../../../../arm-none-eabi/lib/thumb/v7e-m+fp/hard\libc_nano.a(lib_a-errno.o)
                0x000000000800cccc                __errno
 .text.std      0x000000000800ccd8       0x48 d:/programas/stm32cubeide_1.9.0/stm32cubeide/plugins/com.st.stm32cube.ide.mcu.externaltools.gnu-tools-for-stm32.10.3-2021.10.win32_1.0.200.202301161003/tools/bin/../lib/gcc/arm-none-eabi/10.3.1/../../../../arm-none-eabi/lib/thumb/v7e-m+fp/hard\libc_nano.a(lib_a-findfp.o)
 .text._cleanup_r
                0x000000000800cd20        0xc d:/programas/stm32cubeide_1.9.0/stm32cubeide/plugins/com.st.stm32cube.ide.mcu.externaltools.gnu-tools-for-stm32.10.3-2021.10.win32_1.0.200.202301161003/tools/bin/../lib/gcc/arm-none-eabi/10.3.1/../../../../arm-none-eabi/lib/thumb/v7e-m+fp/hard\libc_nano.a(lib_a-findfp.o)
                0x000000000800cd20                _cleanup_r
 .text.__sfmoreglue
                0x000000000800cd2c       0x2c d:/programas/stm32cubeide_1.9.0/stm32cubeide/plugins/com.st.stm32cube.ide.mcu.externaltools.gnu-tools-for-stm32.10.3-2021.10.win32_1.0.200.202301161003/tools/bin/../lib/gcc/arm-none-eabi/10.3.1/../../../../arm-none-eabi/lib/thumb/v7e-m+fp/hard\libc_nano.a(lib_a-findfp.o)
                0x000000000800cd2c                __sfmoreglue
 .text.__sfp_lock_acquire
                0x000000000800cd58        0xc d:/programas/stm32cubeide_1.9.0/stm32cubeide/plugins/com.st.stm32cube.ide.mcu.externaltools.gnu-tools-for-stm32.10.3-2021.10.win32_1.0.200.202301161003/tools/bin/../lib/gcc/arm-none-eabi/10.3.1/../../../../arm-none-eabi/lib/thumb/v7e-m+fp/hard\libc_nano.a(lib_a-findfp.o)
                0x000000000800cd58                __sfp_lock_acquire
 .text.__sfp_lock_release
                0x000000000800cd64        0xc d:/programas/stm32cubeide_1.9.0/stm32cubeide/plugins/com.st.stm32cube.ide.mcu.externaltools.gnu-tools-for-stm32.10.3-2021.10.win32_1.0.200.202301161003/tools/bin/../lib/gcc/arm-none-eabi/10.3.1/../../../../arm-none-eabi/lib/thumb/v7e-m+fp/hard\libc_nano.a(lib_a-findfp.o)
                0x000000000800cd64                __sfp_lock_release
 .text.__sinit_lock_acquire
                0x000000000800cd70        0xc d:/programas/stm32cubeide_1.9.0/stm32cubeide/plugins/com.st.stm32cube.ide.mcu.externaltools.gnu-tools-for-stm32.10.3-2021.10.win32_1.0.200.202301161003/tools/bin/../lib/gcc/arm-none-eabi/10.3.1/../../../../arm-none-eabi/lib/thumb/v7e-m+fp/hard\libc_nano.a(lib_a-findfp.o)
                0x000000000800cd70                __sinit_lock_acquire
 .text.__sinit_lock_release
                0x000000000800cd7c        0xc d:/programas/stm32cubeide_1.9.0/stm32cubeide/plugins/com.st.stm32cube.ide.mcu.externaltools.gnu-tools-for-stm32.10.3-2021.10.win32_1.0.200.202301161003/tools/bin/../lib/gcc/arm-none-eabi/10.3.1/../../../../arm-none-eabi/lib/thumb/v7e-m+fp/hard\libc_nano.a(lib_a-findfp.o)
                0x000000000800cd7c                __sinit_lock_release
 .text.__sinit  0x000000000800cd88       0x70 d:/programas/stm32cubeide_1.9.0/stm32cubeide/plugins/com.st.stm32cube.ide.mcu.externaltools.gnu-tools-for-stm32.10.3-2021.10.win32_1.0.200.202301161003/tools/bin/../lib/gcc/arm-none-eabi/10.3.1/../../../../arm-none-eabi/lib/thumb/v7e-m+fp/hard\libc_nano.a(lib_a-findfp.o)
                0x000000000800cd88                __sinit
 .text.__sfp    0x000000000800cdf8       0x8c d:/programas/stm32cubeide_1.9.0/stm32cubeide/plugins/com.st.stm32cube.ide.mcu.externaltools.gnu-tools-for-stm32.10.3-2021.10.win32_1.0.200.202301161003/tools/bin/../lib/gcc/arm-none-eabi/10.3.1/../../../../arm-none-eabi/lib/thumb/v7e-m+fp/hard\libc_nano.a(lib_a-findfp.o)
                0x000000000800cdf8                __sfp
 .text._fwalk_reent
                0x000000000800ce84       0x3e d:/programas/stm32cubeide_1.9.0/stm32cubeide/plugins/com.st.stm32cube.ide.mcu.externaltools.gnu-tools-for-stm32.10.3-2021.10.win32_1.0.200.202301161003/tools/bin/../lib/gcc/arm-none-eabi/10.3.1/../../../../arm-none-eabi/lib/thumb/v7e-m+fp/hard\libc_nano.a(lib_a-fwalk.o)
                0x000000000800ce84                _fwalk_reent
 *fill*         0x000000000800cec2        0x2 
 .text.__libc_init_array
                0x000000000800cec4       0x48 d:/programas/stm32cubeide_1.9.0/stm32cubeide/plugins/com.st.stm32cube.ide.mcu.externaltools.gnu-tools-for-stm32.10.3-2021.10.win32_1.0.200.202301161003/tools/bin/../lib/gcc/arm-none-eabi/10.3.1/../../../../arm-none-eabi/lib/thumb/v7e-m+fp/hard\libc_nano.a(lib_a-init.o)
                0x000000000800cec4                __libc_init_array
 .text.__retarget_lock_init_recursive
                0x000000000800cf0c        0x2 d:/programas/stm32cubeide_1.9.0/stm32cubeide/plugins/com.st.stm32cube.ide.mcu.externaltools.gnu-tools-for-stm32.10.3-2021.10.win32_1.0.200.202301161003/tools/bin/../lib/gcc/arm-none-eabi/10.3.1/../../../../arm-none-eabi/lib/thumb/v7e-m+fp/hard\libc_nano.a(lib_a-lock.o)
                0x000000000800cf0c                __retarget_lock_init_recursive
 .text.__retarget_lock_acquire_recursive
                0x000000000800cf0e        0x2 d:/programas/stm32cubeide_1.9.0/stm32cubeide/plugins/com.st.stm32cube.ide.mcu.externaltools.gnu-tools-for-stm32.10.3-2021.10.win32_1.0.200.202301161003/tools/bin/../lib/gcc/arm-none-eabi/10.3.1/../../../../arm-none-eabi/lib/thumb/v7e-m+fp/hard\libc_nano.a(lib_a-lock.o)
                0x000000000800cf0e                __retarget_lock_acquire_recursive
 .text.__retarget_lock_release_recursive
                0x000000000800cf10        0x2 d:/programas/stm32cubeide_1.9.0/stm32cubeide/plugins/com.st.stm32cube.ide.mcu.externaltools.gnu-tools-for-stm32.10.3-2021.10.win32_1.0.200.202301161003/tools/bin/../lib/gcc/arm-none-eabi/10.3.1/../../../../arm-none-eabi/lib/thumb/v7e-m+fp/hard\libc_nano.a(lib_a-lock.o)
                0x000000000800cf10                __retarget_lock_release_recursive
 *fill*         0x000000000800cf12        0x2 
 .text.malloc   0x000000000800cf14       0x10 d:/programas/stm32cubeide_1.9.0/stm32cubeide/plugins/com.st.stm32cube.ide.mcu.externaltools.gnu-tools-for-stm32.10.3-2021.10.win32_1.0.200.202301161003/tools/bin/../lib/gcc/arm-none-eabi/10.3.1/../../../../arm-none-eabi/lib/thumb/v7e-m+fp/hard\libc_nano.a(lib_a-malloc.o)
                0x000000000800cf14                malloc
 .text.free     0x000000000800cf24       0x10 d:/programas/stm32cubeide_1.9.0/stm32cubeide/plugins/com.st.stm32cube.ide.mcu.externaltools.gnu-tools-for-stm32.10.3-2021.10.win32_1.0.200.202301161003/tools/bin/../lib/gcc/arm-none-eabi/10.3.1/../../../../arm-none-eabi/lib/thumb/v7e-m+fp/hard\libc_nano.a(lib_a-malloc.o)
                0x000000000800cf24                free
 .text.memcmp   0x000000000800cf34       0x20 d:/programas/stm32cubeide_1.9.0/stm32cubeide/plugins/com.st.stm32cube.ide.mcu.externaltools.gnu-tools-for-stm32.10.3-2021.10.win32_1.0.200.202301161003/tools/bin/../lib/gcc/arm-none-eabi/10.3.1/../../../../arm-none-eabi/lib/thumb/v7e-m+fp/hard\libc_nano.a(lib_a-memcmp.o)
                0x000000000800cf34                memcmp
 .text.memcpy   0x000000000800cf54       0x1c d:/programas/stm32cubeide_1.9.0/stm32cubeide/plugins/com.st.stm32cube.ide.mcu.externaltools.gnu-tools-for-stm32.10.3-2021.10.win32_1.0.200.202301161003/tools/bin/../lib/gcc/arm-none-eabi/10.3.1/../../../../arm-none-eabi/lib/thumb/v7e-m+fp/hard\libc_nano.a(lib_a-memcpy-stub.o)
                0x000000000800cf54                memcpy
 .text.memset   0x000000000800cf70       0x10 d:/programas/stm32cubeide_1.9.0/stm32cubeide/plugins/com.st.stm32cube.ide.mcu.externaltools.gnu-tools-for-stm32.10.3-2021.10.win32_1.0.200.202301161003/tools/bin/../lib/gcc/arm-none-eabi/10.3.1/../../../../arm-none-eabi/lib/thumb/v7e-m+fp/hard\libc_nano.a(lib_a-memset.o)
                0x000000000800cf70                memset
 .text._free_r  0x000000000800cf80       0x98 d:/programas/stm32cubeide_1.9.0/stm32cubeide/plugins/com.st.stm32cube.ide.mcu.externaltools.gnu-tools-for-stm32.10.3-2021.10.win32_1.0.200.202301161003/tools/bin/../lib/gcc/arm-none-eabi/10.3.1/../../../../arm-none-eabi/lib/thumb/v7e-m+fp/hard\libc_nano.a(lib_a-nano-freer.o)
                0x000000000800cf80                _free_r
 .text.sbrk_aligned
                0x000000000800d018       0x40 d:/programas/stm32cubeide_1.9.0/stm32cubeide/plugins/com.st.stm32cube.ide.mcu.externaltools.gnu-tools-for-stm32.10.3-2021.10.win32_1.0.200.202301161003/tools/bin/../lib/gcc/arm-none-eabi/10.3.1/../../../../arm-none-eabi/lib/thumb/v7e-m+fp/hard\libc_nano.a(lib_a-nano-mallocr.o)
 .text._malloc_r
                0x000000000800d058       0xe8 d:/programas/stm32cubeide_1.9.0/stm32cubeide/plugins/com.st.stm32cube.ide.mcu.externaltools.gnu-tools-for-stm32.10.3-2021.10.win32_1.0.200.202301161003/tools/bin/../lib/gcc/arm-none-eabi/10.3.1/../../../../arm-none-eabi/lib/thumb/v7e-m+fp/hard\libc_nano.a(lib_a-nano-mallocr.o)
                0x000000000800d058                _malloc_r
 .text.printf   0x000000000800d140       0x30 d:/programas/stm32cubeide_1.9.0/stm32cubeide/plugins/com.st.stm32cube.ide.mcu.externaltools.gnu-tools-for-stm32.10.3-2021.10.win32_1.0.200.202301161003/tools/bin/../lib/gcc/arm-none-eabi/10.3.1/../../../../arm-none-eabi/lib/thumb/v7e-m+fp/hard\libc_nano.a(lib_a-printf.o)
                0x000000000800d140                iprintf
                0x000000000800d140                printf
 .text._puts_r  0x000000000800d170       0xdc d:/programas/stm32cubeide_1.9.0/stm32cubeide/plugins/com.st.stm32cube.ide.mcu.externaltools.gnu-tools-for-stm32.10.3-2021.10.win32_1.0.200.202301161003/tools/bin/../lib/gcc/arm-none-eabi/10.3.1/../../../../arm-none-eabi/lib/thumb/v7e-m+fp/hard\libc_nano.a(lib_a-puts.o)
                0x000000000800d170                _puts_r
 .text.puts     0x000000000800d24c       0x10 d:/programas/stm32cubeide_1.9.0/stm32cubeide/plugins/com.st.stm32cube.ide.mcu.externaltools.gnu-tools-for-stm32.10.3-2021.10.win32_1.0.200.202301161003/tools/bin/../lib/gcc/arm-none-eabi/10.3.1/../../../../arm-none-eabi/lib/thumb/v7e-m+fp/hard\libc_nano.a(lib_a-puts.o)
                0x000000000800d24c                puts
 .text.cleanup_glue
                0x000000000800d25c       0x1a d:/programas/stm32cubeide_1.9.0/stm32cubeide/plugins/com.st.stm32cube.ide.mcu.externaltools.gnu-tools-for-stm32.10.3-2021.10.win32_1.0.200.202301161003/tools/bin/../lib/gcc/arm-none-eabi/10.3.1/../../../../arm-none-eabi/lib/thumb/v7e-m+fp/hard\libc_nano.a(lib_a-reent.o)
                0x000000000800d25c                cleanup_glue
 *fill*         0x000000000800d276        0x2 
 .text._reclaim_reent
                0x000000000800d278       0xb8 d:/programas/stm32cubeide_1.9.0/stm32cubeide/plugins/com.st.stm32cube.ide.mcu.externaltools.gnu-tools-for-stm32.10.3-2021.10.win32_1.0.200.202301161003/tools/bin/../lib/gcc/arm-none-eabi/10.3.1/../../../../arm-none-eabi/lib/thumb/v7e-m+fp/hard\libc_nano.a(lib_a-reent.o)
                0x000000000800d278                _reclaim_reent
 .text._sbrk_r  0x000000000800d330       0x20 d:/programas/stm32cubeide_1.9.0/stm32cubeide/plugins/com.st.stm32cube.ide.mcu.externaltools.gnu-tools-for-stm32.10.3-2021.10.win32_1.0.200.202301161003/tools/bin/../lib/gcc/arm-none-eabi/10.3.1/../../../../arm-none-eabi/lib/thumb/v7e-m+fp/hard\libc_nano.a(lib_a-sbrkr.o)
                0x000000000800d330                _sbrk_r
 .text.sprintf  0x000000000800d350       0x40 d:/programas/stm32cubeide_1.9.0/stm32cubeide/plugins/com.st.stm32cube.ide.mcu.externaltools.gnu-tools-for-stm32.10.3-2021.10.win32_1.0.200.202301161003/tools/bin/../lib/gcc/arm-none-eabi/10.3.1/../../../../arm-none-eabi/lib/thumb/v7e-m+fp/hard\libc_nano.a(lib_a-sprintf.o)
                0x000000000800d350                siprintf
                0x000000000800d350                sprintf
 .text.__sread  0x000000000800d390       0x22 d:/programas/stm32cubeide_1.9.0/stm32cubeide/plugins/com.st.stm32cube.ide.mcu.externaltools.gnu-tools-for-stm32.10.3-2021.10.win32_1.0.200.202301161003/tools/bin/../lib/gcc/arm-none-eabi/10.3.1/../../../../arm-none-eabi/lib/thumb/v7e-m+fp/hard\libc_nano.a(lib_a-stdio.o)
                0x000000000800d390                __sread
 .text.__swrite
                0x000000000800d3b2       0x38 d:/programas/stm32cubeide_1.9.0/stm32cubeide/plugins/com.st.stm32cube.ide.mcu.externaltools.gnu-tools-for-stm32.10.3-2021.10.win32_1.0.200.202301161003/tools/bin/../lib/gcc/arm-none-eabi/10.3.1/../../../../arm-none-eabi/lib/thumb/v7e-m+fp/hard\libc_nano.a(lib_a-stdio.o)
                0x000000000800d3b2                __swrite
 .text.__sseek  0x000000000800d3ea       0x24 d:/programas/stm32cubeide_1.9.0/stm32cubeide/plugins/com.st.stm32cube.ide.mcu.externaltools.gnu-tools-for-stm32.10.3-2021.10.win32_1.0.200.202301161003/tools/bin/../lib/gcc/arm-none-eabi/10.3.1/../../../../arm-none-eabi/lib/thumb/v7e-m+fp/hard\libc_nano.a(lib_a-stdio.o)
                0x000000000800d3ea                __sseek
 .text.__sclose
                0x000000000800d40e        0x8 d:/programas/stm32cubeide_1.9.0/stm32cubeide/plugins/com.st.stm32cube.ide.mcu.externaltools.gnu-tools-for-stm32.10.3-2021.10.win32_1.0.200.202301161003/tools/bin/../lib/gcc/arm-none-eabi/10.3.1/../../../../arm-none-eabi/lib/thumb/v7e-m+fp/hard\libc_nano.a(lib_a-stdio.o)
                0x000000000800d40e                __sclose
 .text.strcat   0x000000000800d416       0x1e d:/programas/stm32cubeide_1.9.0/stm32cubeide/plugins/com.st.stm32cube.ide.mcu.externaltools.gnu-tools-for-stm32.10.3-2021.10.win32_1.0.200.202301161003/tools/bin/../lib/gcc/arm-none-eabi/10.3.1/../../../../arm-none-eabi/lib/thumb/v7e-m+fp/hard\libc_nano.a(lib_a-strcat.o)
                0x000000000800d416                strcat
 .text.strncmp  0x000000000800d434       0x28 d:/programas/stm32cubeide_1.9.0/stm32cubeide/plugins/com.st.stm32cube.ide.mcu.externaltools.gnu-tools-for-stm32.10.3-2021.10.win32_1.0.200.202301161003/tools/bin/../lib/gcc/arm-none-eabi/10.3.1/../../../../arm-none-eabi/lib/thumb/v7e-m+fp/hard\libc_nano.a(lib_a-strncmp.o)
                0x000000000800d434                strncmp
 .text.strncpy  0x000000000800d45c       0x26 d:/programas/stm32cubeide_1.9.0/stm32cubeide/plugins/com.st.stm32cube.ide.mcu.externaltools.gnu-tools-for-stm32.10.3-2021.10.win32_1.0.200.202301161003/tools/bin/../lib/gcc/arm-none-eabi/10.3.1/../../../../arm-none-eabi/lib/thumb/v7e-m+fp/hard\libc_nano.a(lib_a-strncpy.o)
                0x000000000800d45c                strncpy
 .text.strstr   0x000000000800d482       0x2c d:/programas/stm32cubeide_1.9.0/stm32cubeide/plugins/com.st.stm32cube.ide.mcu.externaltools.gnu-tools-for-stm32.10.3-2021.10.win32_1.0.200.202301161003/tools/bin/../lib/gcc/arm-none-eabi/10.3.1/../../../../arm-none-eabi/lib/thumb/v7e-m+fp/hard\libc_nano.a(lib_a-strstr.o)
                0x000000000800d482                strstr
 *fill*         0x000000000800d4ae        0x2 
 .text.strtok   0x000000000800d4b0       0x68 d:/programas/stm32cubeide_1.9.0/stm32cubeide/plugins/com.st.stm32cube.ide.mcu.externaltools.gnu-tools-for-stm32.10.3-2021.10.win32_1.0.200.202301161003/tools/bin/../lib/gcc/arm-none-eabi/10.3.1/../../../../arm-none-eabi/lib/thumb/v7e-m+fp/hard\libc_nano.a(lib_a-strtok.o)
                0x000000000800d4b0                strtok
 .text.__strtok_r
                0x000000000800d518       0x50 d:/programas/stm32cubeide_1.9.0/stm32cubeide/plugins/com.st.stm32cube.ide.mcu.externaltools.gnu-tools-for-stm32.10.3-2021.10.win32_1.0.200.202301161003/tools/bin/../lib/gcc/arm-none-eabi/10.3.1/../../../../arm-none-eabi/lib/thumb/v7e-m+fp/hard\libc_nano.a(lib_a-strtok_r.o)
                0x000000000800d518                __strtok_r
 .text.__swbuf_r
                0x000000000800d568       0xa4 d:/programas/stm32cubeide_1.9.0/stm32cubeide/plugins/com.st.stm32cube.ide.mcu.externaltools.gnu-tools-for-stm32.10.3-2021.10.win32_1.0.200.202301161003/tools/bin/../lib/gcc/arm-none-eabi/10.3.1/../../../../arm-none-eabi/lib/thumb/v7e-m+fp/hard\libc_nano.a(lib_a-wbuf.o)
                0x000000000800d568                __swbuf_r
 .text._write_r
                0x000000000800d60c       0x24 d:/programas/stm32cubeide_1.9.0/stm32cubeide/plugins/com.st.stm32cube.ide.mcu.externaltools.gnu-tools-for-stm32.10.3-2021.10.win32_1.0.200.202301161003/tools/bin/../lib/gcc/arm-none-eabi/10.3.1/../../../../arm-none-eabi/lib/thumb/v7e-m+fp/hard\libc_nano.a(lib_a-writer.o)
                0x000000000800d60c                _write_r
 .text.__swsetup_r
                0x000000000800d630       0xdc d:/programas/stm32cubeide_1.9.0/stm32cubeide/plugins/com.st.stm32cube.ide.mcu.externaltools.gnu-tools-for-stm32.10.3-2021.10.win32_1.0.200.202301161003/tools/bin/../lib/gcc/arm-none-eabi/10.3.1/../../../../arm-none-eabi/lib/thumb/v7e-m+fp/hard\libc_nano.a(lib_a-wsetup.o)
                0x000000000800d630                __swsetup_r
 .text.__assert_func
                0x000000000800d70c       0x3c d:/programas/stm32cubeide_1.9.0/stm32cubeide/plugins/com.st.stm32cube.ide.mcu.externaltools.gnu-tools-for-stm32.10.3-2021.10.win32_1.0.200.202301161003/tools/bin/../lib/gcc/arm-none-eabi/10.3.1/../../../../arm-none-eabi/lib/thumb/v7e-m+fp/hard\libc_nano.a(lib_a-assert.o)
                0x000000000800d70c                __assert_func
 .text._close_r
                0x000000000800d748       0x20 d:/programas/stm32cubeide_1.9.0/stm32cubeide/plugins/com.st.stm32cube.ide.mcu.externaltools.gnu-tools-for-stm32.10.3-2021.10.win32_1.0.200.202301161003/tools/bin/../lib/gcc/arm-none-eabi/10.3.1/../../../../arm-none-eabi/lib/thumb/v7e-m+fp/hard\libc_nano.a(lib_a-closer.o)
                0x000000000800d748                _close_r
 .text.__sflush_r
                0x000000000800d768      0x10c d:/programas/stm32cubeide_1.9.0/stm32cubeide/plugins/com.st.stm32cube.ide.mcu.externaltools.gnu-tools-for-stm32.10.3-2021.10.win32_1.0.200.202301161003/tools/bin/../lib/gcc/arm-none-eabi/10.3.1/../../../../arm-none-eabi/lib/thumb/v7e-m+fp/hard\libc_nano.a(lib_a-fflush.o)
                0x000000000800d768                __sflush_r
 .text._fflush_r
                0x000000000800d874       0x78 d:/programas/stm32cubeide_1.9.0/stm32cubeide/plugins/com.st.stm32cube.ide.mcu.externaltools.gnu-tools-for-stm32.10.3-2021.10.win32_1.0.200.202301161003/tools/bin/../lib/gcc/arm-none-eabi/10.3.1/../../../../arm-none-eabi/lib/thumb/v7e-m+fp/hard\libc_nano.a(lib_a-fflush.o)
                0x000000000800d874                _fflush_r
 .text.fprintf  0x000000000800d8ec       0x24 d:/programas/stm32cubeide_1.9.0/stm32cubeide/plugins/com.st.stm32cube.ide.mcu.externaltools.gnu-tools-for-stm32.10.3-2021.10.win32_1.0.200.202301161003/tools/bin/../lib/gcc/arm-none-eabi/10.3.1/../../../../arm-none-eabi/lib/thumb/v7e-m+fp/hard\libc_nano.a(lib_a-fprintf.o)
                0x000000000800d8ec                fiprintf
                0x000000000800d8ec                fprintf
 .text._lseek_r
                0x000000000800d910       0x24 d:/programas/stm32cubeide_1.9.0/stm32cubeide/plugins/com.st.stm32cube.ide.mcu.externaltools.gnu-tools-for-stm32.10.3-2021.10.win32_1.0.200.202301161003/tools/bin/../lib/gcc/arm-none-eabi/10.3.1/../../../../arm-none-eabi/lib/thumb/v7e-m+fp/hard\libc_nano.a(lib_a-lseekr.o)
                0x000000000800d910                _lseek_r
 .text.__swhatbuf_r
                0x000000000800d934       0x4a d:/programas/stm32cubeide_1.9.0/stm32cubeide/plugins/com.st.stm32cube.ide.mcu.externaltools.gnu-tools-for-stm32.10.3-2021.10.win32_1.0.200.202301161003/tools/bin/../lib/gcc/arm-none-eabi/10.3.1/../../../../arm-none-eabi/lib/thumb/v7e-m+fp/hard\libc_nano.a(lib_a-makebuf.o)
                0x000000000800d934                __swhatbuf_r
 *fill*         0x000000000800d97e        0x2 
 .text.__smakebuf_r
                0x000000000800d980       0x80 d:/programas/stm32cubeide_1.9.0/stm32cubeide/plugins/com.st.stm32cube.ide.mcu.externaltools.gnu-tools-for-stm32.10.3-2021.10.win32_1.0.200.202301161003/tools/bin/../lib/gcc/arm-none-eabi/10.3.1/../../../../arm-none-eabi/lib/thumb/v7e-m+fp/hard\libc_nano.a(lib_a-makebuf.o)
                0x000000000800d980                __smakebuf_r
 .text.__malloc_lock
                0x000000000800da00        0xc d:/programas/stm32cubeide_1.9.0/stm32cubeide/plugins/com.st.stm32cube.ide.mcu.externaltools.gnu-tools-for-stm32.10.3-2021.10.win32_1.0.200.202301161003/tools/bin/../lib/gcc/arm-none-eabi/10.3.1/../../../../arm-none-eabi/lib/thumb/v7e-m+fp/hard\libc_nano.a(lib_a-mlock.o)
                0x000000000800da00                __malloc_lock
 .text.__malloc_unlock
                0x000000000800da0c        0xc d:/programas/stm32cubeide_1.9.0/stm32cubeide/plugins/com.st.stm32cube.ide.mcu.externaltools.gnu-tools-for-stm32.10.3-2021.10.win32_1.0.200.202301161003/tools/bin/../lib/gcc/arm-none-eabi/10.3.1/../../../../arm-none-eabi/lib/thumb/v7e-m+fp/hard\libc_nano.a(lib_a-mlock.o)
                0x000000000800da0c                __malloc_unlock
 .text.__ssputs_r
                0x000000000800da18       0xb6 d:/programas/stm32cubeide_1.9.0/stm32cubeide/plugins/com.st.stm32cube.ide.mcu.externaltools.gnu-tools-for-stm32.10.3-2021.10.win32_1.0.200.202301161003/tools/bin/../lib/gcc/arm-none-eabi/10.3.1/../../../../arm-none-eabi/lib/thumb/v7e-m+fp/hard\libc_nano.a(lib_a-nano-svfprintf.o)
                0x000000000800da18                __ssputs_r
 *fill*         0x000000000800dace        0x2 
 .text._svfprintf_r
                0x000000000800dad0      0x200 d:/programas/stm32cubeide_1.9.0/stm32cubeide/plugins/com.st.stm32cube.ide.mcu.externaltools.gnu-tools-for-stm32.10.3-2021.10.win32_1.0.200.202301161003/tools/bin/../lib/gcc/arm-none-eabi/10.3.1/../../../../arm-none-eabi/lib/thumb/v7e-m+fp/hard\libc_nano.a(lib_a-nano-svfprintf.o)
                0x000000000800dad0                _svfiprintf_r
                0x000000000800dad0                _svfprintf_r
 .text.__sfputc_r
                0x000000000800dcd0       0x2e d:/programas/stm32cubeide_1.9.0/stm32cubeide/plugins/com.st.stm32cube.ide.mcu.externaltools.gnu-tools-for-stm32.10.3-2021.10.win32_1.0.200.202301161003/tools/bin/../lib/gcc/arm-none-eabi/10.3.1/../../../../arm-none-eabi/lib/thumb/v7e-m+fp/hard\libc_nano.a(lib_a-nano-vfprintf.o)
 .text.__sfputs_r
                0x000000000800dcfe       0x24 d:/programas/stm32cubeide_1.9.0/stm32cubeide/plugins/com.st.stm32cube.ide.mcu.externaltools.gnu-tools-for-stm32.10.3-2021.10.win32_1.0.200.202301161003/tools/bin/../lib/gcc/arm-none-eabi/10.3.1/../../../../arm-none-eabi/lib/thumb/v7e-m+fp/hard\libc_nano.a(lib_a-nano-vfprintf.o)
                0x000000000800dcfe                __sfputs_r
 *fill*         0x000000000800dd22        0x2 
 .text._vfprintf_r
                0x000000000800dd24      0x260 d:/programas/stm32cubeide_1.9.0/stm32cubeide/plugins/com.st.stm32cube.ide.mcu.externaltools.gnu-tools-for-stm32.10.3-2021.10.win32_1.0.200.202301161003/tools/bin/../lib/gcc/arm-none-eabi/10.3.1/../../../../arm-none-eabi/lib/thumb/v7e-m+fp/hard\libc_nano.a(lib_a-nano-vfprintf.o)
                0x000000000800dd24                _vfprintf_r
                0x000000000800dd24                _vfiprintf_r
 .text._printf_common
                0x000000000800df84       0xda d:/programas/stm32cubeide_1.9.0/stm32cubeide/plugins/com.st.stm32cube.ide.mcu.externaltools.gnu-tools-for-stm32.10.3-2021.10.win32_1.0.200.202301161003/tools/bin/../lib/gcc/arm-none-eabi/10.3.1/../../../../arm-none-eabi/lib/thumb/v7e-m+fp/hard\libc_nano.a(lib_a-nano-vfprintf_i.o)
                0x000000000800df84                _printf_common
 *fill*         0x000000000800e05e        0x2 
 .text._printf_i
                0x000000000800e060      0x24c d:/programas/stm32cubeide_1.9.0/stm32cubeide/plugins/com.st.stm32cube.ide.mcu.externaltools.gnu-tools-for-stm32.10.3-2021.10.win32_1.0.200.202301161003/tools/bin/../lib/gcc/arm-none-eabi/10.3.1/../../../../arm-none-eabi/lib/thumb/v7e-m+fp/hard\libc_nano.a(lib_a-nano-vfprintf_i.o)
                0x000000000800e060                _printf_i
 .text._read_r  0x000000000800e2ac       0x24 d:/programas/stm32cubeide_1.9.0/stm32cubeide/plugins/com.st.stm32cube.ide.mcu.externaltools.gnu-tools-for-stm32.10.3-2021.10.win32_1.0.200.202301161003/tools/bin/../lib/gcc/arm-none-eabi/10.3.1/../../../../arm-none-eabi/lib/thumb/v7e-m+fp/hard\libc_nano.a(lib_a-readr.o)
                0x000000000800e2ac                _read_r
 .text.abort    0x000000000800e2d0        0xe d:/programas/stm32cubeide_1.9.0/stm32cubeide/plugins/com.st.stm32cube.ide.mcu.externaltools.gnu-tools-for-stm32.10.3-2021.10.win32_1.0.200.202301161003/tools/bin/../lib/gcc/arm-none-eabi/10.3.1/../../../../arm-none-eabi/lib/thumb/v7e-m+fp/hard\libc_nano.a(lib_a-abort.o)
                0x000000000800e2d0                abort
 *fill*         0x000000000800e2de        0x2 
 .text._fstat_r
                0x000000000800e2e0       0x24 d:/programas/stm32cubeide_1.9.0/stm32cubeide/plugins/com.st.stm32cube.ide.mcu.externaltools.gnu-tools-for-stm32.10.3-2021.10.win32_1.0.200.202301161003/tools/bin/../lib/gcc/arm-none-eabi/10.3.1/../../../../arm-none-eabi/lib/thumb/v7e-m+fp/hard\libc_nano.a(lib_a-fstatr.o)
                0x000000000800e2e0                _fstat_r
 .text._isatty_r
                0x000000000800e304       0x20 d:/programas/stm32cubeide_1.9.0/stm32cubeide/plugins/com.st.stm32cube.ide.mcu.externaltools.gnu-tools-for-stm32.10.3-2021.10.win32_1.0.200.202301161003/tools/bin/../lib/gcc/arm-none-eabi/10.3.1/../../../../arm-none-eabi/lib/thumb/v7e-m+fp/hard\libc_nano.a(lib_a-isattyr.o)
                0x000000000800e304                _isatty_r
 .text.memmove  0x000000000800e324       0x34 d:/programas/stm32cubeide_1.9.0/stm32cubeide/plugins/com.st.stm32cube.ide.mcu.externaltools.gnu-tools-for-stm32.10.3-2021.10.win32_1.0.200.202301161003/tools/bin/../lib/gcc/arm-none-eabi/10.3.1/../../../../arm-none-eabi/lib/thumb/v7e-m+fp/hard\libc_nano.a(lib_a-memmove.o)
                0x000000000800e324                memmove
 .text._realloc_r
                0x000000000800e358       0x5e d:/programas/stm32cubeide_1.9.0/stm32cubeide/plugins/com.st.stm32cube.ide.mcu.externaltools.gnu-tools-for-stm32.10.3-2021.10.win32_1.0.200.202301161003/tools/bin/../lib/gcc/arm-none-eabi/10.3.1/../../../../arm-none-eabi/lib/thumb/v7e-m+fp/hard\libc_nano.a(lib_a-nano-reallocr.o)
                0x000000000800e358                _realloc_r
 .text._raise_r
                0x000000000800e3b6       0x50 d:/programas/stm32cubeide_1.9.0/stm32cubeide/plugins/com.st.stm32cube.ide.mcu.externaltools.gnu-tools-for-stm32.10.3-2021.10.win32_1.0.200.202301161003/tools/bin/../lib/gcc/arm-none-eabi/10.3.1/../../../../arm-none-eabi/lib/thumb/v7e-m+fp/hard\libc_nano.a(lib_a-signal.o)
                0x000000000800e3b6                _raise_r
 *fill*         0x000000000800e406        0x2 
 .text.raise    0x000000000800e408       0x10 d:/programas/stm32cubeide_1.9.0/stm32cubeide/plugins/com.st.stm32cube.ide.mcu.externaltools.gnu-tools-for-stm32.10.3-2021.10.win32_1.0.200.202301161003/tools/bin/../lib/gcc/arm-none-eabi/10.3.1/../../../../arm-none-eabi/lib/thumb/v7e-m+fp/hard\libc_nano.a(lib_a-signal.o)
                0x000000000800e408                raise
 .text._kill_r  0x000000000800e418       0x24 d:/programas/stm32cubeide_1.9.0/stm32cubeide/plugins/com.st.stm32cube.ide.mcu.externaltools.gnu-tools-for-stm32.10.3-2021.10.win32_1.0.200.202301161003/tools/bin/../lib/gcc/arm-none-eabi/10.3.1/../../../../arm-none-eabi/lib/thumb/v7e-m+fp/hard\libc_nano.a(lib_a-signalr.o)
                0x000000000800e418                _kill_r
 .text._getpid_r
                0x000000000800e43c        0x4 d:/programas/stm32cubeide_1.9.0/stm32cubeide/plugins/com.st.stm32cube.ide.mcu.externaltools.gnu-tools-for-stm32.10.3-2021.10.win32_1.0.200.202301161003/tools/bin/../lib/gcc/arm-none-eabi/10.3.1/../../../../arm-none-eabi/lib/thumb/v7e-m+fp/hard\libc_nano.a(lib_a-signalr.o)
                0x000000000800e43c                _getpid_r
 .text._malloc_usable_size_r