Archive member included to satisfy reference by file (symbol)

d:/programas/stm32cubeide_1.9.0/stm32cubeide/plugins/com.st.stm32cube.ide.mcu.externaltools.gnu-tools-for-stm32.10.3-2021.10.win32_1.0.200.202301161003/tools/bin/../lib/gcc/arm-none-eabi/10.3.1/../../../../arm-none-eabi/lib/thumb/v7e-m+fp/hard\libc_nano.a(lib_a-errno.o)
                              ./Core/Src/syscalls.o (__errno)
d:/programas/stm32cubeide_1.9.0/stm32cubeide/plugins/com.st.stm32cube.ide.mcu.externaltools.gnu-tools-for-stm32.10.3-2021.10.win32_1.0.200.202301161003/tools/bin/../lib/gcc/arm-none-eabi/10.3.1/../../../../arm-none-eabi/lib/thumb/v7e-m+fp/hard\libc_nano.a(lib_a-exit.o)
                              d:/programas/stm32cubeide_1.9.0/stm32cubeide/plugins/com.st.stm32cube.ide.mcu.externaltools.gnu-tools-for-stm32.10.3-2021.10.win32_1.0.200.202301161003/tools/bin/../lib/gcc/arm-none-eabi/10.3.1/../../../../arm-none-eabi/lib/thumb/v7e-m+fp/hard/crt0.o (exit)
d:/programas/stm32cubeide_1.9.0/stm32cubeide/plugins/com.st.stm32cube.ide.mcu.externaltools.gnu-tools-for-stm32.10.3-2021.10.win32_1.0.200.202301161003/tools/bin/../lib/gcc/arm-none-eabi/10.3.1/../../../../arm-none-eabi/lib/thumb/v7e-m+fp/hard\libc_nano.a(lib_a-findfp.o)
                              ./Middlewares/Third_Party/FreeRTOS/Source/tasks.o (__sf_fake_stderr)
d:/programas/stm32cubeide_1.9.0/stm32cubeide/plugins/com.st.stm32cube.ide.mcu.externaltools.gnu-tools-for-stm32.10.3-2021.10.win32_1.0.200.202301161003/tools/bin/../lib/gcc/arm-none-eabi/10.3.1/../../../../arm-none-eabi/lib/thumb/v7e-m+fp/hard\libc_nano.a(lib_a-fwalk.o)
                              d:/programas/stm32cubeide_1.9.0/stm32cubeide/plugins/com.st.stm32cube.ide.mcu.externaltools.gnu-tools-for-stm32.10.3-2021.10.win32_1.0.200.202301161003/tools/bin/../lib/gcc/arm-none-eabi/10.3.1/../../../../arm-none-eabi/lib/thumb/v7e-m+fp/hard\libc_nano.a(lib_a-findfp.o) (_fwalk)
d:/programas/stm32cubeide_1.9.0/stm32cubeide/plugins/com.st.stm32cube.ide.mcu.externaltools.gnu-tools-for-stm32.10.3-2021.10.win32_1.0.200.202301161003/tools/bin/../lib/gcc/arm-none-eabi/10.3.1/../../../../arm-none-eabi/lib/thumb/v7e-m+fp/hard\libc_nano.a(lib_a-impure.o)
                              d:/programas/stm32cubeide_1.9.0/stm32cubeide/plugins/com.st.stm32cube.ide.mcu.externaltools.gnu-tools-for-stm32.10.3-2021.10.win32_1.0.200.202301161003/tools/bin/../lib/gcc/arm-none-eabi/10.3.1/../../../../arm-none-eabi/lib/thumb/v7e-m+fp/hard\libc_nano.a(lib_a-exit.o) (_global_impure_ptr)
d:/programas/stm32cubeide_1.9.0/stm32cubeide/plugins/com.st.stm32cube.ide.mcu.externaltools.gnu-tools-for-stm32.10.3-2021.10.win32_1.0.200.202301161003/tools/bin/../lib/gcc/arm-none-eabi/10.3.1/../../../../arm-none-eabi/lib/thumb/v7e-m+fp/hard\libc_nano.a(lib_a-init.o)
                              d:/programas/stm32cubeide_1.9.0/stm32cubeide/plugins/com.st.stm32cube.ide.mcu.externaltools.gnu-tools-for-stm32.10.3-2021.10.win32_1.0.200.202301161003/tools/bin/../lib/gcc/arm-none-eabi/10.3.1/../../../../arm-none-eabi/lib/thumb/v7e-m+fp/hard/crt0.o (__libc_init_array)
d:/programas/stm32cubeide_1.9.0/stm32cubeide/plugins/com.st.stm32cube.ide.mcu.externaltools.gnu-tools-for-stm32.10.3-2021.10.win32_1.0.200.202301161003/tools/bin/../lib/gcc/arm-none-eabi/10.3.1/../../../../arm-none-eabi/lib/thumb/v7e-m+fp/hard\libc_nano.a(lib_a-lock.o)
                              d:/programas/stm32cubeide_1.9.0/stm32cubeide/plugins/com.st.stm32cube.ide.mcu.externaltools.gnu-tools-for-stm32.10.3-2021.10.win32_1.0.200.202301161003/tools/bin/../lib/gcc/arm-none-eabi/10.3.1/../../../../arm-none-eabi/lib/thumb/v7e-m+fp/hard\libc_nano.a(lib_a-findfp.o) (__retarget_lock_init_recursive)
d:/programas/stm32cubeide_1.9.0/stm32cubeide/plugins/com.st.stm32cube.ide.mcu.externaltools.gnu-tools-for-stm32.10.3-2021.10.win32_1.0.200.202301161003/tools/bin/../lib/gcc/arm-none-eabi/10.3.1/../../../../arm-none-eabi/lib/thumb/v7e-m+fp/hard\libc_nano.a(lib_a-malloc.o)
                              ./Core/Src/HAL_Instructions.o (malloc)
d:/programas/stm32cubeide_1.9.0/stm32cubeide/plugins/com.st.stm32cube.ide.mcu.externaltools.gnu-tools-for-stm32.10.3-2021.10.win32_1.0.200.202301161003/tools/bin/../lib/gcc/arm-none-eabi/10.3.1/../../../../arm-none-eabi/lib/thumb/v7e-m+fp/hard\libc_nano.a(lib_a-memcmp.o)
                              ./LibWIFI/Src/es_wifi.o (memcmp)
d:/programas/stm32cubeide_1.9.0/stm32cubeide/plugins/com.st.stm32cube.ide.mcu.externaltools.gnu-tools-for-stm32.10.3-2021.10.win32_1.0.200.202301161003/tools/bin/../lib/gcc/arm-none-eabi/10.3.1/../../../../arm-none-eabi/lib/thumb/v7e-m+fp/hard\libc_nano.a(lib_a-memcpy-stub.o)
                              ./Core/Src/web_server.o (memcpy)
d:/programas/stm32cubeide_1.9.0/stm32cubeide/plugins/com.st.stm32cube.ide.mcu.externaltools.gnu-tools-for-stm32.10.3-2021.10.win32_1.0.200.202301161003/tools/bin/../lib/gcc/arm-none-eabi/10.3.1/../../../../arm-none-eabi/lib/thumb/v7e-m+fp/hard\libc_nano.a(lib_a-memset.o)
[...]
Memory Configuration

Name             Origin             Length             Attributes
RAM              0x0000000020000000 0x0000000000018000 xrw
RAM2             0x0000000010000000 0x0000000000008000 xrw
FLASH            0x0000000008000000 0x0000000000100000 xr
*default*        0x0000000000000000 0xffffffffffffffff

Linker script and memory map

LOAD d:/programas/stm32cubeide_1.9.0/stm32cubeide/plugins/com.st.stm32cube.ide.mcu.externaltools.gnu-tools-for-stm32.10.3-2021.10.win32_1.0.200.202301161003/tools/bin/../lib/gcc/arm-none-eabi/10.3.1/thumb/v7e-m+fp/hard/crti.o
LOAD d:/programas/stm32cubeide_1.9.0/stm32cubeide/plugins/com.st.stm32cube.ide.mcu.externaltools.gnu-tools-for-stm32.10.3-2021.10.win32_1.0.200.202301161003/tools/bin/../lib/gcc/arm-none-eabi/10.3.1/thumb/v7e-m+fp/hard/crtbegin.o
LOAD d:/programas/stm32cubeide_1.9.0/stm32cubeide/plugins/com.st.stm32cube.ide.mcu.externaltools.gnu-tools-for-stm32.10.3-2021.10.win32_1.0.200.202301161003/tools/bin/../lib/gcc/arm-none-eabi/10.3.1/../../../../arm-none-eabi/lib/thumb/v7e-m+fp/hard/crt0.o
LOAD ./Core/Src/HAL_Instructions.o
LOAD ./Core/Src/SerialTask.o
LOAD ./Core/Src/freertos.o
LOAD ./Core/Src/generalTypes.o
LOAD ./Core/Src/main.o
LOAD ./Core/Src/stm32l4xx_hal_msp.o
LOAD ./Core/Src/stm32l4xx_hal_timebase_tim.o
LOAD ./Core/Src/stm32l4xx_it.o
LOAD ./Core/Src/syscalls.o
LOAD ./Core/Src/sysmem.o
LOAD ./Core/Src/system_stm32l4xx.o
LOAD ./Core/Src/web_server.o
LOAD ./Core/Startup/startup_stm32l475vgtx.o
LOAD ./Drivers/STM32L4xx_HAL_Driver/Src/stm32l4xx_hal.o
LOAD ./Drivers/STM32L4xx_HAL_Driver/Src/stm32l4xx_hal_cortex.o
LOAD ./Drivers/STM32L4xx_HAL_Driver/Src/stm32l4xx_hal_dfsdm.o
LOAD ./Drivers/STM32L4xx_HAL_Driver/Src/stm32l4xx_hal_dma.o
LOAD ./Drivers/STM32L4xx_HAL_Driver/Src/stm32l4xx_hal_dma_ex.o
LOAD ./Drivers/STM32L4xx_HAL_Driver/Src/stm32l4xx_hal_exti.o
LOAD ./Drivers/STM32L4xx_HAL_Driver/Src/stm32l4xx_hal_flash.o
LOAD ./Drivers/STM32L4xx_HAL_Driver/Src/stm32l4xx_hal_flash_ex.o
LOAD ./Drivers/STM32L4xx_HAL_Driver/Src/stm32l4xx_hal_flash_ramfunc.o
LOAD ./Drivers/STM32L4xx_HAL_Driver/Src/stm32l4xx_hal_gpio.o
LOAD ./Drivers/STM32L4xx_HAL_Driver/Src/stm32l4xx_hal_i2c.o
LOAD ./Drivers/STM32L4xx_HAL_Driver/Src/stm32l4xx_hal_i2c_ex.o
LOAD ./Drivers/STM32L4xx_HAL_Driver/Src/stm32l4xx_hal_pcd.o
LOAD ./Drivers/STM32L4xx_HAL_Driver/Src/stm32l4xx_hal_pcd_ex.o
LOAD ./Drivers/STM32L4xx_HAL_Driver/Src/stm32l4xx_hal_pwr.o
LOAD ./Drivers/STM32L4xx_HAL_Driver/Src/stm32l4xx_hal_pwr_ex.o
LOAD ./Drivers/STM32L4xx_HAL_Driver/Src/stm32l4xx_hal_qspi.o
LOAD ./Drivers/STM32L4xx_HAL_Driver/Src/stm32l4xx_hal_rcc.o
LOAD ./Drivers/STM32L4xx_HAL_Driver/Src/stm32l4xx_hal_rcc_ex.o
LOAD ./Drivers/STM32L4xx_HAL_Driver/Src/stm32l4xx_hal_spi.o
LOAD ./Drivers/STM32L4xx_HAL_Driver/Src/stm32l4xx_hal_spi_ex.o
LOAD ./Drivers/STM32L4xx_HAL_Driver/Src/stm32l4xx_hal_tim.o
LOAD ./Drivers/STM32L4xx_HAL_Driver/Src/stm32l4xx_hal_tim_ex.o
LOAD ./Drivers/STM32L4xx_HAL_Driver/Src/stm32l4xx_hal_uart.o
LOAD ./Drivers/STM32L4xx_HAL_Driver/Src/stm32l4xx_hal_uart_ex.o
LOAD ./Drivers/STM32L4xx_HAL_Driver/Src/stm32l4xx_ll_usb.o
LOAD ./LibWIFI/Src/es_wifi.o
LOAD ./LibWIFI/Src/es_wifi_io.o
LOAD ./LibWIFI/Src/wifi.o
LOAD ./Middlewares/Third_Party/FreeRTOS/Source/CMSIS_RTOS_V2/cmsis_os2.o
LOAD ./Middlewares/Third_Party/FreeRTOS/Source/croutine.o
LOAD ./Middlewares/Third_Party/FreeRTOS/Source/event_groups.o
LOAD ./Middlewares/Third_Party/FreeRTOS/Source/list.o
LOAD ./Middlewares/Third_Party/FreeRTOS/Source/queue.o
LOAD ./Middlewares/Third_Party/FreeRTOS/Source/stream_buffer.o
LOAD ./Middlewares/Third_Party/FreeRTOS/Source/tasks.o
LOAD ./Middlewares/Third_Party/FreeRTOS/Source/timers.o
LOAD ./Middlewares/Third_Party/FreeRTOS/Source/portable/GCC/ARM_CM4F/port.o
LOAD ./Middlewares/Third_Party/FreeRTOS/Source/portable/MemMang/heap_4.o
START GROUP
LOAD d:/programas/stm32cubeide_1.9.0/stm32cubeide/plugins/com.st.stm32cube.ide.mcu.externaltools.gnu-tools-for-stm32.10.3-2021.10.win32_1.0.200.202301161003/tools/bin/../lib/gcc/arm-none-eabi/10.3.1/../../../../arm-none-eabi/lib/thumb/v7e-m+fp/hard\libc_nano.a
LOAD d:/programas/stm32cubeide_1.9.0/stm32cubeide/plugins/com.st.stm32cube.ide.mcu.externaltools.gnu-tools-for-stm32.10.3-2021.10.win32_1.0.200.202301161003/tools/bin/../lib/gcc/arm-none-eabi/10.3.1/../../../../arm-none-eabi/lib/thumb/v7e-m+fp/hard\libm.a
END GROUP
START GROUP
LOAD d:/programas/stm32cubeide_1.9.0/stm32cubeide/plugins/com.st.stm32cube.ide.mcu.externaltools.gnu-tools-for-stm32.10.3-2021.10.win32_1.0.200.202301161003/tools/bin/../lib/gcc/arm-none-eabi/10.3.1/thumb/v7e-m+fp/hard\libgcc.a
LOAD d:/programas/stm32cubeide_1.9.0/stm32cubeide/plugins/com.st.stm32cube.ide.mcu.externaltools.gnu-tools-for-stm32.10.3-2021.10.win32_1.0.200.202301161003/tools/bin/../lib/gcc/arm-none-eabi/10.3.1/../../../../arm-none-eabi/lib/thumb/v7e-m+fp/hard\libc_nano.a
END GROUP
START GROUP
LOAD d:/programas/stm32cubeide_1.9.0/stm32cubeide/plugins/com.st.stm32cube.ide.mcu.externaltools.gnu-tools-for-stm32.10.3-2021.10.win32_1.0.200.202301161003/tools/bin/../lib/gcc/arm-none-eabi/10.3.1/thumb/v7e-m+fp/hard\libgcc.a
LOAD d:/programas/stm32cubeide_1.9.0/stm32cubeide/plugins/com.st.stm32cube.ide.mcu.externaltools.gnu-tools-for-stm32.10.3-2021.10.win32_1.0.200.202301161003/tools/bin/../lib/gcc/arm-none-eabi/10.3.1/../../../../arm-none-eabi/lib/thumb/v7e-m+fp/hard\libc_nano.a
LOAD d:/programas/stm32cubeide_1.9.0/stm32cubeide/plugins/com.st.stm32cube.ide.mcu.externaltools.gnu-tools-for-stm32.10.3-2021.10.win32_1.0.200.202301161003/tools/bin/../lib/gcc/arm-none-eabi/10.3.1/../../../../arm-none-eabi/lib/thumb/v7e-m+fp/hard\libnosys.a
END GROUP
START GROUP
LOAD d:/programas/stm32cubeide_1.9.0/stm32cubeide/plugins/com.st.stm32cube.ide.mcu.externaltools.gnu-tools-for-stm32.10.3-2021.10.win32_1.0.200.202301161003/tools/bin/../lib/gcc/arm-none-eabi/10.3.1/thumb/v7e-m+fp/hard\libgcc.a
LOAD d:/programas/stm32cubeide_1.9.0/stm32cubeide/plugins/com.st.stm32cube.ide.mcu.externaltools.gnu-tools-for-stm32.10.3-2021.10.win32_1.0.200.202301161003/tools/bin/../lib/gcc/arm-none-eabi/10.3.1/../../../../arm-none-eabi/lib/thumb/v7e-m+fp/hard\libc_nano.a
LOAD d:/programas/stm32cubeide_1.9.0/stm32cubeide/plugins/com.st.stm32cube.ide.mcu.externaltools.gnu-tools-for-stm32.10.3-2021.10.win32_1.0.200.202301161003/tools/bin/../lib/gcc/arm-none-eabi/10.3.1/../../../../arm-none-eabi/lib/thumb/v7e-m+fp/hard\libnosys.a
END GROUP
LOAD d:/programas/stm32cubeide_1.9.0/stm32cubeide/plugins/com.st.stm32cube.ide.mcu.externaltools.gnu-tools-for-stm32.10.3-2021.10.win32_1.0.200.202301161003/tools/bin/../lib/gcc/arm-none-eabi/10.3.1/thumb/v7e-m+fp/hard/crtend.o
LOAD d:/programas/stm32cubeide_1.9.0/stm32cubeide/plugins/com.st.stm32cube.ide.mcu.externaltools.gnu-tools-for-stm32.10.3-2021.10.win32_1.0.200.202301161003/tools/bin/../lib/gcc/arm-none-eabi/10.3.1/thumb/v7e-m+fp/hard/crtn.o
                0x0000000020018000                _estack = (ORIGIN (RAM) + LENGTH (RAM))
                0x0000000000000200                _Min_Heap_Size = 0x200
                0x0000000000000400                _Min_Stack_Size = 0x400

.isr_vector     0x0000000008000000      0x188
                0x0000000008000000                . = ALIGN (0x4)
 *(.isr_vector)
 .isr_vector    0x0000000008000000      0x188 ./Core/Startup/startup_stm32l475vgtx.o
                0x0000000008000000                g_pfnVectors
                0x0000000008000188                . = ALIGN (0x4)

.text           0x0000000008000190     0xd998
                0x0000000008000190                . = ALIGN (0x4)
 *(.text)
 .text          0x0000000008000190       0x40 d:/programas/stm32cubeide_1.9.0/stm32cubeide/plugins/com.st.stm32cube.ide.mcu.externaltools.gnu-tools-for-stm32.10.3-2021.10.win32_1.0.200.202301161003/tools/bin/../lib/gcc/arm-none-eabi/10.3.1/thumb/v7e-m+fp/hard/crtbegin.o
 .text          0x00000000080001d0       0x10 d:/programas/stm32cubeide_1.9.0/stm32cubeide/plugins/com.st.stm32cube.ide.mcu.externaltools.gnu-tools-for-stm32.10.3-2021.10.win32_1.0.200.202301161003/tools/bin/../lib/gcc/arm-none-eabi/10.3.1/../../../../arm-none-eabi/lib/thumb/v7e-m+fp/hard\libc_nano.a(lib_a-strlen.o)
                0x00000000080001d0                strlen
 .text          0x00000000080001e0       0xa0 d:/programas/stm32cubeide_1.9.0/stm32cubeide/plugins/com.st.stm32cube.ide.mcu.externaltools.gnu-tools-for-stm32.10.3-2021.10.win32_1.0.200.202301161003/tools/bin/../lib/gcc/arm-none-eabi/10.3.1/../../../../arm-none-eabi/lib/thumb/v7e-m+fp/hard\libc_nano.a(lib_a-memchr.o)
                0x00000000080001e0                memchr
 .text          0x0000000008000280       0x30 d:/programas/stm32cubeide_1.9.0/stm32cubeide/plugins/com.st.stm32cube.ide.mcu.externaltools.gnu-tools-for-stm32.10.3-2021.10.win32_1.0.200.202301161003/tools/bin/../lib/gcc/arm-none-eabi/10.3.1/thumb/v7e-m+fp/hard\libgcc.a(_aeabi_uldivmod.o)
                0x0000000008000280                __aeabi_uldivmod
 .text          0x00000000080002b0      0x2d0 d:/programas/stm32cubeide_1.9.0/stm32cubeide/plugins/com.st.stm32cube.ide.mcu.externaltools.gnu-tools-for-stm32.10.3-2021.10.win32_1.0.200.202301161003/tools/bin/../lib/gcc/arm-none-eabi/10.3.1/thumb/v7e-m+fp/hard\libgcc.a(_udivmoddi4.o)
                0x00000000080002b0                __udivmoddi4
 .text          0x0000000008000580        0x4 d:/programas/stm32cubeide_1.9.0/stm32cubeide/plugins/com.st.stm32cube.ide.mcu.externaltools.gnu-tools-for-stm32.10.3-2021.10.win32_1.0.200.202301161003/tools/bin/../lib/gcc/arm-none-eabi/10.3.1/thumb/v7e-m+fp/hard\libgcc.a(_dvmd_tls.o)
                0x0000000008000580                __aeabi_idiv0
                0x0000000008000580                __aeabi_ldiv0
 *(.text*)
 .text.S_SendInstructionStruct
                0x0000000008000584       0x54 ./Core/Src/HAL_Instructions.o
                0x0000000008000584                S_SendInstructionStruct
 .text.S_PrintOnSerial
                0x00000000080005d8       0x4c ./Core/Src/HAL_Instructions.o
                0x00000000080005d8                S_PrintOnSerial
 .text.__io_putchar
                0x0000000008000624       0x44 ./Core/Src/SerialTask.o
                0x0000000008000624                __io_putchar
 .text.serialRxTask
                0x0000000008000668       0x7c ./Core/Src/SerialTask.o
                0x0000000008000668                serialRxTask
 .text.serialTxTask
                0x00000000080006e4       0x30 ./Core/Src/SerialTask.o
                0x00000000080006e4                serialTxTask
 .text.WebServerTask
                0x0000000008000714       0x30 ./Core/Src/SerialTask.o
                0x0000000008000714                WebServerTask
 .text.CreateSerialObjects
                0x0000000008000744       0x1c ./Core/Src/SerialTask.o
                0x0000000008000744                CreateSerialObjects
 .text.CreateSerialTask
                0x0000000008000760       0x68 ./Core/Src/SerialTask.o
                0x0000000008000760                CreateSerialTask
 .text.I_MovementInstruction_toString
                0x00000000080007c8       0x3c ./Core/Src/generalTypes.o
                0x00000000080007c8                I_MovementInstruction_toString
 .text.I_CreateInstructionStruct
                0x0000000008000804       0x50 ./Core/Src/generalTypes.o
                0x0000000008000804                I_CreateInstructionStruct
 .text.main     0x0000000008000854       0xc4 ./Core/Src/main.o
                0x0000000008000854                main
 .text.SystemClock_Config
                0x0000000008000918       0xc4 ./Core/Src/main.o
                0x0000000008000918                SystemClock_Config
 .text.MX_DFSDM1_Init
                0x00000000080009dc       0x70 ./Core/Src/main.o
 .text.MX_I2C2_Init
                0x0000000008000a4c       0x80 ./Core/Src/main.o
 .text.MX_QUADSPI_Init
                0x0000000008000acc       0x4c ./Core/Src/main.o
 .text.MX_SPI3_Init
                0x0000000008000b18       0x7c ./Core/Src/main.o
 .text.MX_UART4_Init
                0x0000000008000b94       0x60 ./Core/Src/main.o
 .text.MX_USART1_UART_Init
                0x0000000008000bf4       0x60 ./Core/Src/main.o
 .text.MX_USB_OTG_FS_PCD_Init
                0x0000000008000c54       0x5c ./Core/Src/main.o
 .text.MX_GPIO_Init
                0x0000000008000cb0      0x344 ./Core/Src/main.o
 .text.HAL_TIM_PeriodElapsedCallback
                0x0000000008000ff4       0x24 ./Core/Src/main.o
                0x0000000008000ff4                HAL_TIM_PeriodElapsedCallback
 .text.Error_Handler
                0x0000000008001018        0xa ./Core/Src/main.o
                0x0000000008001018                Error_Handler
 *fill*         0x0000000008001022        0x2 
 .text.HAL_MspInit
                0x0000000008001024       0x50 ./Core/Src/stm32l4xx_hal_msp.o
                0x0000000008001024                HAL_MspInit
 .text.HAL_DFSDM_ChannelMspInit
                0x0000000008001074       0xc8 ./Core/Src/stm32l4xx_hal_msp.o
                0x0000000008001074                HAL_DFSDM_ChannelMspInit
 .text.HAL_I2C_MspInit
                0x000000000800113c       0xbc ./Core/Src/stm32l4xx_hal_msp.o
                0x000000000800113c                HAL_I2C_MspInit
 .text.HAL_QSPI_MspInit
                0x00000000080011f8       0x88 ./Core/Src/stm32l4xx_hal_msp.o
                0x00000000080011f8                HAL_QSPI_MspInit
 .text.HAL_SPI_MspInit
                0x0000000008001280       0x88 ./Core/Src/stm32l4xx_hal_msp.o
                0x0000000008001280                HAL_SPI_MspInit
 .text.HAL_SPI_MspDeInit
                0x0000000008001308       0x3c ./Core/Src/stm32l4xx_hal_msp.o
                0x0000000008001308                HAL_SPI_MspDeInit
 .text.HAL_UART_MspInit
                0x0000000008001344      0x164 ./Core/Src/stm32l4xx_hal_msp.o
                0x0000000008001344                HAL_UART_MspInit
 .text.HAL_PCD_MspInit
                0x00000000080014a8      0x138 ./Core/Src/stm32l4xx_hal_msp.o
                0x00000000080014a8                HAL_PCD_MspInit
 .text.HAL_InitTick
                0x00000000080015e0       0xf4 ./Core/Src/stm32l4xx_hal_timebase_tim.o
                0x00000000080015e0                HAL_InitTick
 .text.NMI_Handler
                0x00000000080016d4        0x6 ./Core/Src/stm32l4xx_it.o
                0x00000000080016d4                NMI_Handler
 .text.HardFault_Handler
                0x00000000080016da        0x6 ./Core/Src/stm32l4xx_it.o
                0x00000000080016da                HardFault_Handler
 .text.MemManage_Handler
                0x00000000080016e0        0x6 ./Core/Src/stm32l4xx_it.o
                0x00000000080016e0                MemManage_Handler
 .text.BusFault_Handler
                0x00000000080016e6        0x6 ./Core/Src/stm32l4xx_it.o
                0x00000000080016e6                BusFault_Handler
 .text.UsageFault_Handler
                0x00000000080016ec        0x6 ./Core/Src/stm32l4xx_it.o
                0x00000000080016ec                UsageFault_Handler
 .text.DebugMon_Handler
                0x00000000080016f2        0xe ./Core/Src/stm32l4xx_it.o
                0x00000000080016f2                DebugMon_Handler
 .text.EXTI9_5_IRQHandler
                0x0000000008001700       0x22 ./Core/Src/stm32l4xx_it.o
                0x0000000008001700                EXTI9_5_IRQHandler
 *fill*         0x0000000008001722        0x2 
 .text.TIM4_IRQHandler
                0x0000000008001724       0x14 ./Core/Src/stm32l4xx_it.o
                0x0000000008001724                TIM4_IRQHandler
 .text.USART1_IRQHandler
                0x0000000008001738       0x14 ./Core/Src/stm32l4xx_it.o
                0x0000000008001738                USART1_IRQHandler
 .text.EXTI15_10_IRQHandler
                0x000000000800174c       0x30 ./Core/Src/stm32l4xx_it.o
                0x000000000800174c                EXTI15_10_IRQHandler
 .text.UART4_IRQHandler
                0x000000000800177c       0x14 ./Core/Src/stm32l4xx_it.o
                0x000000000800177c                UART4_IRQHandler
 .text._getpid  0x0000000008001790       0x10 ./Core/Src/syscalls.o
                0x0000000008001790                _getpid
 .text._kill    0x00000000080017a0       0x20 ./Core/Src/syscalls.o
                0x00000000080017a0                _kill
 .text._exit    0x00000000080017c0       0x14 ./Core/Src/syscalls.o
                0x00000000080017c0                _exit
 .text._read    0x00000000080017d4       0x3a ./Core/Src/syscalls.o
                0x00000000080017d4                _read
 .text._write   0x000000000800180e       0x38 ./Core/Src/syscalls.o
                0x000000000800180e                _write
 .text._close   0x0000000008001846       0x18 ./Core/Src/syscalls.o
                0x0000000008001846                _close
 .text._fstat   0x000000000800185e       0x20 ./Core/Src/syscalls.o
                0x000000000800185e                _fstat
 .text._isatty  0x000000000800187e       0x16 ./Core/Src/syscalls.o
                0x000000000800187e                _isatty
 .text._lseek   0x0000000008001894       0x1a ./Core/Src/syscalls.o
                0x0000000008001894                _lseek
 *fill*         0x00000000080018ae        0x2 
 .text._sbrk    0x00000000080018b0       0x6c ./Core/Src/sysmem.o
                0x00000000080018b0                _sbrk
 .text.SystemInit
                0x000000000800191c       0x24 ./Core/Src/system_stm32l4xx.o
                0x000000000800191c                SystemInit
 .text.RequestJSONProcess
                0x0000000008001940       0x64 ./Core/Src/web_server.o
                0x0000000008001940                RequestJSONProcess
 .text.RequestJSON
                0x00000000080019a4      0x1cc ./Core/Src/web_server.o
 .text.EXTI1_IRQHandler
                0x0000000008001b70        0xe ./Core/Src/web_server.o
                0x0000000008001b70                EXTI1_IRQHandler
 .text.HAL_GPIO_EXTI_Callback
                0x0000000008001b7e       0x20 ./Core/Src/web_server.o
                0x0000000008001b7e                HAL_GPIO_EXTI_Callback
 *fill*         0x0000000008001b9e        0x2 
 .text.SPI3_IRQHandler
                0x0000000008001ba0       0x14 ./Core/Src/web_server.o
                0x0000000008001ba0                SPI3_IRQHandler
 .text.Reset_Handler
                0x0000000008001bb4       0x50 ./Core/Startup/startup_stm32l475vgtx.o
                0x0000000008001bb4                Reset_Handler
 .text.Default_Handler
                0x0000000008001c04        0x2 ./Core/Startup/startup_stm32l475vgtx.o
                0x0000000008001c04                RTC_Alarm_IRQHandler
                0x0000000008001c04                EXTI2_IRQHandler
                0x0000000008001c04                TIM8_TRG_COM_IRQHandler
                0x0000000008001c04                TIM8_CC_IRQHandler
                0x0000000008001c04                TIM1_CC_IRQHandler
                0x0000000008001c04                TSC_IRQHandler
                0x0000000008001c04                TAMP_STAMP_IRQHandler
                0x0000000008001c04                EXTI3_IRQHandler
                0x0000000008001c04                LPTIM2_IRQHandler
                0x0000000008001c04                DFSDM1_FLT1_IRQHandler
                0x0000000008001c04                I2C3_ER_IRQHandler
                0x0000000008001c04                DFSDM1_FLT2_IRQHandler
                0x0000000008001c04                EXTI0_IRQHandler
                0x0000000008001c04                I2C2_EV_IRQHandler
                0x0000000008001c04                CAN1_RX0_IRQHandler
                0x0000000008001c04                FPU_IRQHandler
                0x0000000008001c04                TIM1_UP_TIM16_IRQHandler
                0x0000000008001c04                ADC1_2_IRQHandler
                0x0000000008001c04                SPI1_IRQHandler
                0x0000000008001c04                TIM6_DAC_IRQHandler
                0x0000000008001c04                TIM8_UP_IRQHandler
                0x0000000008001c04                DMA2_Channel2_IRQHandler
                0x0000000008001c04                DMA1_Channel4_IRQHandler
                0x0000000008001c04                SAI2_IRQHandler
                0x0000000008001c04                DFSDM1_FLT3_IRQHandler
                0x0000000008001c04                USART3_IRQHandler
                0x0000000008001c04                DMA1_Channel7_IRQHandler
                0x0000000008001c04                CAN1_RX1_IRQHandler
                0x0000000008001c04                UART5_IRQHandler
                0x0000000008001c04                ADC3_IRQHandler
                0x0000000008001c04                DMA2_Channel1_IRQHandler
                0x0000000008001c04                QUADSPI_IRQHandler
                0x0000000008001c04                I2C1_EV_IRQHandler
                0x0000000008001c04                DMA1_Channel6_IRQHandler
                0x0000000008001c04                DMA2_Channel4_IRQHandler
                0x0000000008001c04                TIM3_IRQHandler
                0x0000000008001c04                RCC_IRQHandler
                0x0000000008001c04                DMA1_Channel1_IRQHandler
                0x0000000008001c04                Default_Handler
                0x0000000008001c04                DMA2_Channel7_IRQHandler
                0x0000000008001c04                TIM7_IRQHandler
                0x0000000008001c04                SDMMC1_IRQHandler
                0x0000000008001c04                TIM5_IRQHandler
                0x0000000008001c04                I2C3_EV_IRQHandler
                0x0000000008001c04                RTC_WKUP_IRQHandler
                0x0000000008001c04                PVD_PVM_IRQHandler
                0x0000000008001c04                SPI2_IRQHandler
                0x0000000008001c04                CAN1_TX_IRQHandler
                0x0000000008001c04                DMA2_Channel5_IRQHandler
                0x0000000008001c04                DMA1_Channel5_IRQHandler
                0x0000000008001c04                EXTI4_IRQHandler
                0x0000000008001c04                RNG_IRQHandler
                0x0000000008001c04                TIM1_TRG_COM_TIM17_IRQHandler
                0x0000000008001c04                DMA1_Channel3_IRQHandler
                0x0000000008001c04                COMP_IRQHandler
                0x0000000008001c04                WWDG_IRQHandler
                0x0000000008001c04                LPUART1_IRQHandler
                0x0000000008001c04                DMA2_Channel6_IRQHandler
                0x0000000008001c04                TIM2_IRQHandler
                0x0000000008001c04                USART2_IRQHandler
                0x0000000008001c04                DFSDM1_FLT0_IRQHandler
                0x0000000008001c04                I2C2_ER_IRQHandler
                0x0000000008001c04                DMA1_Channel2_IRQHandler
                0x0000000008001c04                TIM8_BRK_IRQHandler
                0x0000000008001c04                CAN1_SCE_IRQHandler
                0x0000000008001c04                FLASH_IRQHandler
                0x0000000008001c04                OTG_FS_IRQHandler
                0x0000000008001c04                I2C1_ER_IRQHandler
                0x0000000008001c04                FMC_IRQHandler
                0x0000000008001c04                SWPMI1_IRQHandler
                0x0000000008001c04                LPTIM1_IRQHandler
                0x0000000008001c04                SAI1_IRQHandler
                0x0000000008001c04                DMA2_Channel3_IRQHandler
                0x0000000008001c04                TIM1_BRK_TIM15_IRQHandler
 .text.HAL_Init
                0x0000000008001c06       0x30 ./Drivers/STM32L4xx_HAL_Driver/Src/stm32l4xx_hal.o
                0x0000000008001c06                HAL_Init
 *fill*         0x0000000008001c36        0x2 
 .text.HAL_IncTick
                0x0000000008001c38       0x28 ./Drivers/STM32L4xx_HAL_Driver/Src/stm32l4xx_hal.o
                0x0000000008001c38                HAL_IncTick
 .text.HAL_GetTick
                0x0000000008001c60       0x18 ./Drivers/STM32L4xx_HAL_Driver/Src/stm32l4xx_hal.o
                0x0000000008001c60                HAL_GetTick
 .text.HAL_Delay
                0x0000000008001c78       0x48 ./Drivers/STM32L4xx_HAL_Driver/Src/stm32l4xx_hal.o
                0x0000000008001c78                HAL_Delay
 .text.__NVIC_SetPriorityGrouping
                0x0000000008001cc0       0x48 ./Drivers/STM32L4xx_HAL_Driver/Src/stm32l4xx_hal_cortex.o
 .text.__NVIC_GetPriorityGrouping
                0x0000000008001d08       0x1c ./Drivers/STM32L4xx_HAL_Driver/Src/stm32l4xx_hal_cortex.o
 .text.__NVIC_EnableIRQ
                0x0000000008001d24       0x3c ./Drivers/STM32L4xx_HAL_Driver/Src/stm32l4xx_hal_cortex.o
 .text.__NVIC_SetPriority
                0x0000000008001d60       0x54 ./Drivers/STM32L4xx_HAL_Driver/Src/stm32l4xx_hal_cortex.o
 .text.NVIC_EncodePriority
                0x0000000008001db4       0x66 ./Drivers/STM32L4xx_HAL_Driver/Src/stm32l4xx_hal_cortex.o
 .text.HAL_NVIC_SetPriorityGrouping
                0x0000000008001e1a       0x16 ./Drivers/STM32L4xx_HAL_Driver/Src/stm32l4xx_hal_cortex.o
                0x0000000008001e1a                HAL_NVIC_SetPriorityGrouping
 .text.HAL_NVIC_SetPriority
                0x0000000008001e30       0x38 ./Drivers/STM32L4xx_HAL_Driver/Src/stm32l4xx_hal_cortex.o
                0x0000000008001e30                HAL_NVIC_SetPriority
 .text.HAL_NVIC_EnableIRQ
                0x0000000008001e68       0x1c ./Drivers/STM32L4xx_HAL_Driver/Src/stm32l4xx_hal_cortex.o
                0x0000000008001e68                HAL_NVIC_EnableIRQ
 .text.HAL_DFSDM_ChannelInit
                0x0000000008001e84      0x180 ./Drivers/STM32L4xx_HAL_Driver/Src/stm32l4xx_hal_dfsdm.o
                0x0000000008001e84                HAL_DFSDM_ChannelInit
 .text.DFSDM_GetChannelFromInstance
                0x0000000008002004       0x98 ./Drivers/STM32L4xx_HAL_Driver/Src/stm32l4xx_hal_dfsdm.o
 .text.HAL_DMA_Abort
                0x000000000800209c       0x7c ./Drivers/STM32L4xx_HAL_Driver/Src/stm32l4xx_hal_dma.o
                0x000000000800209c                HAL_DMA_Abort
 .text.HAL_DMA_Abort_IT
                0x0000000008002118       0x82 ./Drivers/STM32L4xx_HAL_Driver/Src/stm32l4xx_hal_dma.o
                0x0000000008002118                HAL_DMA_Abort_IT
 *fill*         0x000000000800219a        0x2 
 .text.HAL_GPIO_Init
                0x000000000800219c      0x354 ./Drivers/STM32L4xx_HAL_Driver/Src/stm32l4xx_hal_gpio.o
                0x000000000800219c                HAL_GPIO_Init
 .text.HAL_GPIO_DeInit
                0x00000000080024f0      0x1e8 ./Drivers/STM32L4xx_HAL_Driver/Src/stm32l4xx_hal_gpio.o
                0x00000000080024f0                HAL_GPIO_DeInit
 .text.HAL_GPIO_ReadPin
                0x00000000080026d8       0x30 ./Drivers/STM32L4xx_HAL_Driver/Src/stm32l4xx_hal_gpio.o
                0x00000000080026d8                HAL_GPIO_ReadPin
 .text.HAL_GPIO_WritePin
                0x0000000008002708       0x30 ./Drivers/STM32L4xx_HAL_Driver/Src/stm32l4xx_hal_gpio.o
                0x0000000008002708                HAL_GPIO_WritePin
 .text.HAL_GPIO_EXTI_IRQHandler
                0x0000000008002738       0x30 ./Drivers/STM32L4xx_HAL_Driver/Src/stm32l4xx_hal_gpio.o
                0x0000000008002738                HAL_GPIO_EXTI_IRQHandler
 .text.HAL_I2C_Init
                0x0000000008002768      0x11e ./Drivers/STM32L4xx_HAL_Driver/Src/stm32l4xx_hal_i2c.o
                0x0000000008002768                HAL_I2C_Init
 .text.HAL_I2CEx_ConfigAnalogFilter
                0x0000000008002886       0x96 ./Drivers/STM32L4xx_HAL_Driver/Src/stm32l4xx_hal_i2c_ex.o
                0x0000000008002886                HAL_I2CEx_ConfigAnalogFilter
 .text.HAL_I2CEx_ConfigDigitalFilter
                0x000000000800291c       0x98 ./Drivers/STM32L4xx_HAL_Driver/Src/stm32l4xx_hal_i2c_ex.o
                0x000000000800291c                HAL_I2CEx_ConfigDigitalFilter
 .text.HAL_PCD_Init
                0x00000000080029b4      0x248 ./Drivers/STM32L4xx_HAL_Driver/Src/stm32l4xx_hal_pcd.o
                0x00000000080029b4                HAL_PCD_Init
 .text.HAL_PCDEx_ActivateLPM
                0x0000000008002bfc       0x48 ./Drivers/STM32L4xx_HAL_Driver/Src/stm32l4xx_hal_pcd_ex.o
                0x0000000008002bfc                HAL_PCDEx_ActivateLPM
 .text.HAL_PWR_EnableBkUpAccess
                0x0000000008002c44       0x20 ./Drivers/STM32L4xx_HAL_Driver/Src/stm32l4xx_hal_pwr.o
                0x0000000008002c44                HAL_PWR_EnableBkUpAccess
 .text.HAL_PWREx_GetVoltageRange
                0x0000000008002c64       0x1c ./Drivers/STM32L4xx_HAL_Driver/Src/stm32l4xx_hal_pwr_ex.o
                0x0000000008002c64                HAL_PWREx_GetVoltageRange
 .text.HAL_PWREx_ControlVoltageScaling
                0x0000000008002c80       0xac ./Drivers/STM32L4xx_HAL_Driver/Src/stm32l4xx_hal_pwr_ex.o
                0x0000000008002c80                HAL_PWREx_ControlVoltageScaling
 .text.HAL_PWREx_EnableVddUSB
                0x0000000008002d2c       0x20 ./Drivers/STM32L4xx_HAL_Driver/Src/stm32l4xx_hal_pwr_ex.o
                0x0000000008002d2c                HAL_PWREx_EnableVddUSB
 .text.HAL_QSPI_Init
                0x0000000008002d4c       0xec ./Drivers/STM32L4xx_HAL_Driver/Src/stm32l4xx_hal_qspi.o
                0x0000000008002d4c                HAL_QSPI_Init
 .text.HAL_QSPI_SetTimeout
                0x0000000008002e38       0x1c ./Drivers/STM32L4xx_HAL_Driver/Src/stm32l4xx_hal_qspi.o
                0x0000000008002e38                HAL_QSPI_SetTimeout
 .text.QSPI_WaitFlagStateUntilTimeout
                0x0000000008002e54       0x6e ./Drivers/STM32L4xx_HAL_Driver/Src/stm32l4xx_hal_qspi.o
 *fill*         0x0000000008002ec2        0x2 
 .text.HAL_RCC_OscConfig
                0x0000000008002ec4      0x7b8 ./Drivers/STM32L4xx_HAL_Driver/Src/stm32l4xx_hal_rcc.o
                0x0000000008002ec4                HAL_RCC_OscConfig
 .text.HAL_RCC_ClockConfig
                0x000000000800367c      0x200 ./Drivers/STM32L4xx_HAL_Driver/Src/stm32l4xx_hal_rcc.o
                0x000000000800367c                HAL_RCC_ClockConfig
 .text.HAL_RCC_GetSysClockFreq
                0x000000000800387c      0x118 ./Drivers/STM32L4xx_HAL_Driver/Src/stm32l4xx_hal_rcc.o
                0x000000000800387c                HAL_RCC_GetSysClockFreq
 .text.HAL_RCC_GetHCLKFreq
                0x0000000008003994       0x18 ./Drivers/STM32L4xx_HAL_Driver/Src/stm32l4xx_hal_rcc.o
                0x0000000008003994                HAL_RCC_GetHCLKFreq
 .text.HAL_RCC_GetPCLK1Freq
                0x00000000080039ac       0x2c ./Drivers/STM32L4xx_HAL_Driver/Src/stm32l4xx_hal_rcc.o
                0x00000000080039ac                HAL_RCC_GetPCLK1Freq
 .text.HAL_RCC_GetPCLK2Freq
                0x00000000080039d8       0x2c ./Drivers/STM32L4xx_HAL_Driver/Src/stm32l4xx_hal_rcc.o
                0x00000000080039d8                HAL_RCC_GetPCLK2Freq
 .text.HAL_RCC_GetClockConfig
                0x0000000008003a04       0x64 ./Drivers/STM32L4xx_HAL_Driver/Src/stm32l4xx_hal_rcc.o
                0x0000000008003a04                HAL_RCC_GetClockConfig
 .text.RCC_SetFlashLatencyFromMSIRange
                0x0000000008003a68       0xc0 ./Drivers/STM32L4xx_HAL_Driver/Src/stm32l4xx_hal_rcc.o
 .text.HAL_RCCEx_PeriphCLKConfig
                0x0000000008003b28      0x5d4 ./Drivers/STM32L4xx_HAL_Driver/Src/stm32l4xx_hal_rcc_ex.o
                0x0000000008003b28                HAL_RCCEx_PeriphCLKConfig
 .text.HAL_RCCEx_EnableMSIPLLMode
                0x00000000080040fc       0x20 ./Drivers/STM32L4xx_HAL_Driver/Src/stm32l4xx_hal_rcc_ex.o
                0x00000000080040fc                HAL_RCCEx_EnableMSIPLLMode
 .text.RCCEx_PLLSAI1_Config
                0x000000000800411c      0x1e8 ./Drivers/STM32L4xx_HAL_Driver/Src/stm32l4xx_hal_rcc_ex.o
 .text.RCCEx_PLLSAI2_Config
                0x0000000008004304      0x1bc ./Drivers/STM32L4xx_HAL_Driver/Src/stm32l4xx_hal_rcc_ex.o
 .text.HAL_SPI_Init
                0x00000000080044c0      0x146 ./Drivers/STM32L4xx_HAL_Driver/Src/stm32l4xx_hal_spi.o
                0x00000000080044c0                HAL_SPI_Init
 .text.HAL_SPI_DeInit
                0x0000000008004606       0x50 ./Drivers/STM32L4xx_HAL_Driver/Src/stm32l4xx_hal_spi.o
                0x0000000008004606                HAL_SPI_DeInit
 .text.HAL_SPI_Receive
                0x0000000008004656      0x260 ./Drivers/STM32L4xx_HAL_Driver/Src/stm32l4xx_hal_spi.o
                0x0000000008004656                HAL_SPI_Receive
 .text.HAL_SPI_TransmitReceive
                0x00000000080048b6      0x426 ./Drivers/STM32L4xx_HAL_Driver/Src/stm32l4xx_hal_spi.o
                0x00000000080048b6                HAL_SPI_TransmitReceive
 .text.HAL_SPI_Transmit_IT
                0x0000000008004cdc      0x11c ./Drivers/STM32L4xx_HAL_Driver/Src/stm32l4xx_hal_spi.o
                0x0000000008004cdc                HAL_SPI_Transmit_IT
 .text.HAL_SPI_Receive_IT
                0x0000000008004df8      0x160 ./Drivers/STM32L4xx_HAL_Driver/Src/stm32l4xx_hal_spi.o
                0x0000000008004df8                HAL_SPI_Receive_IT
 .text.HAL_SPI_TransmitReceive_IT
                0x0000000008004f58      0x160 ./Drivers/STM32L4xx_HAL_Driver/Src/stm32l4xx_hal_spi.o
                0x0000000008004f58                HAL_SPI_TransmitReceive_IT
 .text.HAL_SPI_IRQHandler
                0x00000000080050b8      0x200 ./Drivers/STM32L4xx_HAL_Driver/Src/stm32l4xx_hal_spi.o
                0x00000000080050b8                HAL_SPI_IRQHandler
 .text.HAL_SPI_TxRxCpltCallback
                0x00000000080052b8       0x14 ./Drivers/STM32L4xx_HAL_Driver/Src/stm32l4xx_hal_spi.o
                0x00000000080052b8                HAL_SPI_TxRxCpltCallback
 .text.HAL_SPI_ErrorCallback
                0x00000000080052cc       0x14 ./Drivers/STM32L4xx_HAL_Driver/Src/stm32l4xx_hal_spi.o
                0x00000000080052cc                HAL_SPI_ErrorCallback
 .text.SPI_DMAAbortOnError
                0x00000000080052e0       0x2a ./Drivers/STM32L4xx_HAL_Driver/Src/stm32l4xx_hal_spi.o
 .text.SPI_2linesRxISR_8BIT
                0x000000000800530a       0xbe ./Drivers/STM32L4xx_HAL_Driver/Src/stm32l4xx_hal_spi.o
 .text.SPI_2linesTxISR_8BIT
                0x00000000080053c8       0x92 ./Drivers/STM32L4xx_HAL_Driver/Src/stm32l4xx_hal_spi.o
 .text.SPI_2linesRxISR_16BIT
                0x000000000800545a       0x66 ./Drivers/STM32L4xx_HAL_Driver/Src/stm32l4xx_hal_spi.o
 .text.SPI_2linesTxISR_16BIT
                0x00000000080054c0       0x60 ./Drivers/STM32L4xx_HAL_Driver/Src/stm32l4xx_hal_spi.o
 .text.SPI_RxISR_8BIT
                0x0000000008005520       0x50 ./Drivers/STM32L4xx_HAL_Driver/Src/stm32l4xx_hal_spi.o
 .text.SPI_RxISR_16BIT
                0x0000000008005570       0x4c ./Drivers/STM32L4xx_HAL_Driver/Src/stm32l4xx_hal_spi.o
 .text.SPI_TxISR_8BIT
                0x00000000080055bc       0x46 ./Drivers/STM32L4xx_HAL_Driver/Src/stm32l4xx_hal_spi.o
 .text.SPI_TxISR_16BIT
                0x0000000008005602       0x44 ./Drivers/STM32L4xx_HAL_Driver/Src/stm32l4xx_hal_spi.o
 *fill*         0x0000000008005646        0x2 
 .text.SPI_WaitFlagStateUntilTimeout
                0x0000000008005648      0x110 ./Drivers/STM32L4xx_HAL_Driver/Src/stm32l4xx_hal_spi.o
 .text.SPI_WaitFifoStateUntilTimeout
                0x0000000008005758      0x12c ./Drivers/STM32L4xx_HAL_Driver/Src/stm32l4xx_hal_spi.o
 .text.SPI_EndRxTransaction
                0x0000000008005884       0xb0 ./Drivers/STM32L4xx_HAL_Driver/Src/stm32l4xx_hal_spi.o
 .text.SPI_EndRxTxTransaction
                0x0000000008005934       0x8c ./Drivers/STM32L4xx_HAL_Driver/Src/stm32l4xx_hal_spi.o
 .text.SPI_CloseRxTx_ISR
                0x00000000080059c0       0x84 ./Drivers/STM32L4xx_HAL_Driver/Src/stm32l4xx_hal_spi.o
 .text.SPI_CloseRx_ISR
                0x0000000008005a44       0x60 ./Drivers/STM32L4xx_HAL_Driver/Src/stm32l4xx_hal_spi.o
 .text.SPI_CloseTx_ISR
                0x0000000008005aa4       0x7e ./Drivers/STM32L4xx_HAL_Driver/Src/stm32l4xx_hal_spi.o
 .text.HAL_TIM_Base_Init
                0x0000000008005b22       0xae ./Drivers/STM32L4xx_HAL_Driver/Src/stm32l4xx_hal_tim.o
                0x0000000008005b22                HAL_TIM_Base_Init
 .text.HAL_TIM_Base_MspInit
                0x0000000008005bd0       0x14 ./Drivers/STM32L4xx_HAL_Driver/Src/stm32l4xx_hal_tim.o
                0x0000000008005bd0                HAL_TIM_Base_MspInit
 .text.HAL_TIM_Base_Start_IT
                0x0000000008005be4       0xe0 ./Drivers/STM32L4xx_HAL_Driver/Src/stm32l4xx_hal_tim.o
                0x0000000008005be4                HAL_TIM_Base_Start_IT
 .text.HAL_TIM_IRQHandler
                0x0000000008005cc4      0x23e ./Drivers/STM32L4xx_HAL_Driver/Src/stm32l4xx_hal_tim.o
                0x0000000008005cc4                HAL_TIM_IRQHandler
 .text.HAL_TIM_OC_DelayElapsedCallback
                0x0000000008005f02       0x14 ./Drivers/STM32L4xx_HAL_Driver/Src/stm32l4xx_hal_tim.o
                0x0000000008005f02                HAL_TIM_OC_DelayElapsedCallback
 .text.HAL_TIM_IC_CaptureCallback
                0x0000000008005f16       0x14 ./Drivers/STM32L4xx_HAL_Driver/Src/stm32l4xx_hal_tim.o
                0x0000000008005f16                HAL_TIM_IC_CaptureCallback
 .text.HAL_TIM_PWM_PulseFinishedCallback
                0x0000000008005f2a       0x14 ./Drivers/STM32L4xx_HAL_Driver/Src/stm32l4xx_hal_tim.o
                0x0000000008005f2a                HAL_TIM_PWM_PulseFinishedCallback
 .text.HAL_TIM_TriggerCallback
                0x0000000008005f3e       0x14 ./Drivers/STM32L4xx_HAL_Driver/Src/stm32l4xx_hal_tim.o
                0x0000000008005f3e                HAL_TIM_TriggerCallback
 *fill*         0x0000000008005f52        0x2 
 .text.TIM_Base_SetConfig
                0x0000000008005f54      0x134 ./Drivers/STM32L4xx_HAL_Driver/Src/stm32l4xx_hal_tim.o
                0x0000000008005f54                TIM_Base_SetConfig
 .text.HAL_TIMEx_CommutCallback
                0x0000000008006088       0x14 ./Drivers/STM32L4xx_HAL_Driver/Src/stm32l4xx_hal_tim_ex.o
                0x0000000008006088                HAL_TIMEx_CommutCallback
 .text.HAL_TIMEx_BreakCallback
                0x000000000800609c       0x14 ./Drivers/STM32L4xx_HAL_Driver/Src/stm32l4xx_hal_tim_ex.o
                0x000000000800609c                HAL_TIMEx_BreakCallback
 .text.HAL_TIMEx_Break2Callback
                0x00000000080060b0       0x14 ./Drivers/STM32L4xx_HAL_Driver/Src/stm32l4xx_hal_tim_ex.o
                0x00000000080060b0                HAL_TIMEx_Break2Callback
 .text.HAL_UART_Init
                0x00000000080060c4       0x9c ./Drivers/STM32L4xx_HAL_Driver/Src/stm32l4xx_hal_uart.o
                0x00000000080060c4                HAL_UART_Init
 .text.HAL_UART_Transmit_IT
                0x0000000008006160       0xdc ./Drivers/STM32L4xx_HAL_Driver/Src/stm32l4xx_hal_uart.o
                0x0000000008006160                HAL_UART_Transmit_IT
 .text.HAL_UART_IRQHandler
                0x000000000800623c      0x5c4 ./Drivers/STM32L4xx_HAL_Driver/Src/stm32l4xx_hal_uart.o
                0x000000000800623c                HAL_UART_IRQHandler
 .text.HAL_UART_TxCpltCallback
                0x0000000008006800       0x14 ./Drivers/STM32L4xx_HAL_Driver/Src/stm32l4xx_hal_uart.o
                0x0000000008006800                HAL_UART_TxCpltCallback
 .text.HAL_UART_ErrorCallback
                0x0000000008006814       0x14 ./Drivers/STM32L4xx_HAL_Driver/Src/stm32l4xx_hal_uart.o
                0x0000000008006814                HAL_UART_ErrorCallback
 .text.HAL_UARTEx_RxEventCallback
                0x0000000008006828       0x18 ./Drivers/STM32L4xx_HAL_Driver/Src/stm32l4xx_hal_uart.o
                0x0000000008006828                HAL_UARTEx_RxEventCallback
 .text.UART_SetConfig
                0x0000000008006840      0x570 ./Drivers/STM32L4xx_HAL_Driver/Src/stm32l4xx_hal_uart.o
                0x0000000008006840                UART_SetConfig
 .text.UART_AdvFeatureConfig
                0x0000000008006db0      0x144 ./Drivers/STM32L4xx_HAL_Driver/Src/stm32l4xx_hal_uart.o
                0x0000000008006db0                UART_AdvFeatureConfig
 .text.UART_CheckIdleState
                0x0000000008006ef4       0x92 ./Drivers/STM32L4xx_HAL_Driver/Src/stm32l4xx_hal_uart.o
                0x0000000008006ef4                UART_CheckIdleState
 .text.UART_WaitOnFlagUntilTimeout
                0x0000000008006f86      0x188 ./Drivers/STM32L4xx_HAL_Driver/Src/stm32l4xx_hal_uart.o
                0x0000000008006f86                UART_WaitOnFlagUntilTimeout
 .text.UART_EndRxTransfer
                0x000000000800710e       0xc6 ./Drivers/STM32L4xx_HAL_Driver/Src/stm32l4xx_hal_uart.o
 .text.UART_DMAAbortOnError
                0x00000000080071d4       0x2c ./Drivers/STM32L4xx_HAL_Driver/Src/stm32l4xx_hal_uart.o
 .text.UART_TxISR_8BIT
                0x0000000008007200       0xb8 ./Drivers/STM32L4xx_HAL_Driver/Src/stm32l4xx_hal_uart.o
 .text.UART_TxISR_16BIT
                0x00000000080072b8       0xc0 ./Drivers/STM32L4xx_HAL_Driver/Src/stm32l4xx_hal_uart.o
 .text.UART_EndTransmit_IT
                0x0000000008007378       0x54 ./Drivers/STM32L4xx_HAL_Driver/Src/stm32l4xx_hal_uart.o
 .text.HAL_UARTEx_WakeupCallback
                0x00000000080073cc       0x14 ./Drivers/STM32L4xx_HAL_Driver/Src/stm32l4xx_hal_uart_ex.o
                0x00000000080073cc                HAL_UARTEx_WakeupCallback
 .text.USB_CoreInit
                0x00000000080073e0       0x58 ./Drivers/STM32L4xx_HAL_Driver/Src/stm32l4xx_ll_usb.o
                0x00000000080073e0                USB_CoreInit
 .text.USB_DisableGlobalInt
                0x0000000008007438       0x22 ./Drivers/STM32L4xx_HAL_Driver/Src/stm32l4xx_ll_usb.o
                0x0000000008007438                USB_DisableGlobalInt
 .text.USB_SetCurrentMode
                0x000000000800745a       0x98 ./Drivers/STM32L4xx_HAL_Driver/Src/stm32l4xx_ll_usb.o
                0x000000000800745a                USB_SetCurrentMode
 *fill*         0x00000000080074f2        0x2 
 .text.USB_DevInit
                0x00000000080074f4      0x298 ./Drivers/STM32L4xx_HAL_Driver/Src/stm32l4xx_ll_usb.o
                0x00000000080074f4                USB_DevInit
 .text.USB_FlushTxFifo
                0x000000000800778c       0x68 ./Drivers/STM32L4xx_HAL_Driver/Src/stm32l4xx_ll_usb.o
                0x000000000800778c                USB_FlushTxFifo
 .text.USB_FlushRxFifo
                0x00000000080077f4       0x60 ./Drivers/STM32L4xx_HAL_Driver/Src/stm32l4xx_ll_usb.o
                0x00000000080077f4                USB_FlushRxFifo
 .text.USB_SetDevSpeed
                0x0000000008007854       0x32 ./Drivers/STM32L4xx_HAL_Driver/Src/stm32l4xx_ll_usb.o
                0x0000000008007854                USB_SetDevSpeed
 .text.USB_DevDisconnect
                0x0000000008007886       0x42 ./Drivers/STM32L4xx_HAL_Driver/Src/stm32l4xx_ll_usb.o
                0x0000000008007886                USB_DevDisconnect
 .text.USB_GetMode
                0x00000000080078c8       0x1c ./Drivers/STM32L4xx_HAL_Driver/Src/stm32l4xx_ll_usb.o
                0x00000000080078c8                USB_GetMode
 .text.USB_CoreReset
                0x00000000080078e4       0x68 ./Drivers/STM32L4xx_HAL_Driver/Src/stm32l4xx_ll_usb.o
 .text.ParseNumber
                0x000000000800794c       0x88 ./LibWIFI/Src/es_wifi.o
 .text.ParseIP  0x00000000080079d4       0x56 ./LibWIFI/Src/es_wifi.o
 *fill*         0x0000000008007a2a        0x2 
 .text.AT_ParseInfo
                0x0000000008007a2c       0xec ./LibWIFI/Src/es_wifi.o
 .text.AT_ParseConnSettings
                0x0000000008007b18      0x160 ./LibWIFI/Src/es_wifi.o
 .text.AT_ExecuteCommand
                0x0000000008007c78       0xcc ./LibWIFI/Src/es_wifi.o
 .text.AT_RequestSendData
                0x0000000008007d44       0xec ./LibWIFI/Src/es_wifi.o
 .text.AT_RequestReceiveData
                0x0000000008007e30      0x12c ./LibWIFI/Src/es_wifi.o
 .text.ES_WIFI_Init
                0x0000000008007f5c       0x5c ./LibWIFI/Src/es_wifi.o
                0x0000000008007f5c                ES_WIFI_Init
 .text.ES_WIFI_RegisterBusIO
                0x0000000008007fb8       0x66 ./LibWIFI/Src/es_wifi.o
                0x0000000008007fb8                ES_WIFI_RegisterBusIO
 *fill*         0x000000000800801e        0x2 
 .text.ES_WIFI_Connect
                0x0000000008008020       0xf0 ./LibWIFI/Src/es_wifi.o
                0x0000000008008020                ES_WIFI_Connect
 .text.ES_WIFI_GetNetworkSettings
                0x0000000008008110       0x54 ./LibWIFI/Src/es_wifi.o
                0x0000000008008110                ES_WIFI_GetNetworkSettings
 .text.ES_WIFI_StartClientConnection
                0x0000000008008164      0x1d4 ./LibWIFI/Src/es_wifi.o
                0x0000000008008164                ES_WIFI_StartClientConnection
 .text.ES_WIFI_SendData
                0x0000000008008338      0x178 ./LibWIFI/Src/es_wifi.o
                0x0000000008008338                ES_WIFI_SendData
 .text.ES_WIFI_ReceiveData
                0x00000000080084b0      0x180 ./LibWIFI/Src/es_wifi.o
                0x00000000080084b0                ES_WIFI_ReceiveData
 .text.SPI_WIFI_MspInit
                0x0000000008008630      0x178 ./LibWIFI/Src/es_wifi_io.o
                0x0000000008008630                SPI_WIFI_MspInit
 .text.SPI_WIFI_Init
                0x00000000080087a8       0xbc ./LibWIFI/Src/es_wifi_io.o
                0x00000000080087a8                SPI_WIFI_Init
 .text.SPI_WIFI_ResetModule
                0x0000000008008864       0xe0 ./LibWIFI/Src/es_wifi_io.o
                0x0000000008008864                SPI_WIFI_ResetModule
 .text.SPI_WIFI_DeInit
                0x0000000008008944       0x14 ./LibWIFI/Src/es_wifi_io.o
                0x0000000008008944                SPI_WIFI_DeInit
 .text.wait_cmddata_rdy_high
                0x0000000008008958       0x44 ./LibWIFI/Src/es_wifi_io.o
 .text.wait_cmddata_rdy_rising_event
                0x000000000800899c       0x40 ./LibWIFI/Src/es_wifi_io.o
 .text.wait_spi_rx_event
                0x00000000080089dc       0x40 ./LibWIFI/Src/es_wifi_io.o
 .text.wait_spi_tx_event
                0x0000000008008a1c       0x40 ./LibWIFI/Src/es_wifi_io.o
 .text.SPI_WIFI_ReceiveData
                0x0000000008008a5c       0xf4 ./LibWIFI/Src/es_wifi_io.o
                0x0000000008008a5c                SPI_WIFI_ReceiveData
 .text.SPI_WIFI_SendData
                0x0000000008008b50       0xdc ./LibWIFI/Src/es_wifi_io.o
                0x0000000008008b50                SPI_WIFI_SendData
 .text.SPI_WIFI_Delay
                0x0000000008008c2c       0x16 ./LibWIFI/Src/es_wifi_io.o
                0x0000000008008c2c                SPI_WIFI_Delay
 *fill*         0x0000000008008c42        0x2 
 .text.SPI_WIFI_DelayUs
                0x0000000008008c44       0xa4 ./LibWIFI/Src/es_wifi_io.o
 .text.HAL_SPI_RxCpltCallback
                0x0000000008008ce8       0x28 ./LibWIFI/Src/es_wifi_io.o
                0x0000000008008ce8                HAL_SPI_RxCpltCallback
 .text.HAL_SPI_TxCpltCallback
                0x0000000008008d10       0x28 ./LibWIFI/Src/es_wifi_io.o
                0x0000000008008d10                HAL_SPI_TxCpltCallback
 .text.SPI_WIFI_ISR
                0x0000000008008d38       0x20 ./LibWIFI/Src/es_wifi_io.o
                0x0000000008008d38                SPI_WIFI_ISR
 .text.WIFI_Init
                0x0000000008008d58       0x58 ./LibWIFI/Src/wifi.o
                0x0000000008008d58                WIFI_Init
 .text.WIFI_Connect
                0x0000000008008db0       0x44 ./LibWIFI/Src/wifi.o
                0x0000000008008db0                WIFI_Connect
 .text.WIFI_OpenClientConnection
                0x0000000008008df4       0x74 ./LibWIFI/Src/wifi.o
                0x0000000008008df4                WIFI_OpenClientConnection
 .text.WIFI_SendData
                0x0000000008008e68       0x44 ./LibWIFI/Src/wifi.o
                0x0000000008008e68                WIFI_SendData
 .text.WIFI_ReceiveData
                0x0000000008008eac       0x44 ./LibWIFI/Src/wifi.o
                0x0000000008008eac                WIFI_ReceiveData
 .text.__NVIC_SetPriority
                0x0000000008008ef0       0x54 ./Middlewares/Third_Party/FreeRTOS/Source/CMSIS_RTOS_V2/cmsis_os2.o
 .text.SysTick_Handler
                0x0000000008008f44       0x20 ./Middlewares/Third_Party/FreeRTOS/Source/CMSIS_RTOS_V2/cmsis_os2.o
                0x0000000008008f44                SysTick_Handler
 .text.SVC_Setup
                0x0000000008008f64       0x12 ./Middlewares/Third_Party/FreeRTOS/Source/CMSIS_RTOS_V2/cmsis_os2.o
 *fill*         0x0000000008008f76        0x2 
 .text.osKernelInitialize
                0x0000000008008f78       0x48 ./Middlewares/Third_Party/FreeRTOS/Source/CMSIS_RTOS_V2/cmsis_os2.o
                0x0000000008008f78                osKernelInitialize
 .text.osKernelStart
                0x0000000008008fc0       0x4c ./Middlewares/Third_Party/FreeRTOS/Source/CMSIS_RTOS_V2/cmsis_os2.o
                0x0000000008008fc0                osKernelStart
 .text.osThreadNew
                0x000000000800900c      0x124 ./Middlewares/Third_Party/FreeRTOS/Source/CMSIS_RTOS_V2/cmsis_os2.o
                0x000000000800900c                osThreadNew
 .text.osSemaphoreNew
                0x0000000008009130      0x112 ./Middlewares/Third_Party/FreeRTOS/Source/CMSIS_RTOS_V2/cmsis_os2.o
                0x0000000008009130                osSemaphoreNew
 .text.osMessageQueueNew
                0x0000000008009242       0xe6 ./Middlewares/Third_Party/FreeRTOS/Source/CMSIS_RTOS_V2/cmsis_os2.o
                0x0000000008009242                osMessageQueueNew
 .text.vApplicationGetIdleTaskMemory
                0x0000000008009328       0x34 ./Middlewares/Third_Party/FreeRTOS/Source/CMSIS_RTOS_V2/cmsis_os2.o
                0x0000000008009328                vApplicationGetIdleTaskMemory
 .text.vApplicationGetTimerTaskMemory
                0x000000000800935c       0x34 ./Middlewares/Third_Party/FreeRTOS/Source/CMSIS_RTOS_V2/cmsis_os2.o
                0x000000000800935c                vApplicationGetTimerTaskMemory
 .text.vListInitialise
                0x0000000008009390       0x40 ./Middlewares/Third_Party/FreeRTOS/Source/list.o
                0x0000000008009390                vListInitialise
 .text.vListInitialiseItem
                0x00000000080093d0       0x1a ./Middlewares/Third_Party/FreeRTOS/Source/list.o
                0x00000000080093d0                vListInitialiseItem
 .text.vListInsertEnd
                0x00000000080093ea       0x48 ./Middlewares/Third_Party/FreeRTOS/Source/list.o
                0x00000000080093ea                vListInsertEnd
 .text.vListInsert
                0x0000000008009432       0x72 ./Middlewares/Third_Party/FreeRTOS/Source/list.o
                0x0000000008009432                vListInsert
 .text.uxListRemove
                0x00000000080094a4       0x54 ./Middlewares/Third_Party/FreeRTOS/Source/list.o
                0x00000000080094a4                uxListRemove
 .text.xQueueGenericReset
                0x00000000080094f8       0xd0 ./Middlewares/Third_Party/FreeRTOS/Source/queue.o
                0x00000000080094f8                xQueueGenericReset
 .text.xQueueGenericCreateStatic
                0x00000000080095c8       0xf0 ./Middlewares/Third_Party/FreeRTOS/Source/queue.o
                0x00000000080095c8                xQueueGenericCreateStatic
 .text.xQueueGenericCreate
                0x00000000080096b8       0x74 ./Middlewares/Third_Party/FreeRTOS/Source/queue.o
                0x00000000080096b8                xQueueGenericCreate
 .text.prvInitialiseNewQueue
                0x000000000800972c       0x46 ./Middlewares/Third_Party/FreeRTOS/Source/queue.o
 .text.xQueueCreateCountingSemaphoreStatic
                0x0000000008009772       0x6e ./Middlewares/Third_Party/FreeRTOS/Source/queue.o
                0x0000000008009772                xQueueCreateCountingSemaphoreStatic
 .text.xQueueCreateCountingSemaphore
                0x00000000080097e0       0x66 ./Middlewares/Third_Party/FreeRTOS/Source/queue.o
                0x00000000080097e0                xQueueCreateCountingSemaphore
 *fill*         0x0000000008009846        0x2 
 .text.xQueueGenericSend
                0x0000000008009848      0x1fc ./Middlewares/Third_Party/FreeRTOS/Source/queue.o
                0x0000000008009848                xQueueGenericSend
 .text.xQueueGenericSendFromISR
                0x0000000008009a44      0x136 ./Middlewares/Third_Party/FreeRTOS/Source/queue.o
                0x0000000008009a44                xQueueGenericSendFromISR
 .text.xQueueGiveFromISR
                0x0000000008009b7a      0x11a ./Middlewares/Third_Party/FreeRTOS/Source/queue.o
                0x0000000008009b7a                xQueueGiveFromISR
 .text.xQueueReceive
                0x0000000008009c94      0x1c0 ./Middlewares/Third_Party/FreeRTOS/Source/queue.o
                0x0000000008009c94                xQueueReceive
 .text.xQueueSemaphoreTake
                0x0000000008009e54      0x218 ./Middlewares/Third_Party/FreeRTOS/Source/queue.o
                0x0000000008009e54                xQueueSemaphoreTake
 .text.vQueueDelete
                0x000000000800a06c       0x46 ./Middlewares/Third_Party/FreeRTOS/Source/queue.o
                0x000000000800a06c                vQueueDelete
 .text.prvGetDisinheritPriorityAfterTimeout
                0x000000000800a0b2       0x30 ./Middlewares/Third_Party/FreeRTOS/Source/queue.o
 .text.prvCopyDataToQueue
                0x000000000800a0e2       0xd4 ./Middlewares/Third_Party/FreeRTOS/Source/queue.o
 .text.prvCopyDataFromQueue
                0x000000000800a1b6       0x4c ./Middlewares/Third_Party/FreeRTOS/Source/queue.o
 .text.prvUnlockQueue
                0x000000000800a202       0xa4 ./Middlewares/Third_Party/FreeRTOS/Source/queue.o
 .text.prvIsQueueEmpty
                0x000000000800a2a6       0x2c ./Middlewares/Third_Party/FreeRTOS/Source/queue.o
 .text.prvIsQueueFull
                0x000000000800a2d2       0x30 ./Middlewares/Third_Party/FreeRTOS/Source/queue.o
 *fill*         0x000000000800a302        0x2 
 .text.vQueueAddToRegistry
                0x000000000800a304       0x54 ./Middlewares/Third_Party/FreeRTOS/Source/queue.o
                0x000000000800a304                vQueueAddToRegistry
 .text.vQueueUnregisterQueue
                0x000000000800a358       0x54 ./Middlewares/Third_Party/FreeRTOS/Source/queue.o
                0x000000000800a358                vQueueUnregisterQueue
 .text.vQueueWaitForMessageRestricted
                0x000000000800a3ac       0x68 ./Middlewares/Third_Party/FreeRTOS/Source/queue.o
                0x000000000800a3ac                vQueueWaitForMessageRestricted
 .text.xTaskCreateStatic
                0x000000000800a414       0xba ./Middlewares/Third_Party/FreeRTOS/Source/tasks.o
                0x000000000800a414                xTaskCreateStatic
 .text.xTaskCreate
                0x000000000800a4ce       0x8a ./Middlewares/Third_Party/FreeRTOS/Source/tasks.o
                0x000000000800a4ce                xTaskCreate
 .text.prvInitialiseNewTask
                0x000000000800a558      0x14c ./Middlewares/Third_Party/FreeRTOS/Source/tasks.o
 .text.prvAddNewTaskToReadyList
                0x000000000800a6a4       0xe0 ./Middlewares/Third_Party/FreeRTOS/Source/tasks.o
 .text.vTaskDelay
                0x000000000800a784       0x68 ./Middlewares/Third_Party/FreeRTOS/Source/tasks.o
                0x000000000800a784                vTaskDelay
 .text.vTaskStartScheduler
                0x000000000800a7ec       0xe0 ./Middlewares/Third_Party/FreeRTOS/Source/tasks.o
                0x000000000800a7ec                vTaskStartScheduler
 .text.vTaskSuspendAll
                0x000000000800a8cc       0x1c ./Middlewares/Third_Party/FreeRTOS/Source/tasks.o
                0x000000000800a8cc                vTaskSuspendAll
 .text.xTaskResumeAll
                0x000000000800a8e8      0x13c ./Middlewares/Third_Party/FreeRTOS/Source/tasks.o
                0x000000000800a8e8                xTaskResumeAll
 .text.xTaskGetTickCount
                0x000000000800aa24       0x20 ./Middlewares/Third_Party/FreeRTOS/Source/tasks.o
                0x000000000800aa24                xTaskGetTickCount
 .text.xTaskIncrementTick
                0x000000000800aa44      0x174 ./Middlewares/Third_Party/FreeRTOS/Source/tasks.o
                0x000000000800aa44                xTaskIncrementTick
 .text.vTaskSwitchContext
                0x000000000800abb8       0xc8 ./Middlewares/Third_Party/FreeRTOS/Source/tasks.o
                0x000000000800abb8                vTaskSwitchContext
 .text.vTaskPlaceOnEventList
                0x000000000800ac80       0x48 ./Middlewares/Third_Party/FreeRTOS/Source/tasks.o
                0x000000000800ac80                vTaskPlaceOnEventList
 .text.vTaskPlaceOnEventListRestricted
                0x000000000800acc8       0x58 ./Middlewares/Third_Party/FreeRTOS/Source/tasks.o
                0x000000000800acc8                vTaskPlaceOnEventListRestricted
 .text.xTaskRemoveFromEventList
                0x000000000800ad20       0xc8 ./Middlewares/Third_Party/FreeRTOS/Source/tasks.o
                0x000000000800ad20                xTaskRemoveFromEventList
 .text.vTaskInternalSetTimeOutState
                0x000000000800ade8       0x2c ./Middlewares/Third_Party/FreeRTOS/Source/tasks.o
                0x000000000800ade8                vTaskInternalSetTimeOutState
 .text.xTaskCheckForTimeOut
                0x000000000800ae14       0xc4 ./Middlewares/Third_Party/FreeRTOS/Source/tasks.o
                0x000000000800ae14                xTaskCheckForTimeOut
 .text.vTaskMissedYield
                0x000000000800aed8       0x18 ./Middlewares/Third_Party/FreeRTOS/Source/tasks.o
                0x000000000800aed8                vTaskMissedYield
 .text.prvIdleTask
                0x000000000800aef0       0x30 ./Middlewares/Third_Party/FreeRTOS/Source/tasks.o
 .text.prvInitialiseTaskLists
                0x000000000800af20       0x80 ./Middlewares/Third_Party/FreeRTOS/Source/tasks.o
 .text.prvCheckTasksWaitingTermination
                0x000000000800afa0       0x5c ./Middlewares/Third_Party/FreeRTOS/Source/tasks.o
 .text.prvDeleteTCB
                0x000000000800affc       0x68 ./Middlewares/Third_Party/FreeRTOS/Source/tasks.o
 .text.prvResetNextTaskUnblockTime
                0x000000000800b064       0x40 ./Middlewares/Third_Party/FreeRTOS/Source/tasks.o
 .text.xTaskGetSchedulerState
                0x000000000800b0a4       0x3c ./Middlewares/Third_Party/FreeRTOS/Source/tasks.o
                0x000000000800b0a4                xTaskGetSchedulerState
 .text.xTaskPriorityInherit
                0x000000000800b0e0       0xd0 ./Middlewares/Third_Party/FreeRTOS/Source/tasks.o
                0x000000000800b0e0                xTaskPriorityInherit
 .text.xTaskPriorityDisinherit
                0x000000000800b1b0       0xdc ./Middlewares/Third_Party/FreeRTOS/Source/tasks.o
                0x000000000800b1b0                xTaskPriorityDisinherit
 .text.vTaskPriorityDisinheritAfterTimeout
                0x000000000800b28c      0x104 ./Middlewares/Third_Party/FreeRTOS/Source/tasks.o
                0x000000000800b28c                vTaskPriorityDisinheritAfterTimeout
 .text.pvTaskIncrementMutexHeldCount
                0x000000000800b390       0x28 ./Middlewares/Third_Party/FreeRTOS/Source/tasks.o
                0x000000000800b390                pvTaskIncrementMutexHeldCount
 .text.prvAddCurrentTaskToDelayedList
                0x000000000800b3b8       0xa8 ./Middlewares/Third_Party/FreeRTOS/Source/tasks.o
 .text.xTimerCreateTimerTask
                0x000000000800b460       0x90 ./Middlewares/Third_Party/FreeRTOS/Source/timers.o
                0x000000000800b460                xTimerCreateTimerTask
 .text.xTimerGenericCommand
                0x000000000800b4f0       0x9c ./Middlewares/Third_Party/FreeRTOS/Source/timers.o
                0x000000000800b4f0                xTimerGenericCommand
 .text.prvProcessExpiredTimer
                0x000000000800b58c       0x98 ./Middlewares/Third_Party/FreeRTOS/Source/timers.o
 .text.prvTimerTask
                0x000000000800b624       0x24 ./Middlewares/Third_Party/FreeRTOS/Source/timers.o
 .text.prvProcessTimerOrBlockTask
                0x000000000800b648       0x9c ./Middlewares/Third_Party/FreeRTOS/Source/timers.o
 .text.prvGetNextExpireTime
                0x000000000800b6e4       0x48 ./Middlewares/Third_Party/FreeRTOS/Source/timers.o
 .text.prvSampleTimeNow
                0x000000000800b72c       0x40 ./Middlewares/Third_Party/FreeRTOS/Source/timers.o
 .text.prvInsertTimerInActiveList
                0x000000000800b76c       0x84 ./Middlewares/Third_Party/FreeRTOS/Source/timers.o
 .text.prvProcessReceivedCommands
                0x000000000800b7f0      0x1c4 ./Middlewares/Third_Party/FreeRTOS/Source/timers.o
 .text.prvSwitchTimerLists
                0x000000000800b9b4       0xc8 ./Middlewares/Third_Party/FreeRTOS/Source/timers.o
 .text.prvCheckForValidListAndQueue
                0x000000000800ba7c       0x80 ./Middlewares/Third_Party/FreeRTOS/Source/timers.o
 .text.pxPortInitialiseStack
                0x000000000800bafc       0x68 ./Middlewares/Third_Party/FreeRTOS/Source/portable/GCC/ARM_CM4F/port.o
                0x000000000800bafc                pxPortInitialiseStack
 .text.prvTaskExitError
                0x000000000800bb64       0x58 ./Middlewares/Third_Party/FreeRTOS/Source/portable/GCC/ARM_CM4F/port.o
 *fill*         0x000000000800bbbc        0x4 
 .text.SVC_Handler
                0x000000000800bbc0       0x28 ./Middlewares/Third_Party/FreeRTOS/Source/portable/GCC/ARM_CM4F/port.o
                0x000000000800bbc0                SVC_Handler
 .text.prvPortStartFirstTask
                0x000000000800bbe8       0x28 ./Middlewares/Third_Party/FreeRTOS/Source/portable/GCC/ARM_CM4F/port.o
 .text.xPortStartScheduler
                0x000000000800bc10      0x144 ./Middlewares/Third_Party/FreeRTOS/Source/portable/GCC/ARM_CM4F/port.o
                0x000000000800bc10                xPortStartScheduler
 .text.vPortEnterCritical
                0x000000000800bd54       0x60 ./Middlewares/Third_Party/FreeRTOS/Source/portable/GCC/ARM_CM4F/port.o
                0x000000000800bd54                vPortEnterCritical
 .text.vPortExitCritical
                0x000000000800bdb4       0x54 ./Middlewares/Third_Party/FreeRTOS/Source/portable/GCC/ARM_CM4F/port.o
                0x000000000800bdb4                vPortExitCritical
 *fill*         0x000000000800be08        0x8 
 .text.PendSV_Handler
                0x000000000800be10       0x68 ./Middlewares/Third_Party/FreeRTOS/Source/portable/GCC/ARM_CM4F/port.o
                0x000000000800be10                PendSV_Handler
 .text.xPortSysTickHandler
                0x000000000800be78       0x44 ./Middlewares/Third_Party/FreeRTOS/Source/portable/GCC/ARM_CM4F/port.o
                0x000000000800be78                xPortSysTickHandler
 .text.vPortSetupTimerInterrupt
                0x000000000800bebc       0x48 ./Middlewares/Third_Party/FreeRTOS/Source/portable/GCC/ARM_CM4F/port.o
                0x000000000800bebc                vPortSetupTimerInterrupt
 .text.vPortEnableVFP
                0x000000000800bf04       0x14 ./Middlewares/Third_Party/FreeRTOS/Source/portable/GCC/ARM_CM4F/port.o
 .text.vPortValidateInterruptPriority
                0x000000000800bf18       0x80 ./Middlewares/Third_Party/FreeRTOS/Source/portable/GCC/ARM_CM4F/port.o
                0x000000000800bf18                vPortValidateInterruptPriority
 .text.pvPortMalloc
                0x000000000800bf98      0x198 ./Middlewares/Third_Party/FreeRTOS/Source/portable/MemMang/heap_4.o
                0x000000000800bf98                pvPortMalloc
 .text.vPortFree
                0x000000000800c130       0xc4 ./Middlewares/Third_Party/FreeRTOS/Source/portable/MemMang/heap_4.o
                0x000000000800c130                vPortFree
 .text.prvHeapInit
                0x000000000800c1f4       0xc4 ./Middlewares/Third_Party/FreeRTOS/Source/portable/MemMang/heap_4.o
 .text.prvInsertBlockIntoFreeList
                0x000000000800c2b8       0xb4 ./Middlewares/Third_Party/FreeRTOS/Source/portable/MemMang/heap_4.o
 .text.__errno  0x000000000800c36c        0xc d:/programas/stm32cubeide_1.9.0/stm32cubeide/plugins/com.st.stm32cube.ide.mcu.externaltools.gnu-tools-for-stm32.10.3-2021.10.win32_1.0.200.202301161003/tools/bin/../lib/gcc/arm-none-eabi/10.3.1/../../../../arm-none-eabi/lib/thumb/v7e-m+fp/hard\libc_nano.a(lib_a-errno.o)
                0x000000000800c36c                __errno
 .text.std      0x000000000800c378       0x48 d:/programas/stm32cubeide_1.9.0/stm32cubeide/plugins/com.st.stm32cube.ide.mcu.externaltools.gnu-tools-for-stm32.10.3-2021.10.win32_1.0.200.202301161003/tools/bin/../lib/gcc/arm-none-eabi/10.3.1/../../../../arm-none-eabi/lib/thumb/v7e-m+fp/hard\libc_nano.a(lib_a-findfp.o)
 .text._cleanup_r
                0x000000000800c3c0        0xc d:/programas/stm32cubeide_1.9.0/stm32cubeide/plugins/com.st.stm32cube.ide.mcu.externaltools.gnu-tools-for-stm32.10.3-2021.10.win32_1.0.200.202301161003/tools/bin/../lib/gcc/arm-none-eabi/10.3.1/../../../../arm-none-eabi/lib/thumb/v7e-m+fp/hard\libc_nano.a(lib_a-findfp.o)
                0x000000000800c3c0                _cleanup_r
 .text.__sfmoreglue
                0x000000000800c3cc       0x2c d:/programas/stm32cubeide_1.9.0/stm32cubeide/plugins/com.st.stm32cube.ide.mcu.externaltools.gnu-tools-for-stm32.10.3-2021.10.win32_1.0.200.202301161003/tools/bin/../lib/gcc/arm-none-eabi/10.3.1/../../../../arm-none-eabi/lib/thumb/v7e-m+fp/hard\libc_nano.a(lib_a-findfp.o)
                0x000000000800c3cc                __sfmoreglue
 .text.__sfp_lock_acquire
                0x000000000800c3f8        0xc d:/programas/stm32cubeide_1.9.0/stm32cubeide/plugins/com.st.stm32cube.ide.mcu.externaltools.gnu-tools-for-stm32.10.3-2021.10.win32_1.0.200.202301161003/tools/bin/../lib/gcc/arm-none-eabi/10.3.1/../../../../arm-none-eabi/lib/thumb/v7e-m+fp/hard\libc_nano.a(lib_a-findfp.o)
                0x000000000800c3f8                __sfp_lock_acquire
 .text.__sfp_lock_release
                0x000000000800c404        0xc d:/programas/stm32cubeide_1.9.0/stm32cubeide/plugins/com.st.stm32cube.ide.mcu.externaltools.gnu-tools-for-stm32.10.3-2021.10.win32_1.0.200.202301161003/tools/bin/../lib/gcc/arm-none-eabi/10.3.1/../../../../arm-none-eabi/lib/thumb/v7e-m+fp/hard\libc_nano.a(lib_a-findfp.o)
                0x000000000800c404                __sfp_lock_release
 .text.__sinit_lock_acquire
                0x000000000800c410        0xc d:/programas/stm32cubeide_1.9.0/stm32cubeide/plugins/com.st.stm32cube.ide.mcu.externaltools.gnu-tools-for-stm32.10.3-2021.10.win32_1.0.200.202301161003/tools/bin/../lib/gcc/arm-none-eabi/10.3.1/../../../../arm-none-eabi/lib/thumb/v7e-m+fp/hard\libc_nano.a(lib_a-findfp.o)
                0x000000000800c410                __sinit_lock_acquire
 .text.__sinit_lock_release
                0x000000000800c41c        0xc d:/programas/stm32cubeide_1.9.0/stm32cubeide/plugins/com.st.stm32cube.ide.mcu.externaltools.gnu-tools-for-stm32.10.3-2021.10.win32_1.0.200.202301161003/tools/bin/../lib/gcc/arm-none-eabi/10.3.1/../../../../arm-none-eabi/lib/thumb/v7e-m+fp/hard\libc_nano.a(lib_a-findfp.o)
                0x000000000800c41c                __sinit_lock_release
 .text.__sinit  0x000000000800c428       0x70 d:/programas/stm32cubeide_1.9.0/stm32cubeide/plugins/com.st.stm32cube.ide.mcu.externaltools.gnu-tools-for-stm32.10.3-2021.10.win32_1.0.200.202301161003/tools/bin/../lib/gcc/arm-none-eabi/10.3.1/../../../../arm-none-eabi/lib/thumb/v7e-m+fp/hard\libc_nano.a(lib_a-findfp.o)
                0x000000000800c428                __sinit
 .text.__sfp    0x000000000800c498       0x8c d:/programas/stm32cubeide_1.9.0/stm32cubeide/plugins/com.st.stm32cube.ide.mcu.externaltools.gnu-tools-for-stm32.10.3-2021.10.win32_1.0.200.202301161003/tools/bin/../lib/gcc/arm-none-eabi/10.3.1/../../../../arm-none-eabi/lib/thumb/v7e-m+fp/hard\libc_nano.a(lib_a-findfp.o)
                0x000000000800c498                __sfp
 .text._fwalk_reent
                0x000000000800c524       0x3e d:/programas/stm32cubeide_1.9.0/stm32cubeide/plugins/com.st.stm32cube.ide.mcu.externaltools.gnu-tools-for-stm32.10.3-2021.10.win32_1.0.200.202301161003/tools/bin/../lib/gcc/arm-none-eabi/10.3.1/../../../../arm-none-eabi/lib/thumb/v7e-m+fp/hard\libc_nano.a(lib_a-fwalk.o)
                0x000000000800c524                _fwalk_reent
 *fill*         0x000000000800c562        0x2 
 .text.__libc_init_array
                0x000000000800c564       0x48 d:/programas/stm32cubeide_1.9.0/stm32cubeide/plugins/com.st.stm32cube.ide.mcu.externaltools.gnu-tools-for-stm32.10.3-2021.10.win32_1.0.200.202301161003/tools/bin/../lib/gcc/arm-none-eabi/10.3.1/../../../../arm-none-eabi/lib/thumb/v7e-m+fp/hard\libc_nano.a(lib_a-init.o)
                0x000000000800c564                __libc_init_array
 .text.__retarget_lock_init_recursive
                0x000000000800c5ac        0x2 d:/programas/stm32cubeide_1.9.0/stm32cubeide/plugins/com.st.stm32cube.ide.mcu.externaltools.gnu-tools-for-stm32.10.3-2021.10.win32_1.0.200.202301161003/tools/bin/../lib/gcc/arm-none-eabi/10.3.1/../../../../arm-none-eabi/lib/thumb/v7e-m+fp/hard\libc_nano.a(lib_a-lock.o)
                0x000000000800c5ac                __retarget_lock_init_recursive
 .text.__retarget_lock_acquire_recursive
                0x000000000800c5ae        0x2 d:/programas/stm32cubeide_1.9.0/stm32cubeide/plugins/com.st.stm32cube.ide.mcu.externaltools.gnu-tools-for-stm32.10.3-2021.10.win32_1.0.200.202301161003/tools/bin/../lib/gcc/arm-none-eabi/10.3.1/../../../../arm-none-eabi/lib/thumb/v7e-m+fp/hard\libc_nano.a(lib_a-lock.o)
                0x000000000800c5ae                __retarget_lock_acquire_recursive
 .text.__retarget_lock_release_recursive
                0x000000000800c5b0        0x2 d:/programas/stm32cubeide_1.9.0/stm32cubeide/plugins/com.st.stm32cube.ide.mcu.externaltools.gnu-tools-for-stm32.10.3-2021.10.win32_1.0.200.202301161003/tools/bin/../lib/gcc/arm-none-eabi/10.3.1/../../../../arm-none-eabi/lib/thumb/v7e-m+fp/hard\libc_nano.a(lib_a-lock.o)
                0x000000000800c5b0                __retarget_lock_release_recursive
 *fill*         0x000000000800c5b2        0x2 
 .text.malloc   0x000000000800c5b4       0x10 d:/programas/stm32cubeide_1.9.0/stm32cubeide/plugins/com.st.stm32cube.ide.mcu.externaltools.gnu-tools-for-stm32.10.3-2021.10.win32_1.0.200.202301161003/tools/bin/../lib/gcc/arm-none-eabi/10.3.1/../../../../arm-none-eabi/lib/thumb/v7e-m+fp/hard\libc_nano.a(lib_a-malloc.o)
                0x000000000800c5b4                malloc
 .text.free     0x000000000800c5c4       0x10 d:/programas/stm32cubeide_1.9.0/stm32cubeide/plugins/com.st.stm32cube.ide.mcu.externaltools.gnu-tools-for-stm32.10.3-2021.10.win32_1.0.200.202301161003/tools/bin/../lib/gcc/arm-none-eabi/10.3.1/../../../../arm-none-eabi/lib/thumb/v7e-m+fp/hard\libc_nano.a(lib_a-malloc.o)
                0x000000000800c5c4                free
 .text.memcmp   0x000000000800c5d4       0x20 d:/programas/stm32cubeide_1.9.0/stm32cubeide/plugins/com.st.stm32cube.ide.mcu.externaltools.gnu-tools-for-stm32.10.3-2021.10.win32_1.0.200.202301161003/tools/bin/../lib/gcc/arm-none-eabi/10.3.1/../../../../arm-none-eabi/lib/thumb/v7e-m+fp/hard\libc_nano.a(lib_a-memcmp.o)
                0x000000000800c5d4                memcmp
 .text.memcpy   0x000000000800c5f4       0x1c d:/programas/stm32cubeide_1.9.0/stm32cubeide/plugins/com.st.stm32cube.ide.mcu.externaltools.gnu-tools-for-stm32.10.3-2021.10.win32_1.0.200.202301161003/tools/bin/../lib/gcc/arm-none-eabi/10.3.1/../../../../arm-none-eabi/lib/thumb/v7e-m+fp/hard\libc_nano.a(lib_a-memcpy-stub.o)
                0x000000000800c5f4                memcpy
 .text.memset   0x000000000800c610       0x10 d:/programas/stm32cubeide_1.9.0/stm32cubeide/plugins/com.st.stm32cube.ide.mcu.externaltools.gnu-tools-for-stm32.10.3-2021.10.win32_1.0.200.202301161003/tools/bin/../lib/gcc/arm-none-eabi/10.3.1/../../../../arm-none-eabi/lib/thumb/v7e-m+fp/hard\libc_nano.a(lib_a-memset.o)
                0x000000000800c610                memset
 .text._free_r  0x000000000800c620       0x98 d:/programas/stm32cubeide_1.9.0/stm32cubeide/plugins/com.st.stm32cube.ide.mcu.externaltools.gnu-tools-for-stm32.10.3-2021.10.win32_1.0.200.202301161003/tools/bin/../lib/gcc/arm-none-eabi/10.3.1/../../../../arm-none-eabi/lib/thumb/v7e-m+fp/hard\libc_nano.a(lib_a-nano-freer.o)
                0x000000000800c620                _free_r
 .text.sbrk_aligned
                0x000000000800c6b8       0x40 d:/programas/stm32cubeide_1.9.0/stm32cubeide/plugins/com.st.stm32cube.ide.mcu.externaltools.gnu-tools-for-stm32.10.3-2021.10.win32_1.0.200.202301161003/tools/bin/../lib/gcc/arm-none-eabi/10.3.1/../../../../arm-none-eabi/lib/thumb/v7e-m+fp/hard\libc_nano.a(lib_a-nano-mallocr.o)
 .text._malloc_r
                0x000000000800c6f8       0xe8 d:/programas/stm32cubeide_1.9.0/stm32cubeide/plugins/com.st.stm32cube.ide.mcu.externaltools.gnu-tools-for-stm32.10.3-2021.10.win32_1.0.200.202301161003/tools/bin/../lib/gcc/arm-none-eabi/10.3.1/../../../../arm-none-eabi/lib/thumb/v7e-m+fp/hard\libc_nano.a(lib_a-nano-mallocr.o)
                0x000000000800c6f8                _malloc_r
 .text.printf   0x000000000800c7e0       0x30 d:/programas/stm32cubeide_1.9.0/stm32cubeide/plugins/com.st.stm32cube.ide.mcu.externaltools.gnu-tools-for-stm32.10.3-2021.10.win32_1.0.200.202301161003/tools/bin/../lib/gcc/arm-none-eabi/10.3.1/../../../../arm-none-eabi/lib/thumb/v7e-m+fp/hard\libc_nano.a(lib_a-printf.o)
                0x000000000800c7e0                iprintf
                0x000000000800c7e0                printf
 .text._puts_r  0x000000000800c810       0xdc d:/programas/stm32cubeide_1.9.0/stm32cubeide/plugins/com.st.stm32cube.ide.mcu.externaltools.gnu-tools-for-stm32.10.3-2021.10.win32_1.0.200.202301161003/tools/bin/../lib/gcc/arm-none-eabi/10.3.1/../../../../arm-none-eabi/lib/thumb/v7e-m+fp/hard\libc_nano.a(lib_a-puts.o)
                0x000000000800c810                _puts_r
 .text.puts     0x000000000800c8ec       0x10 d:/programas/stm32cubeide_1.9.0/stm32cubeide/plugins/com.st.stm32cube.ide.mcu.externaltools.gnu-tools-for-stm32.10.3-2021.10.win32_1.0.200.202301161003/tools/bin/../lib/gcc/arm-none-eabi/10.3.1/../../../../arm-none-eabi/lib/thumb/v7e-m+fp/hard\libc_nano.a(lib_a-puts.o)
                0x000000000800c8ec                puts
 .text.cleanup_glue
                0x000000000800c8fc       0x1a d:/programas/stm32cubeide_1.9.0/stm32cubeide/plugins/com.st.stm32cube.ide.mcu.externaltools.gnu-tools-for-stm32.10.3-2021.10.win32_1.0.200.202301161003/tools/bin/../lib/gcc/arm-none-eabi/10.3.1/../../../../arm-none-eabi/lib/thumb/v7e-m+fp/hard\libc_nano.a(lib_a-reent.o)
                0x000000000800c8fc                cleanup_glue
 *fill*         0x000000000800c916        0x2 
 .text._reclaim_reent
                0x000000000800c918       0xb8 d:/programas/stm32cubeide_1.9.0/stm32cubeide/plugins/com.st.stm32cube.ide.mcu.externaltools.gnu-tools-for-stm32.10.3-2021.10.win32_1.0.200.202301161003/tools/bin/../lib/gcc/arm-none-eabi/10.3.1/../../../../arm-none-eabi/lib/thumb/v7e-m+fp/hard\libc_nano.a(lib_a-reent.o)
                0x000000000800c918                _reclaim_reent
 .text._sbrk_r  0x000000000800c9d0       0x20 d:/programas/stm32cubeide_1.9.0/stm32cubeide/plugins/com.st.stm32cube.ide.mcu.externaltools.gnu-tools-for-stm32.10.3-2021.10.win32_1.0.200.202301161003/tools/bin/../lib/gcc/arm-none-eabi/10.3.1/../../../../arm-none-eabi/lib/thumb/v7e-m+fp/hard\libc_nano.a(lib_a-sbrkr.o)
                0x000000000800c9d0                _sbrk_r
 .text.snprintf
                0x000000000800c9f0       0x68 d:/programas/stm32cubeide_1.9.0/stm32cubeide/plugins/com.st.stm32cube.ide.mcu.externaltools.gnu-tools-for-stm32.10.3-2021.10.win32_1.0.200.202301161003/tools/bin/../lib/gcc/arm-none-eabi/10.3.1/../../../../arm-none-eabi/lib/thumb/v7e-m+fp/hard\libc_nano.a(lib_a-snprintf.o)
                0x000000000800c9f0                sniprintf
                0x000000000800c9f0                snprintf
 .text.sprintf  0x000000000800ca58       0x40 d:/programas/stm32cubeide_1.9.0/stm32cubeide/plugins/com.st.stm32cube.ide.mcu.externaltools.gnu-tools-for-stm32.10.3-2021.10.win32_1.0.200.202301161003/tools/bin/../lib/gcc/arm-none-eabi/10.3.1/../../../../arm-none-eabi/lib/thumb/v7e-m+fp/hard\libc_nano.a(lib_a-sprintf.o)
                0x000000000800ca58                siprintf
                0x000000000800ca58                sprintf
 .text.__sread  0x000000000800ca98       0x22 d:/programas/stm32cubeide_1.9.0/stm32cubeide/plugins/com.st.stm32cube.ide.mcu.externaltools.gnu-tools-for-stm32.10.3-2021.10.win32_1.0.200.202301161003/tools/bin/../lib/gcc/arm-none-eabi/10.3.1/../../../../arm-none-eabi/lib/thumb/v7e-m+fp/hard\libc_nano.a(lib_a-stdio.o)
                0x000000000800ca98                __sread
 .text.__swrite
                0x000000000800caba       0x38 d:/programas/stm32cubeide_1.9.0/stm32cubeide/plugins/com.st.stm32cube.ide.mcu.externaltools.gnu-tools-for-stm32.10.3-2021.10.win32_1.0.200.202301161003/tools/bin/../lib/gcc/arm-none-eabi/10.3.1/../../../../arm-none-eabi/lib/thumb/v7e-m+fp/hard\libc_nano.a(lib_a-stdio.o)
                0x000000000800caba                __swrite
 .text.__sseek  0x000000000800caf2       0x24 d:/programas/stm32cubeide_1.9.0/stm32cubeide/plugins/com.st.stm32cube.ide.mcu.externaltools.gnu-tools-for-stm32.10.3-2021.10.win32_1.0.200.202301161003/tools/bin/../lib/gcc/arm-none-eabi/10.3.1/../../../../arm-none-eabi/lib/thumb/v7e-m+fp/hard\libc_nano.a(lib_a-stdio.o)
                0x000000000800caf2                __sseek
 .text.__sclose
                0x000000000800cb16        0x8 d:/programas/stm32cubeide_1.9.0/stm32cubeide/plugins/com.st.stm32cube.ide.mcu.externaltools.gnu-tools-for-stm32.10.3-2021.10.win32_1.0.200.202301161003/tools/bin/../lib/gcc/arm-none-eabi/10.3.1/../../../../arm-none-eabi/lib/thumb/v7e-m+fp/hard\libc_nano.a(lib_a-stdio.o)
                0x000000000800cb16                __sclose
 .text.strncpy  0x000000000800cb1e       0x26 d:/programas/stm32cubeide_1.9.0/stm32cubeide/plugins/com.st.stm32cube.ide.mcu.externaltools.gnu-tools-for-stm32.10.3-2021.10.win32_1.0.200.202301161003/tools/bin/../lib/gcc/arm-none-eabi/10.3.1/../../../../arm-none-eabi/lib/thumb/v7e-m+fp/hard\libc_nano.a(lib_a-strncpy.o)
                0x000000000800cb1e                strncpy
 .text.strstr   0x000000000800cb44       0x2c d:/programas/stm32cubeide_1.9.0/stm32cubeide/plugins/com.st.stm32cube.ide.mcu.externaltools.gnu-tools-for-stm32.10.3-2021.10.win32_1.0.200.202301161003/tools/bin/../lib/gcc/arm-none-eabi/10.3.1/../../../../arm-none-eabi/lib/thumb/v7e-m+fp/hard\libc_nano.a(lib_a-strstr.o)
                0x000000000800cb44                strstr
 .text.strtok   0x000000000800cb70       0x68 d:/programas/stm32cubeide_1.9.0/stm32cubeide/plugins/com.st.stm32cube.ide.mcu.externaltools.gnu-tools-for-stm32.10.3-2021.10.win32_1.0.200.202301161003/tools/bin/../lib/gcc/arm-none-eabi/10.3.1/../../../../arm-none-eabi/lib/thumb/v7e-m+fp/hard\libc_nano.a(lib_a-strtok.o)
                0x000000000800cb70                strtok
 .text.__strtok_r
                0x000000000800cbd8       0x50 d:/programas/stm32cubeide_1.9.0/stm32cubeide/plugins/com.st.stm32cube.ide.mcu.externaltools.gnu-tools-for-stm32.10.3-2021.10.win32_1.0.200.202301161003/tools/bin/../lib/gcc/arm-none-eabi/10.3.1/../../../../arm-none-eabi/lib/thumb/v7e-m+fp/hard\libc_nano.a(lib_a-strtok_r.o)
                0x000000000800cbd8                __strtok_r
 .text.__swbuf_r
                0x000000000800cc28       0xa4 d:/programas/stm32cubeide_1.9.0/stm32cubeide/plugins/com.st.stm32cube.ide.mcu.externaltools.gnu-tools-for-stm32.10.3-2021.10.win32_1.0.200.202301161003/tools/bin/../lib/gcc/arm-none-eabi/10.3.1/../../../../arm-none-eabi/lib/thumb/v7e-m+fp/hard\libc_nano.a(lib_a-wbuf.o)
                0x000000000800cc28                __swbuf_r
 .text._write_r
                0x000000000800cccc       0x24 d:/programas/stm32cubeide_1.9.0/stm32cubeide/plugins/com.st.stm32cube.ide.mcu.externaltools.gnu-tools-for-stm32.10.3-2021.10.win32_1.0.200.202301161003/tools/bin/../lib/gcc/arm-none-eabi/10.3.1/../../../../arm-none-eabi/lib/thumb/v7e-m+fp/hard\libc_nano.a(lib_a-writer.o)
                0x000000000800cccc                _write_r
 .text.__swsetup_r
                0x000000000800ccf0       0xdc d:/programas/stm32cubeide_1.9.0/stm32cubeide/plugins/com.st.stm32cube.ide.mcu.externaltools.gnu-tools-for-stm32.10.3-2021.10.win32_1.0.200.202301161003/tools/bin/../lib/gcc/arm-none-eabi/10.3.1/../../../../arm-none-eabi/lib/thumb/v7e-m+fp/hard\libc_nano.a(lib_a-wsetup.o)
                0x000000000800ccf0                __swsetup_r
 .text.__assert_func
                0x000000000800cdcc       0x3c d:/programas/stm32cubeide_1.9.0/stm32cubeide/plugins/com.st.stm32cube.ide.mcu.externaltools.gnu-tools-for-stm32.10.3-2021.10.win32_1.0.200.202301161003/tools/bin/../lib/gcc/arm-none-eabi/10.3.1/../../../../arm-none-eabi/lib/thumb/v7e-m+fp/hard\libc_nano.a(lib_a-assert.o)
                0x000000000800cdcc                __assert_func
 .text._close_r
                0x000000000800ce08       0x20 d:/programas/stm32cubeide_1.9.0/stm32cubeide/plugins/com.st.stm32cube.ide.mcu.externaltools.gnu-tools-for-stm32.10.3-2021.10.win32_1.0.200.202301161003/tools/bin/../lib/gcc/arm-none-eabi/10.3.1/../../../../arm-none-eabi/lib/thumb/v7e-m+fp/hard\libc_nano.a(lib_a-closer.o)
                0x000000000800ce08                _close_r
 .text.__sflush_r
                0x000000000800ce28      0x10c d:/programas/stm32cubeide_1.9.0/stm32cubeide/plugins/com.st.stm32cube.ide.mcu.externaltools.gnu-tools-for-stm32.10.3-2021.10.win32_1.0.200.202301161003/tools/bin/../lib/gcc/arm-none-eabi/10.3.1/../../../../arm-none-eabi/lib/thumb/v7e-m+fp/hard\libc_nano.a(lib_a-fflush.o)
                0x000000000800ce28                __sflush_r
 .text._fflush_r
                0x000000000800cf34       0x78 d:/programas/stm32cubeide_1.9.0/stm32cubeide/plugins/com.st.stm32cube.ide.mcu.externaltools.gnu-tools-for-stm32.10.3-2021.10.win32_1.0.200.202301161003/tools/bin/../lib/gcc/arm-none-eabi/10.3.1/../../../../arm-none-eabi/lib/thumb/v7e-m+fp/hard\libc_nano.a(lib_a-fflush.o)
                0x000000000800cf34                _fflush_r
 .text.fprintf  0x000000000800cfac       0x24 d:/programas/stm32cubeide_1.9.0/stm32cubeide/plugins/com.st.stm32cube.ide.mcu.externaltools.gnu-tools-for-stm32.10.3-2021.10.win32_1.0.200.202301161003/tools/bin/../lib/gcc/arm-none-eabi/10.3.1/../../../../arm-none-eabi/lib/thumb/v7e-m+fp/hard\libc_nano.a(lib_a-fprintf.o)
                0x000000000800cfac                fiprintf
                0x000000000800cfac                fprintf
 .text._lseek_r
                0x000000000800cfd0       0x24 d:/programas/stm32cubeide_1.9.0/stm32cubeide/plugins/com.st.stm32cube.ide.mcu.externaltools.gnu-tools-for-stm32.10.3-2021.10.win32_1.0.200.202301161003/tools/bin/../lib/gcc/arm-none-eabi/10.3.1/../../../../arm-none-eabi/lib/thumb/v7e-m+fp/hard\libc_nano.a(lib_a-lseekr.o)
                0x000000000800cfd0                _lseek_r
 .text.__swhatbuf_r
                0x000000000800cff4       0x4a d:/programas/stm32cubeide_1.9.0/stm32cubeide/plugins/com.st.stm32cube.ide.mcu.externaltools.gnu-tools-for-stm32.10.3-2021.10.win32_1.0.200.202301161003/tools/bin/../lib/gcc/arm-none-eabi/10.3.1/../../../../arm-none-eabi/lib/thumb/v7e-m+fp/hard\libc_nano.a(lib_a-makebuf.o)
                0x000000000800cff4                __swhatbuf_r
 *fill*         0x000000000800d03e        0x2 
 .text.__smakebuf_r
                0x000000000800d040       0x80 d:/programas/stm32cubeide_1.9.0/stm32cubeide/plugins/com.st.stm32cube.ide.mcu.externaltools.gnu-tools-for-stm32.10.3-2021.10.win32_1.0.200.202301161003/tools/bin/../lib/gcc/arm-none-eabi/10.3.1/../../../../arm-none-eabi/lib/thumb/v7e-m+fp/hard\libc_nano.a(lib_a-makebuf.o)
                0x000000000800d040                __smakebuf_r
 .text.__malloc_lock
                0x000000000800d0c0        0xc d:/programas/stm32cubeide_1.9.0/stm32cubeide/plugins/com.st.stm32cube.ide.mcu.externaltools.gnu-tools-for-stm32.10.3-2021.10.win32_1.0.200.202301161003/tools/bin/../lib/gcc/arm-none-eabi/10.3.1/../../../../arm-none-eabi/lib/thumb/v7e-m+fp/hard\libc_nano.a(lib_a-mlock.o)
                0x000000000800d0c0                __malloc_lock
 .text.__malloc_unlock
                0x000000000800d0cc        0xc d:/programas/stm32cubeide_1.9.0/stm32cubeide/plugins/com.st.stm32cube.ide.mcu.externaltools.gnu-tools-for-stm32.10.3-2021.10.win32_1.0.200.202301161003/tools/bin/../lib/gcc/arm-none-eabi/10.3.1/../../../../arm-none-eabi/lib/thumb/v7e-m+fp/hard\libc_nano.a(lib_a-mlock.o)
                0x000000000800d0cc                __malloc_unlock
 .text.__ssputs_r
                0x000000000800d0d8       0xb6 d:/programas/stm32cubeide_1.9.0/stm32cubeide/plugins/com.st.stm32cube.ide.mcu.externaltools.gnu-tools-for-stm32.10.3-2021.10.win32_1.0.200.202301161003/tools/bin/../lib/gcc/arm-none-eabi/10.3.1/../../../../arm-none-eabi/lib/thumb/v7e-m+fp/hard\libc_nano.a(lib_a-nano-svfprintf.o)
                0x000000000800d0d8                __ssputs_r
 *fill*         0x000000000800d18e        0x2 
 .text._svfprintf_r
                0x000000000800d190      0x200 d:/programas/stm32cubeide_1.9.0/stm32cubeide/plugins/com.st.stm32cube.ide.mcu.externaltools.gnu-tools-for-stm32.10.3-2021.10.win32_1.0.200.202301161003/tools/bin/../lib/gcc/arm-none-eabi/10.3.1/../../../../arm-none-eabi/lib/thumb/v7e-m+fp/hard\libc_nano.a(lib_a-nano-svfprintf.o)
                0x000000000800d190                _svfiprintf_r
                0x000000000800d190                _svfprintf_r
 .text.__sfputc_r
                0x000000000800d390       0x2e d:/programas/stm32cubeide_1.9.0/stm32cubeide/plugins/com.st.stm32cube.ide.mcu.externaltools.gnu-tools-for-stm32.10.3-2021.10.win32_1.0.200.202301161003/tools/bin/../lib/gcc/arm-none-eabi/10.3.1/../../../../arm-none-eabi/lib/thumb/v7e-m+fp/hard\libc_nano.a(lib_a-nano-vfprintf.o)
 .text.__sfputs_r
                0x000000000800d3be       0x24 d:/programas/stm32cubeide_1.9.0/stm32cubeide/plugins/com.st.stm32cube.ide.mcu.externaltools.gnu-tools-for-stm32.10.3-2021.10.win32_1.0.200.202301161003/tools/bin/../lib/gcc/arm-none-eabi/10.3.1/../../../../arm-none-eabi/lib/thumb/v7e-m+fp/hard\libc_nano.a(lib_a-nano-vfprintf.o)
                0x000000000800d3be                __sfputs_r
 *fill*         0x000000000800d3e2        0x2 
 .text._vfprintf_r
                0x000000000800d3e4      0x260 d:/programas/stm32cubeide_1.9.0/stm32cubeide/plugins/com.st.stm32cube.ide.mcu.externaltools.gnu-tools-for-stm32.10.3-2021.10.win32_1.0.200.202301161003/tools/bin/../lib/gcc/arm-none-eabi/10.3.1/../../../../arm-none-eabi/lib/thumb/v7e-m+fp/hard\libc_nano.a(lib_a-nano-vfprintf.o)
                0x000000000800d3e4                _vfprintf_r
                0x000000000800d3e4                _vfiprintf_r
 .text._printf_common
                0x000000000800d644       0xda d:/programas/stm32cubeide_1.9.0/stm32cubeide/plugins/com.st.stm32cube.ide.mcu.externaltools.gnu-tools-for-stm32.10.3-2021.10.win32_1.0.200.202301161003/tools/bin/../lib/gcc/arm-none-eabi/10.3.1/../../../../arm-none-eabi/lib/thumb/v7e-m+fp/hard\libc_nano.a(lib_a-nano-vfprintf_i.o)
                0x000000000800d644                _printf_common
 *fill*         0x000000000800d71e        0x2 
 .text._printf_i
                0x000000000800d720      0x24c d:/programas/stm32cubeide_1.9.0/stm32cubeide/plugins/com.st.stm32cube.ide.mcu.externaltools.gnu-tools-for-stm32.10.3-2021.10.win32_1.0.200.202301161003/tools/bin/../lib/gcc/arm-none-eabi/10.3.1/../../../../arm-none-eabi/lib/thumb/v7e-m+fp/hard\libc_nano.a(lib_a-nano-vfprintf_i.o)
                0x000000000800d720                _printf_i
 .text._read_r  0x000000000800d96c       0x24 d:/programas/stm32cubeide_1.9.0/stm32cubeide/plugins/com.st.stm32cube.ide.mcu.externaltools.gnu-tools-for-stm32.10.3-2021.10.win32_1.0.200.202301161003/tools/bin/../lib/gcc/arm-none-eabi/10.3.1/../../../../arm-none-eabi/lib/thumb/v7e-m+fp/hard\libc_nano.a(lib_a-readr.o)
                0x000000000800d96c                _read_r
 .text.abort    0x000000000800d990        0xe d:/programas/stm32cubeide_1.9.0/stm32cubeide/plugins/com.st.stm32cube.ide.mcu.externaltools.gnu-tools-for-stm32.10.3-2021.10.win32_1.0.200.202301161003/tools/bin/../lib/gcc/arm-none-eabi/10.3.1/../../../../arm-none-eabi/lib/thumb/v7e-m+fp/hard\libc_nano.a(lib_a-abort.o)
                0x000000000800d990                abort
 *fill*         0x000000000800d99e        0x2 
 .text._fstat_r
                0x000000000800d9a0       0x24 d:/programas/stm32cubeide_1.9.0/stm32cubeide/plugins/com.st.stm32cube.ide.mcu.externaltools.gnu-tools-for-stm32.10.3-2021.10.win32_1.0.200.202301161003/tools/bin/../lib/gcc/arm-none-eabi/10.3.1/../../../../arm-none-eabi/lib/thumb/v7e-m+fp/hard\libc_nano.a(lib_a-fstatr.o)
                0x000000000800d9a0                _fstat_r
 .text._isatty_r
                0x000000000800d9c4       0x20 d:/programas/stm32cubeide_1.9.0/stm32cubeide/plugins/com.st.stm32cube.ide.mcu.externaltools.gnu-tools-for-stm32.10.3-2021.10.win32_1.0.200.202301161003/tools/bin/../lib/gcc/arm-none-eabi/10.3.1/../../../../arm-none-eabi/lib/thumb/v7e-m+fp/hard\libc_nano.a(lib_a-isattyr.o)
                0x000000000800d9c4                _isatty_r
 .text.memmove  0x000000000800d9e4       0x34 d:/programas/stm32cubeide_1.9.0/stm32cubeide/plugins/com.st.stm32cube.ide.mcu.externaltools.gnu-tools-for-stm32.10.3-2021.10.win32_1.0.200.202301161003/tools/bin/../lib/gcc/arm-none-eabi/10.3.1/../../../../arm-none-eabi/lib/thumb/v7e-m+fp/hard\libc_nano.a(lib_a-memmove.o)
                0x000000000800d9e4                memmove
 .text._realloc_r
                0x000000000800da18       0x5e d:/programas/stm32cubeide_1.9.0/stm32cubeide/plugins/com.st.stm32cube.ide.mcu.externaltools.gnu-tools-for-stm32.10.3-2021.10.win32_1.0.200.202301161003/tools/bin/../lib/gcc/arm-none-eabi/10.3.1/../../../../arm-none-eabi/lib/thumb/v7e-m+fp/hard\libc_nano.a(lib_a-nano-reallocr.o)
                0x000000000800da18                _realloc_r
 .text._raise_r
                0x000000000800da76       0x50 d:/programas/stm32cubeide_1.9.0/stm32cubeide/plugins/com.st.stm32cube.ide.mcu.externaltools.gnu-tools-for-stm32.10.3-2021.10.win32_1.0.200.202301161003/tools/bin/../lib/gcc/arm-none-eabi/10.3.1/../../../../arm-none-eabi/lib/thumb/v7e-m+fp/hard\libc_nano.a(lib_a-signal.o)
                0x000000000800da76                _raise_r
 *fill*         0x000000000800dac6        0x2 
 .text.raise    0x000000000800dac8       0x10 d:/programas/stm32cubeide_1.9.0/stm32cubeide/plugins/com.st.stm32cube.ide.mcu.externaltools.gnu-tools-for-stm32.10.3-2021.10.win32_1.0.200.202301161003/tools/bin/../lib/gcc/arm-none-eabi/10.3.1/../../../../arm-none-eabi/lib/thumb/v7e-m+fp/hard\libc_nano.a(lib_a-signal.o)
                0x000000000800dac8                raise
 .text._kill_r  0x000000000800dad8       0x24 d:/programas/stm32cubeide_1.9.0/stm32cubeide/plugins/com.st.stm32cube.ide.mcu.externaltools.gnu-tools-for-stm32.10.3-2021.10.win32_1.0.200.202301161003/tools/bin/../lib/gcc/arm-none-eabi/10.3.1/../../../../arm-none-eabi/lib/thumb/v7e-m+fp/hard\libc_nano.a(lib_a-signalr.o)
                0x000000000800dad8                _kill_r
 .text._getpid_r
                0x000000000800dafc        0x4 d:/programas/stm32cubeide_1.9.0/stm32cubeide/plugins/com.st.stm32cube.ide.mcu.externaltools.gnu-tools-for-stm32.10.3-2021.10.win32_1.0.200.202301161003/tools/bin/../lib/gcc/arm-none-eabi/10.3.1/../../../../arm-none-eabi/lib/thumb/v7e-m+fp/hard\libc_nano.a(lib_a-signalr.o)
                0x000000000800dafc                _getpid_r
 .text._malloc_usable_size_r
                0x000000000800db00       0x10 d:/programas/stm32cubeide_1.9.0/stm32cubeide/plugins/com.st.stm32cube.ide.mcu.externaltools.gnu-tools-for-stm32.10.3-2021.10.win32_1.0.200.202301161003/tools/bin/../lib/gcc/arm-none-eabi/10.3.1/../../../../arm-none-eabi/lib/thumb/v7e-m+fp/hard\libc_nano.a(lib_a-nano-msizer.o)
                0x000000000800db00                _malloc_usable_size_r
 *(.glue_7)
 .glue_7        0x000000000800db10        0x0 linker stubs
 *(.glue_7t)
 .glue_7t       0x000000000800db10        0x0 linker stubs
 *(.eh_frame)
 .eh_frame      0x000000000800db10        0x0 d:/programas/stm32cubeide_1.9.0/stm32cubeide/plugins/com.st.stm32cube.ide.mcu.externaltools.gnu-tools-for-stm32.10.3-2021.10.win32_1.0.200.202301161003/tools/bin/../lib/gcc/arm-none-eabi/10.3.1/thumb/v7e-m+fp/hard/crtbegin.o
 *(.init)
 .init          0x000000000800db10        0x4 d:/programas/stm32cubeide_1.9.0/stm32cubeide/plugins/com.st.stm32cube.ide.mcu.externaltools.gnu-tools-for-stm32.10.3-2021.10.win32_1.0.200.202301161003/tools/bin/../lib/gcc/arm-none-eabi/10.3.1/thumb/v7e-m+fp/hard/crti.o
                0x000000000800db10                _init
 .init          0x000000000800db14        0x8 d:/programas/stm32cubeide_1.9.0/stm32cubeide/plugins/com.st.stm32cube.ide.mcu.externaltools.gnu-tools-for-stm32.10.3-2021.10.win32_1.0.200.202301161003/tools/bin/../lib/gcc/arm-none-eabi/10.3.1/thumb/v7e-m+fp/hard/crtn.o
 *(.fini)
 .fini          0x000000000800db1c        0x4 d:/programas/stm32cubeide_1.9.0/stm32cubeide/plugins/com.st.stm32cube.ide.mcu.externaltools.gnu-tools-for-stm32.10.3-2021.10.win32_1.0.200.202301161003/tools/bin/../lib/gcc/arm-none-eabi/10.3.1/thumb/v7e-m+fp/hard/crti.o
                0x000000000800db1c                _fini
 .fini          0x000000000800db20        0x8 d:/programas/stm32cubeide_1.9.0/stm32cubeide/plugins/com.st.stm32cube.ide.mcu.externaltools.gnu-tools-for-stm32.10.3-2021.10.win32_1.0.200.202301161003/tools/bin/../lib/gcc/arm-none-eabi/10.3.1/thumb/v7e-m+fp/hard/crtn.o
                0x000000000800db28                . = ALIGN (0x4)
                0x000000000800db28                _etext = .

.vfp11_veneer   0x000000000800db28        0x0
 .vfp11_veneer  0x000000000800db28        0x0 linker stubs

.v4_bx          0x000000000800db28        0x0
 .v4_bx         0x000000000800db28        0x0 linker stubs

.iplt           0x000000000800db28        0x0