../Core/Src/main.c:109:5:main	8	static
../Core/Src/main.c:206:6:SystemClock_Config	96	static
../Core/Src/main.c:265:13:MX_DFSDM1_Init	8	static
../Core/Src/main.c:303:13:MX_I2C2_Init	8	static
../Core/Src/main.c:348:13:MX_QUADSPI_Init	8	static
../Core/Src/main.c:379:13:MX_SPI3_Init	8	static
../Core/Src/main.c:417:13:MX_UART4_Init	8	static
../Core/Src/main.c:450:13:MX_USART1_UART_Init	8	static
../Core/Src/main.c:483:13:MX_USB_OTG_FS_PCD_Init	8	static
../Core/Src/main.c:516:13:MX_GPIO_Init	48	static
../Core/Src/main.c:723:6:HAL_TIM_PeriodElapsedCallback	16	static
../Core/Src/main.c:739:6:Error_Handler	4	static,ignoring_inline_asm
