../Core/Src/main.c:105:5:main	8	static
../Core/Src/main.c:200:6:SystemClock_Config	96	static
../Core/Src/main.c:259:13:MX_DFSDM1_Init	8	static
../Core/Src/main.c:297:13:MX_I2C2_Init	8	static
../Core/Src/main.c:342:13:MX_QUADSPI_Init	8	static
../Core/Src/main.c:373:13:MX_SPI3_Init	8	static
../Core/Src/main.c:411:13:MX_UART4_Init	8	static
../Core/Src/main.c:444:13:MX_USART1_UART_Init	8	static
../Core/Src/main.c:477:13:MX_USB_OTG_FS_PCD_Init	8	static
../Core/Src/main.c:510:13:MX_GPIO_Init	48	static
../Core/Src/main.c:725:6:HAL_TIM_PeriodElapsedCallback	16	static
../Core/Src/main.c:741:6:Error_Handler	4	static,ignoring_inline_asm
