../Core/Src/stm32l4xx_it.c:72:6:NMI_Handler	4	static
../Core/Src/stm32l4xx_it.c:87:6:HardFault_Handler	4	static
../Core/Src/stm32l4xx_it.c:101:6:MemManage_Handler	4	static
../Core/Src/stm32l4xx_it.c:116:6:BusFault_Handler	4	static
../Core/Src/stm32l4xx_it.c:131:6:UsageFault_Handler	4	static
../Core/Src/stm32l4xx_it.c:146:6:DebugMon_Handler	4	static
../Core/Src/stm32l4xx_it.c:166:6:EXTI9_5_IRQHandler	8	static
../Core/Src/stm32l4xx_it.c:183:6:TIM4_IRQHandler	8	static
../Core/Src/stm32l4xx_it.c:197:6:USART1_IRQHandler	8	static
../Core/Src/stm32l4xx_it.c:211:6:EXTI15_10_IRQHandler	8	static
../Core/Src/stm32l4xx_it.c:229:6:UART4_IRQHandler	8	static
