../Core/Src/web_server.c:49:12:wifi_start	16	static
../Core/Src/web_server.c:73:5:wifi_connect	8	static
../Core/Src/web_server.c:96:5:wifi_server	32	static
../Core/Src/web_server.c:143:13:WebServerProcess	24	static
../Core/Src/web_server.c:199:5:RequestJSONProcess	16	static
../Core/Src/web_server.c:216:13:RequestJSON	2624	static
../Core/Src/web_server.c:312:22:SendWebPage	600	static
../Core/Src/web_server.c:368:6:EXTI1_IRQHandler	8	static
../Core/Src/web_server.c:378:6:HAL_GPIO_EXTI_Callback	16	static
../Core/Src/web_server.c:397:6:SPI3_IRQHandler	8	static
