../LibWIFI/Src/es_wifi.c:104:16:Hex2Num	16	static
../LibWIFI/Src/es_wifi.c:122:17:ParseHexNumber	24	static
../LibWIFI/Src/es_wifi.c:145:16:ParseNumber	24	static
../LibWIFI/Src/es_wifi.c:174:13:ParseMAC	24	static
../LibWIFI/Src/es_wifi.c:192:13:ParseIP	24	static
../LibWIFI/Src/es_wifi.c:209:31:ParseSecurity	16	static
../LibWIFI/Src/es_wifi.c:232:13:AT_ParseInfo	24	static
../LibWIFI/Src/es_wifi.c:282:13:AT_ParseAP	32	static
../LibWIFI/Src/es_wifi.c:328:17:ArrayTo32bit	16	static
../LibWIFI/Src/es_wifi.c:338:13:AT_ParseFWRev	24	static
../LibWIFI/Src/es_wifi.c:369:13:AT_ParseSingleAP	24	static
../LibWIFI/Src/es_wifi.c:466:13:AT_ParseSystemConfig	24	static
../LibWIFI/Src/es_wifi.c:531:13:AT_ParseConnSettings	24	static
../LibWIFI/Src/es_wifi.c:606:13:AT_ParseTransportSettings	24	static
../LibWIFI/Src/es_wifi.c:672:13:AT_ParseIsConnected	16	static
../LibWIFI/Src/es_wifi.c:682:13:AT_ParsePing	40	static
../LibWIFI/Src/es_wifi.c:705:25:AT_ExecuteCommand	40	static
../LibWIFI/Src/es_wifi.c:747:25:AT_RequestSendData	32	static
../LibWIFI/Src/es_wifi.c:798:25:AT_RequestReceiveData	40	static
../LibWIFI/Src/es_wifi.c:847:18:ES_WIFI_Init	24	static
../LibWIFI/Src/es_wifi.c:870:18:ES_WIFI_GetProductID	16	static
../LibWIFI/Src/es_wifi.c:882:18:ES_WIFI_GetFWRevID	16	static
../LibWIFI/Src/es_wifi.c:893:18:ES_WIFI_GetProductName	16	static
../LibWIFI/Src/es_wifi.c:906:18:ES_WIFI_GetAPIRev	16	static
../LibWIFI/Src/es_wifi.c:917:18:ES_WIFI_GetStackRev	16	static
../LibWIFI/Src/es_wifi.c:928:18:ES_WIFI_GetRTOSRev	16	static
../LibWIFI/Src/es_wifi.c:938:18:ES_WIFI_RegisterBusIO	24	static
../LibWIFI/Src/es_wifi.c:960:18:ES_WIFI_SetTimeout	16	static
../LibWIFI/Src/es_wifi.c:971:18:ES_WIFI_ListAccessPoints	40	static
../LibWIFI/Src/es_wifi.c:1044:18:ES_WIFI_Connect	32	static
../LibWIFI/Src/es_wifi.c:1076:9:ES_WIFI_IsConnected	24	static
../LibWIFI/Src/es_wifi.c:1093:18:ES_WIFI_Disconnect	24	static
../LibWIFI/Src/es_wifi.c:1107:18:ES_WIFI_GetNetworkSettings	24	static
../LibWIFI/Src/es_wifi.c:1130:18:ES_WIFI_ActivateAP	24	static
../LibWIFI/Src/es_wifi.c:1179:19:ES_WIFI_WaitAPStateChange	24	static
../LibWIFI/Src/es_wifi.c:1243:18:ES_WIFI_GetMACAddress	24	static
../LibWIFI/Src/es_wifi.c:1263:18:ES_WIFI_GetIPAddress	16	static
../LibWIFI/Src/es_wifi.c:1274:18:ES_WIFI_SetMACAddress	56	static
../LibWIFI/Src/es_wifi.c:1293:18:ES_WIFI_ResetToFactoryDefault	24	static
../LibWIFI/Src/es_wifi.c:1307:18:ES_WIFI_ResetModule	32	static
../LibWIFI/Src/es_wifi.c:1329:18:ES_WIFI_HardResetModule	24	static
../LibWIFI/Src/es_wifi.c:1343:18:ES_WIFI_SetProductName	24	static
../LibWIFI/Src/es_wifi.c:1426:18:ES_WIFI_GetSystemConfig	24	static
../LibWIFI/Src/es_wifi.c:1446:18:ES_WIFI_Ping	48	static
../LibWIFI/Src/es_wifi.c:1484:18:ES_WIFI_DNS_LookUp	32	static
../LibWIFI/Src/es_wifi.c:1506:18:ES_WIFI_StartClientConnection	40	static
../LibWIFI/Src/es_wifi.c:1565:18:ES_WIFI_StopClientConnection	24	static
../LibWIFI/Src/es_wifi.c:1651:18:ES_WIFI_StartServerSingleConn	24	static
../LibWIFI/Src/es_wifi.c:1711:18:ES_WIFI_WaitServerConnection	48	static
../LibWIFI/Src/es_wifi.c:1788:18:ES_WIFI_CloseServerConnection	24	static
../LibWIFI/Src/es_wifi.c:1816:18:ES_WIFI_StopServerSingleConn	24	static
../LibWIFI/Src/es_wifi.c:1847:18:ES_WIFI_StartServerMultiConn	24	static
../LibWIFI/Src/es_wifi.c:1902:18:ES_WIFI_StopServerMultiConn	24	static
../LibWIFI/Src/es_wifi.c:1961:18:ES_WIFI_SendData	40	static
../LibWIFI/Src/es_wifi.c:2014:18:ES_WIFI_SendDataTo	56	static
../LibWIFI/Src/es_wifi.c:2098:18:ES_WIFI_ReceiveData	40	static
../LibWIFI/Src/es_wifi.c:2149:18:ES_WIFI_ReceiveDataFrom	64	static
../LibWIFI/Src/es_wifi.c:2226:18:ES_WIFI_StoreCreds	40	static
../LibWIFI/Src/es_wifi.c:2264:18:ES_WIFI_StoreCA	40	static
../LibWIFI/Src/es_wifi.c:2284:18:ES_WIFI_StoreCertificate	40	static
../LibWIFI/Src/es_wifi.c:2306:18:ES_WIFI_StoreKey	40	static
