17:04:13 **** Incremental Build of configuration Debug for project STM32TFG ****
make -j4 all 
arm-none-eabi-gcc "../Core/Src/main.c" -mcpu=cortex-m3 -std=gnu11 -g3 -DDEBUG -DUSE_HAL_DRIVER -DSTM32F103xB -c -I../Core/Inc -I../Drivers/STM32F1xx_HAL_Driver/Inc -I../Drivers/STM32F1xx_HAL_Driver/Inc/Legacy -I../Drivers/CMSIS/Device/ST/STM32F1xx/Include -I../Drivers/CMSIS/Include -O0 -ffunction-sections -fdata-sections -Wall -fstack-usage -MMD -MP -MF"Core/Src/main.d" -MT"Core/Src/main.o" --specs=nano.specs -mfloat-abi=soft -mthumb -o "Core/Src/main.o"
arm-none-eabi-gcc -o "STM32TFG.elf" @"objects.list"   -mcpu=cortex-m3 -T"C:\Users\josec\STM32CubeIDE\workspace_1.9.0\STM32TFG\STM32F103RBTX_FLASH.ld" --specs=nosys.specs -Wl,-Map="STM32TFG.map" -Wl,--gc-sections -static --specs=nano.specs -mfloat-abi=soft -mthumb -Wl,--start-group -lc -lm -Wl,--end-group
Finished building target: STM32TFG.elf
 
arm-none-eabi-size   STM32TFG.elf 
arm-none-eabi-objdump -h -S  STM32TFG.elf  > "STM32TFG.list"
   text	   data	    bss	    dec	    hex	filename
   9456	    120	   1656	  11232	   2be0	STM32TFG.elf
Finished building: default.size.stdout
 
Finished building: STM32TFG.list
 

17:04:15 Build Finished. 0 errors, 0 warnings. (took 1s.562ms)

