20:17:27 **** Incremental Build of configuration Debug for project STM32TFG1-WIFI ****
make -j12 all 
arm-none-eabi-gcc "../Core/Src/SerialTask.c" -mcpu=cortex-m4 -std=gnu11 -g3 -DDEBUG -DUSE_HAL_DRIVER -DSTM32L475xx -c -I../Core/Inc -I../Drivers/STM32L4xx_HAL_Driver/Inc -I../Drivers/STM32L4xx_HAL_Driver/Inc/Legacy -I../Drivers/CMSIS/Device/ST/STM32L4xx/Include -I../Drivers/CMSIS/Include -I../Middlewares/Third_Party/FreeRTOS/Source/include -I../Middlewares/Third_Party/FreeRTOS/Source/CMSIS_RTOS_V2 -I../Middlewares/Third_Party/FreeRTOS/Source/portable/GCC/ARM_CM4F -O0 -ffunction-sections -fdata-sections -Wall -fstack-usage -MMD -MP -MF"Core/Src/SerialTask.d" -MT"Core/Src/SerialTask.o" --specs=nano.specs -mfpu=fpv4-sp-d16 -mfloat-abi=hard -mthumb -o "Core/Src/SerialTask.o"
arm-none-eabi-gcc -o "STM32TFG1-WIFI.elf" @"objects.list"   -mcpu=cortex-m4 -T"D:\JoseCarlos\Programacion\STM32CubeIDE_Repositories\workspace_1.9.0\STM32TFG1-WIFI\STM32L475VGTX_FLASH.ld" --specs=nosys.specs -Wl,-Map="STM32TFG1-WIFI.map" -Wl,--gc-sections -static --specs=nano.specs -mfpu=fpv4-sp-d16 -mfloat-abi=hard -mthumb -Wl,--start-group -lc -lm -Wl,--end-group
Finished building target: STM32TFG1-WIFI.elf
 
arm-none-eabi-size   STM32TFG1-WIFI.elf 
arm-none-eabi-objdump -h -S  STM32TFG1-WIFI.elf  > "STM32TFG1-WIFI.list"
   text	   data	    bss	    dec	    hex	filename
  40796	    124	   9924	  50844	   c69c	STM32TFG1-WIFI.elf
Finished building: default.size.stdout
 
Finished building: STM32TFG1-WIFI.list
 

20:17:29 Build Finished. 0 errors, 0 warnings. (took 1s.274ms)

