Archive member included to satisfy reference by file (symbol)

c:/programas/stm32cubeide_1.9.0/stm32cubeide/plugins/com.st.stm32cube.ide.mcu.externaltools.gnu-tools-for-stm32.10.3-2021.10.win32_1.0.0.202111181127/tools/bin/../lib/gcc/arm-none-eabi/10.3.1/../../../../arm-none-eabi/lib/thumb/v7e-m+fp/hard\libc_nano.a(lib_a-errno.o)
                              ./Core/Src/syscalls.o (__errno)
c:/programas/stm32cubeide_1.9.0/stm32cubeide/plugins/com.st.stm32cube.ide.mcu.externaltools.gnu-tools-for-stm32.10.3-2021.10.win32_1.0.0.202111181127/tools/bin/../lib/gcc/arm-none-eabi/10.3.1/../../../../arm-none-eabi/lib/thumb/v7e-m+fp/hard\libc_nano.a(lib_a-exit.o)
                              c:/programas/stm32cubeide_1.9.0/stm32cubeide/plugins/com.st.stm32cube.ide.mcu.externaltools.gnu-tools-for-stm32.10.3-2021.10.win32_1.0.0.202111181127/tools/bin/../lib/gcc/arm-none-eabi/10.3.1/../../../../arm-none-eabi/lib/thumb/v7e-m+fp/hard/crt0.o (exit)
c:/programas/stm32cubeide_1.9.0/stm32cubeide/plugins/com.st.stm32cube.ide.mcu.externaltools.gnu-tools-for-stm32.10.3-2021.10.win32_1.0.0.202111181127/tools/bin/../lib/gcc/arm-none-eabi/10.3.1/../../../../arm-none-eabi/lib/thumb/v7e-m+fp/hard\libc_nano.a(lib_a-findfp.o)
                              ./Middlewares/Third_Party/FreeRTOS/Source/tasks.o (__sf_fake_stderr)
c:/programas/stm32cubeide_1.9.0/stm32cubeide/plugins/com.st.stm32cube.ide.mcu.externaltools.gnu-tools-for-stm32.10.3-2021.10.win32_1.0.0.202111181127/tools/bin/../lib/gcc/arm-none-eabi/10.3.1/../../../../arm-none-eabi/lib/thumb/v7e-m+fp/hard\libc_nano.a(lib_a-fwalk.o)
                              c:/programas/stm32cubeide_1.9.0/stm32cubeide/plugins/com.st.stm32cube.ide.mcu.externaltools.gnu-tools-for-stm32.10.3-2021.10.win32_1.0.0.202111181127/tools/bin/../lib/gcc/arm-none-eabi/10.3.1/../../../../arm-none-eabi/lib/thumb/v7e-m+fp/hard\libc_nano.a(lib_a-findfp.o) (_fwalk)
c:/programas/stm32cubeide_1.9.0/stm32cubeide/plugins/com.st.stm32cube.ide.mcu.externaltools.gnu-tools-for-stm32.10.3-2021.10.win32_1.0.0.202111181127/tools/bin/../lib/gcc/arm-none-eabi/10.3.1/../../../../arm-none-eabi/lib/thumb/v7e-m+fp/hard\libc_nano.a(lib_a-impure.o)
                              c:/programas/stm32cubeide_1.9.0/stm32cubeide/plugins/com.st.stm32cube.ide.mcu.externaltools.gnu-tools-for-stm32.10.3-2021.10.win32_1.0.0.202111181127/tools/bin/../lib/gcc/arm-none-eabi/10.3.1/../../../../arm-none-eabi/lib/thumb/v7e-m+fp/hard\libc_nano.a(lib_a-exit.o) (_global_impure_ptr)
c:/programas/stm32cubeide_1.9.0/stm32cubeide/plugins/com.st.stm32cube.ide.mcu.externaltools.gnu-tools-for-stm32.10.3-2021.10.win32_1.0.0.202111181127/tools/bin/../lib/gcc/arm-none-eabi/10.3.1/../../../../arm-none-eabi/lib/thumb/v7e-m+fp/hard\libc_nano.a(lib_a-init.o)
                              c:/programas/stm32cubeide_1.9.0/stm32cubeide/plugins/com.st.stm32cube.ide.mcu.externaltools.gnu-tools-for-stm32.10.3-2021.10.win32_1.0.0.202111181127/tools/bin/../lib/gcc/arm-none-eabi/10.3.1/../../../../arm-none-eabi/lib/thumb/v7e-m+fp/hard/crt0.o (__libc_init_array)
c:/programas/stm32cubeide_1.9.0/stm32cubeide/plugins/com.st.stm32cube.ide.mcu.externaltools.gnu-tools-for-stm32.10.3-2021.10.win32_1.0.0.202111181127/tools/bin/../lib/gcc/arm-none-eabi/10.3.1/../../../../arm-none-eabi/lib/thumb/v7e-m+fp/hard\libc_nano.a(lib_a-lock.o)
                              c:/programas/stm32cubeide_1.9.0/stm32cubeide/plugins/com.st.stm32cube.ide.mcu.externaltools.gnu-tools-for-stm32.10.3-2021.10.win32_1.0.0.202111181127/tools/bin/../lib/gcc/arm-none-eabi/10.3.1/../../../../arm-none-eabi/lib/thumb/v7e-m+fp/hard\libc_nano.a(lib_a-findfp.o) (__retarget_lock_init_recursive)
c:/programas/stm32cubeide_1.9.0/stm32cubeide/plugins/com.st.stm32cube.ide.mcu.externaltools.gnu-tools-for-stm32.10.3-2021.10.win32_1.0.0.202111181127/tools/bin/../lib/gcc/arm-none-eabi/10.3.1/../../../../arm-none-eabi/lib/thumb/v7e-m+fp/hard\libc_nano.a(lib_a-malloc.o)
                              ./Core/Src/HAL_Instructions.o (malloc)
c:/programas/stm32cubeide_1.9.0/stm32cubeide/plugins/com.st.stm32cube.ide.mcu.externaltools.gnu-tools-for-stm32.10.3-2021.10.win32_1.0.0.202111181127/tools/bin/../lib/gcc/arm-none-eabi/10.3.1/../../../../arm-none-eabi/lib/thumb/v7e-m+fp/hard\libc_nano.a(lib_a-memcpy-stub.o)
                              ./Middlewares/Third_Party/FreeRTOS/Source/CMSIS_RTOS_V2/cmsis_os2.o (memcpy)
c:/programas/stm32cubeide_1.9.0/stm32cubeide/plugins/com.st.stm32cube.ide.mcu.externaltools.gnu-tools-for-stm32.10.3-2021.10.win32_1.0.0.202111181127/tools/bin/../lib/gcc/arm-none-eabi/10.3.1/../../../../arm-none-eabi/lib/thumb/v7e-m+fp/hard\libc_nano.a(lib_a-memset.o)
                              c:/programas/stm32cubeide_1.9.0/stm32cubeide/plugins/com.st.stm32cube.ide.mcu.externaltools.gnu-tools-for-stm32.10.3-2021.10.win32_1.0.0.202111181127/tools/bin/../lib/gcc/arm-none-eabi/10.3.1/../../../../arm-none-eabi/lib/thumb/v7e-m+fp/hard/crt0.o (memset)
[...]
Memory Configuration

Name             Origin             Length             Attributes
RAM              0x0000000020000000 0x0000000000018000 xrw
RAM2             0x0000000010000000 0x0000000000008000 xrw
FLASH            0x0000000008000000 0x0000000000100000 xr
*default*        0x0000000000000000 0xffffffffffffffff

Linker script and memory map

LOAD c:/programas/stm32cubeide_1.9.0/stm32cubeide/plugins/com.st.stm32cube.ide.mcu.externaltools.gnu-tools-for-stm32.10.3-2021.10.win32_1.0.0.202111181127/tools/bin/../lib/gcc/arm-none-eabi/10.3.1/thumb/v7e-m+fp/hard/crti.o
LOAD c:/programas/stm32cubeide_1.9.0/stm32cubeide/plugins/com.st.stm32cube.ide.mcu.externaltools.gnu-tools-for-stm32.10.3-2021.10.win32_1.0.0.202111181127/tools/bin/../lib/gcc/arm-none-eabi/10.3.1/thumb/v7e-m+fp/hard/crtbegin.o
LOAD c:/programas/stm32cubeide_1.9.0/stm32cubeide/plugins/com.st.stm32cube.ide.mcu.externaltools.gnu-tools-for-stm32.10.3-2021.10.win32_1.0.0.202111181127/tools/bin/../lib/gcc/arm-none-eabi/10.3.1/../../../../arm-none-eabi/lib/thumb/v7e-m+fp/hard/crt0.o
LOAD ./Core/Src/HAL_Instructions.o
LOAD ./Core/Src/SerialTask.o
LOAD ./Core/Src/freertos.o
LOAD ./Core/Src/generalTypes.o
LOAD ./Core/Src/main.o
LOAD ./Core/Src/stm32l4xx_hal_msp.o
LOAD ./Core/Src/stm32l4xx_hal_timebase_tim.o
LOAD ./Core/Src/stm32l4xx_it.o
LOAD ./Core/Src/syscalls.o
LOAD ./Core/Src/sysmem.o
LOAD ./Core/Src/system_stm32l4xx.o
LOAD ./Core/Startup/startup_stm32l475vgtx.o
LOAD ./Drivers/STM32L4xx_HAL_Driver/Src/stm32l4xx_hal.o
LOAD ./Drivers/STM32L4xx_HAL_Driver/Src/stm32l4xx_hal_cortex.o
LOAD ./Drivers/STM32L4xx_HAL_Driver/Src/stm32l4xx_hal_dfsdm.o
LOAD ./Drivers/STM32L4xx_HAL_Driver/Src/stm32l4xx_hal_dma.o
LOAD ./Drivers/STM32L4xx_HAL_Driver/Src/stm32l4xx_hal_dma_ex.o
LOAD ./Drivers/STM32L4xx_HAL_Driver/Src/stm32l4xx_hal_exti.o
LOAD ./Drivers/STM32L4xx_HAL_Driver/Src/stm32l4xx_hal_flash.o
LOAD ./Drivers/STM32L4xx_HAL_Driver/Src/stm32l4xx_hal_flash_ex.o
LOAD ./Drivers/STM32L4xx_HAL_Driver/Src/stm32l4xx_hal_flash_ramfunc.o
LOAD ./Drivers/STM32L4xx_HAL_Driver/Src/stm32l4xx_hal_gpio.o
LOAD ./Drivers/STM32L4xx_HAL_Driver/Src/stm32l4xx_hal_i2c.o
LOAD ./Drivers/STM32L4xx_HAL_Driver/Src/stm32l4xx_hal_i2c_ex.o
LOAD ./Drivers/STM32L4xx_HAL_Driver/Src/stm32l4xx_hal_pcd.o
LOAD ./Drivers/STM32L4xx_HAL_Driver/Src/stm32l4xx_hal_pcd_ex.o
LOAD ./Drivers/STM32L4xx_HAL_Driver/Src/stm32l4xx_hal_pwr.o
LOAD ./Drivers/STM32L4xx_HAL_Driver/Src/stm32l4xx_hal_pwr_ex.o
LOAD ./Drivers/STM32L4xx_HAL_Driver/Src/stm32l4xx_hal_qspi.o
LOAD ./Drivers/STM32L4xx_HAL_Driver/Src/stm32l4xx_hal_rcc.o
LOAD ./Drivers/STM32L4xx_HAL_Driver/Src/stm32l4xx_hal_rcc_ex.o
LOAD ./Drivers/STM32L4xx_HAL_Driver/Src/stm32l4xx_hal_spi.o
LOAD ./Drivers/STM32L4xx_HAL_Driver/Src/stm32l4xx_hal_spi_ex.o
LOAD ./Drivers/STM32L4xx_HAL_Driver/Src/stm32l4xx_hal_tim.o
LOAD ./Drivers/STM32L4xx_HAL_Driver/Src/stm32l4xx_hal_tim_ex.o
LOAD ./Drivers/STM32L4xx_HAL_Driver/Src/stm32l4xx_hal_uart.o
LOAD ./Drivers/STM32L4xx_HAL_Driver/Src/stm32l4xx_hal_uart_ex.o
LOAD ./Drivers/STM32L4xx_HAL_Driver/Src/stm32l4xx_ll_usb.o
LOAD ./Middlewares/Third_Party/FreeRTOS/Source/CMSIS_RTOS_V2/cmsis_os2.o
LOAD ./Middlewares/Third_Party/FreeRTOS/Source/croutine.o
LOAD ./Middlewares/Third_Party/FreeRTOS/Source/event_groups.o
LOAD ./Middlewares/Third_Party/FreeRTOS/Source/list.o
LOAD ./Middlewares/Third_Party/FreeRTOS/Source/queue.o
LOAD ./Middlewares/Third_Party/FreeRTOS/Source/stream_buffer.o
LOAD ./Middlewares/Third_Party/FreeRTOS/Source/tasks.o
LOAD ./Middlewares/Third_Party/FreeRTOS/Source/timers.o
LOAD ./Middlewares/Third_Party/FreeRTOS/Source/portable/GCC/ARM_CM4F/port.o
LOAD ./Middlewares/Third_Party/FreeRTOS/Source/portable/MemMang/heap_4.o
START GROUP
LOAD c:/programas/stm32cubeide_1.9.0/stm32cubeide/plugins/com.st.stm32cube.ide.mcu.externaltools.gnu-tools-for-stm32.10.3-2021.10.win32_1.0.0.202111181127/tools/bin/../lib/gcc/arm-none-eabi/10.3.1/../../../../arm-none-eabi/lib/thumb/v7e-m+fp/hard\libc_nano.a
LOAD c:/programas/stm32cubeide_1.9.0/stm32cubeide/plugins/com.st.stm32cube.ide.mcu.externaltools.gnu-tools-for-stm32.10.3-2021.10.win32_1.0.0.202111181127/tools/bin/../lib/gcc/arm-none-eabi/10.3.1/../../../../arm-none-eabi/lib/thumb/v7e-m+fp/hard\libm.a
END GROUP
START GROUP
LOAD c:/programas/stm32cubeide_1.9.0/stm32cubeide/plugins/com.st.stm32cube.ide.mcu.externaltools.gnu-tools-for-stm32.10.3-2021.10.win32_1.0.0.202111181127/tools/bin/../lib/gcc/arm-none-eabi/10.3.1/thumb/v7e-m+fp/hard\libgcc.a
LOAD c:/programas/stm32cubeide_1.9.0/stm32cubeide/plugins/com.st.stm32cube.ide.mcu.externaltools.gnu-tools-for-stm32.10.3-2021.10.win32_1.0.0.202111181127/tools/bin/../lib/gcc/arm-none-eabi/10.3.1/../../../../arm-none-eabi/lib/thumb/v7e-m+fp/hard\libc_nano.a
END GROUP
START GROUP
LOAD c:/programas/stm32cubeide_1.9.0/stm32cubeide/plugins/com.st.stm32cube.ide.mcu.externaltools.gnu-tools-for-stm32.10.3-2021.10.win32_1.0.0.202111181127/tools/bin/../lib/gcc/arm-none-eabi/10.3.1/thumb/v7e-m+fp/hard\libgcc.a
LOAD c:/programas/stm32cubeide_1.9.0/stm32cubeide/plugins/com.st.stm32cube.ide.mcu.externaltools.gnu-tools-for-stm32.10.3-2021.10.win32_1.0.0.202111181127/tools/bin/../lib/gcc/arm-none-eabi/10.3.1/../../../../arm-none-eabi/lib/thumb/v7e-m+fp/hard\libc_nano.a
LOAD c:/programas/stm32cubeide_1.9.0/stm32cubeide/plugins/com.st.stm32cube.ide.mcu.externaltools.gnu-tools-for-stm32.10.3-2021.10.win32_1.0.0.202111181127/tools/bin/../lib/gcc/arm-none-eabi/10.3.1/../../../../arm-none-eabi/lib/thumb/v7e-m+fp/hard\libnosys.a
END GROUP
START GROUP
LOAD c:/programas/stm32cubeide_1.9.0/stm32cubeide/plugins/com.st.stm32cube.ide.mcu.externaltools.gnu-tools-for-stm32.10.3-2021.10.win32_1.0.0.202111181127/tools/bin/../lib/gcc/arm-none-eabi/10.3.1/thumb/v7e-m+fp/hard\libgcc.a
LOAD c:/programas/stm32cubeide_1.9.0/stm32cubeide/plugins/com.st.stm32cube.ide.mcu.externaltools.gnu-tools-for-stm32.10.3-2021.10.win32_1.0.0.202111181127/tools/bin/../lib/gcc/arm-none-eabi/10.3.1/../../../../arm-none-eabi/lib/thumb/v7e-m+fp/hard\libc_nano.a
LOAD c:/programas/stm32cubeide_1.9.0/stm32cubeide/plugins/com.st.stm32cube.ide.mcu.externaltools.gnu-tools-for-stm32.10.3-2021.10.win32_1.0.0.202111181127/tools/bin/../lib/gcc/arm-none-eabi/10.3.1/../../../../arm-none-eabi/lib/thumb/v7e-m+fp/hard\libnosys.a
END GROUP
LOAD c:/programas/stm32cubeide_1.9.0/stm32cubeide/plugins/com.st.stm32cube.ide.mcu.externaltools.gnu-tools-for-stm32.10.3-2021.10.win32_1.0.0.202111181127/tools/bin/../lib/gcc/arm-none-eabi/10.3.1/thumb/v7e-m+fp/hard/crtend.o
LOAD c:/programas/stm32cubeide_1.9.0/stm32cubeide/plugins/com.st.stm32cube.ide.mcu.externaltools.gnu-tools-for-stm32.10.3-2021.10.win32_1.0.0.202111181127/tools/bin/../lib/gcc/arm-none-eabi/10.3.1/thumb/v7e-m+fp/hard/crtn.o
                0x0000000020018000                _estack = (ORIGIN (RAM) + LENGTH (RAM))
                0x0000000000000200                _Min_Heap_Size = 0x200
                0x0000000000000400                _Min_Stack_Size = 0x400

.isr_vector     0x0000000008000000      0x188
                0x0000000008000000                . = ALIGN (0x4)
 *(.isr_vector)
 .isr_vector    0x0000000008000000      0x188 ./Core/Startup/startup_stm32l475vgtx.o
                0x0000000008000000                g_pfnVectors
                0x0000000008000188                . = ALIGN (0x4)

.text           0x0000000008000190     0x9ab4
                0x0000000008000190                . = ALIGN (0x4)
 *(.text)
 .text          0x0000000008000190       0x40 c:/programas/stm32cubeide_1.9.0/stm32cubeide/plugins/com.st.stm32cube.ide.mcu.externaltools.gnu-tools-for-stm32.10.3-2021.10.win32_1.0.0.202111181127/tools/bin/../lib/gcc/arm-none-eabi/10.3.1/thumb/v7e-m+fp/hard/crtbegin.o
 .text          0x00000000080001d0       0xa0 c:/programas/stm32cubeide_1.9.0/stm32cubeide/plugins/com.st.stm32cube.ide.mcu.externaltools.gnu-tools-for-stm32.10.3-2021.10.win32_1.0.0.202111181127/tools/bin/../lib/gcc/arm-none-eabi/10.3.1/../../../../arm-none-eabi/lib/thumb/v7e-m+fp/hard\libc_nano.a(lib_a-memchr.o)
                0x00000000080001d0                memchr
 .text          0x0000000008000270       0x30 c:/programas/stm32cubeide_1.9.0/stm32cubeide/plugins/com.st.stm32cube.ide.mcu.externaltools.gnu-tools-for-stm32.10.3-2021.10.win32_1.0.0.202111181127/tools/bin/../lib/gcc/arm-none-eabi/10.3.1/thumb/v7e-m+fp/hard\libgcc.a(_aeabi_uldivmod.o)
                0x0000000008000270                __aeabi_uldivmod
 .text          0x00000000080002a0      0x2d0 c:/programas/stm32cubeide_1.9.0/stm32cubeide/plugins/com.st.stm32cube.ide.mcu.externaltools.gnu-tools-for-stm32.10.3-2021.10.win32_1.0.0.202111181127/tools/bin/../lib/gcc/arm-none-eabi/10.3.1/thumb/v7e-m+fp/hard\libgcc.a(_udivmoddi4.o)
                0x00000000080002a0                __udivmoddi4
 .text          0x0000000008000570        0x4 c:/programas/stm32cubeide_1.9.0/stm32cubeide/plugins/com.st.stm32cube.ide.mcu.externaltools.gnu-tools-for-stm32.10.3-2021.10.win32_1.0.0.202111181127/tools/bin/../lib/gcc/arm-none-eabi/10.3.1/thumb/v7e-m+fp/hard\libgcc.a(_dvmd_tls.o)
                0x0000000008000570                __aeabi_idiv0
                0x0000000008000570                __aeabi_ldiv0
 *(.text*)
 .text.S_SendInstruction
                0x0000000008000574       0x70 ./Core/Src/HAL_Instructions.o
                0x0000000008000574                S_SendInstruction
 .text.__io_putchar
                0x00000000080005e4       0x2c ./Core/Src/SerialTask.o
                0x00000000080005e4                __io_putchar
 .text.__io_getchar
                0x0000000008000610       0x30 ./Core/Src/SerialTask.o
                0x0000000008000610                __io_getchar
 .text.serialTxTask
                0x0000000008000640       0x2c ./Core/Src/SerialTask.o
                0x0000000008000640                serialTxTask
 .text.CreateSerialObjects
                0x000000000800066c       0x1c ./Core/Src/SerialTask.o
                0x000000000800066c                CreateSerialObjects
 .text.I_MovementInstruction_toString
                0x0000000008000688       0x3c ./Core/Src/generalTypes.o
                0x0000000008000688                I_MovementInstruction_toString
 .text.I_CreateInstructionStruct
                0x00000000080006c4       0x50 ./Core/Src/generalTypes.o
                0x00000000080006c4                I_CreateInstructionStruct
 .text.main     0x0000000008000714       0x90 ./Core/Src/main.o
                0x0000000008000714                main
 .text.SystemClock_Config
                0x00000000080007a4       0xc4 ./Core/Src/main.o
                0x00000000080007a4                SystemClock_Config
 .text.MX_DFSDM1_Init
                0x0000000008000868       0x70 ./Core/Src/main.o
 .text.MX_I2C2_Init
                0x00000000080008d8       0x80 ./Core/Src/main.o
 .text.MX_QUADSPI_Init
                0x0000000008000958       0x4c ./Core/Src/main.o
 .text.MX_SPI3_Init
                0x00000000080009a4       0x7c ./Core/Src/main.o
 .text.MX_USART1_UART_Init
                0x0000000008000a20       0x60 ./Core/Src/main.o
 .text.MX_USART3_UART_Init
                0x0000000008000a80       0x60 ./Core/Src/main.o
 .text.MX_USB_OTG_FS_PCD_Init
                0x0000000008000ae0       0x5c ./Core/Src/main.o
 .text.MX_GPIO_Init
                0x0000000008000b3c      0x364 ./Core/Src/main.o
 .text.StartDefaultTask
                0x0000000008000ea0       0x10 ./Core/Src/main.o
                0x0000000008000ea0                StartDefaultTask
 .text.HAL_TIM_PeriodElapsedCallback
                0x0000000008000eb0       0x24 ./Core/Src/main.o
                0x0000000008000eb0                HAL_TIM_PeriodElapsedCallback
 .text.Error_Handler
                0x0000000008000ed4        0xa ./Core/Src/main.o
                0x0000000008000ed4                Error_Handler
 *fill*         0x0000000008000ede        0x2 
 .text.HAL_MspInit
                0x0000000008000ee0       0x50 ./Core/Src/stm32l4xx_hal_msp.o
                0x0000000008000ee0                HAL_MspInit
 .text.HAL_DFSDM_ChannelMspInit
                0x0000000008000f30       0xc8 ./Core/Src/stm32l4xx_hal_msp.o
                0x0000000008000f30                HAL_DFSDM_ChannelMspInit
 .text.HAL_I2C_MspInit
                0x0000000008000ff8       0xbc ./Core/Src/stm32l4xx_hal_msp.o
                0x0000000008000ff8                HAL_I2C_MspInit
 .text.HAL_QSPI_MspInit
                0x00000000080010b4       0x88 ./Core/Src/stm32l4xx_hal_msp.o
                0x00000000080010b4                HAL_QSPI_MspInit
 .text.HAL_SPI_MspInit
                0x000000000800113c       0x88 ./Core/Src/stm32l4xx_hal_msp.o
                0x000000000800113c                HAL_SPI_MspInit
 .text.HAL_UART_MspInit
                0x00000000080011c4      0x148 ./Core/Src/stm32l4xx_hal_msp.o
                0x00000000080011c4                HAL_UART_MspInit
 .text.HAL_PCD_MspInit
                0x000000000800130c      0x138 ./Core/Src/stm32l4xx_hal_msp.o
                0x000000000800130c                HAL_PCD_MspInit
 .text.HAL_InitTick
                0x0000000008001444       0xac ./Core/Src/stm32l4xx_hal_timebase_tim.o
                0x0000000008001444                HAL_InitTick
 .text.NMI_Handler
                0x00000000080014f0        0x6 ./Core/Src/stm32l4xx_it.o
                0x00000000080014f0                NMI_Handler
 .text.HardFault_Handler
                0x00000000080014f6        0x6 ./Core/Src/stm32l4xx_it.o
                0x00000000080014f6                HardFault_Handler
 .text.MemManage_Handler
                0x00000000080014fc        0x6 ./Core/Src/stm32l4xx_it.o
                0x00000000080014fc                MemManage_Handler
 .text.BusFault_Handler
                0x0000000008001502        0x6 ./Core/Src/stm32l4xx_it.o
                0x0000000008001502                BusFault_Handler
 .text.UsageFault_Handler
                0x0000000008001508        0x6 ./Core/Src/stm32l4xx_it.o
                0x0000000008001508                UsageFault_Handler
 .text.DebugMon_Handler
                0x000000000800150e        0xe ./Core/Src/stm32l4xx_it.o
                0x000000000800150e                DebugMon_Handler
 .text.EXTI9_5_IRQHandler
                0x000000000800151c       0x22 ./Core/Src/stm32l4xx_it.o
                0x000000000800151c                EXTI9_5_IRQHandler
 *fill*         0x000000000800153e        0x2 
 .text.TIM4_IRQHandler
                0x0000000008001540       0x14 ./Core/Src/stm32l4xx_it.o
                0x0000000008001540                TIM4_IRQHandler
 .text.EXTI15_10_IRQHandler
                0x0000000008001554       0x30 ./Core/Src/stm32l4xx_it.o
                0x0000000008001554                EXTI15_10_IRQHandler
 .text._read    0x0000000008001584       0x3a ./Core/Src/syscalls.o
                0x0000000008001584                _read
 .text._write   0x00000000080015be       0x38 ./Core/Src/syscalls.o
                0x00000000080015be                _write
 .text._close   0x00000000080015f6       0x18 ./Core/Src/syscalls.o
                0x00000000080015f6                _close
 .text._fstat   0x000000000800160e       0x20 ./Core/Src/syscalls.o
                0x000000000800160e                _fstat
 .text._isatty  0x000000000800162e       0x16 ./Core/Src/syscalls.o
                0x000000000800162e                _isatty
 .text._lseek   0x0000000008001644       0x1a ./Core/Src/syscalls.o
                0x0000000008001644                _lseek
 *fill*         0x000000000800165e        0x2 
 .text._sbrk    0x0000000008001660       0x6c ./Core/Src/sysmem.o
                0x0000000008001660                _sbrk
 .text.SystemInit
                0x00000000080016cc       0x24 ./Core/Src/system_stm32l4xx.o
                0x00000000080016cc                SystemInit
 .text.Reset_Handler
                0x00000000080016f0       0x50 ./Core/Startup/startup_stm32l475vgtx.o
                0x00000000080016f0                Reset_Handler
 .text.Default_Handler
                0x0000000008001740        0x2 ./Core/Startup/startup_stm32l475vgtx.o
                0x0000000008001740                RTC_Alarm_IRQHandler
                0x0000000008001740                EXTI2_IRQHandler
                0x0000000008001740                TIM8_TRG_COM_IRQHandler
                0x0000000008001740                TIM8_CC_IRQHandler
                0x0000000008001740                TIM1_CC_IRQHandler
                0x0000000008001740                TSC_IRQHandler
                0x0000000008001740                TAMP_STAMP_IRQHandler
                0x0000000008001740                EXTI3_IRQHandler
                0x0000000008001740                LPTIM2_IRQHandler
                0x0000000008001740                DFSDM1_FLT1_IRQHandler
                0x0000000008001740                I2C3_ER_IRQHandler
                0x0000000008001740                DFSDM1_FLT2_IRQHandler
                0x0000000008001740                EXTI0_IRQHandler
                0x0000000008001740                I2C2_EV_IRQHandler
                0x0000000008001740                CAN1_RX0_IRQHandler
                0x0000000008001740                FPU_IRQHandler
                0x0000000008001740                TIM1_UP_TIM16_IRQHandler
                0x0000000008001740                ADC1_2_IRQHandler
                0x0000000008001740                SPI1_IRQHandler
                0x0000000008001740                TIM6_DAC_IRQHandler
                0x0000000008001740                TIM8_UP_IRQHandler
                0x0000000008001740                DMA2_Channel2_IRQHandler
                0x0000000008001740                DMA1_Channel4_IRQHandler
                0x0000000008001740                SAI2_IRQHandler
                0x0000000008001740                DFSDM1_FLT3_IRQHandler
                0x0000000008001740                USART3_IRQHandler
                0x0000000008001740                DMA1_Channel7_IRQHandler
                0x0000000008001740                CAN1_RX1_IRQHandler
                0x0000000008001740                UART5_IRQHandler
                0x0000000008001740                ADC3_IRQHandler
                0x0000000008001740                DMA2_Channel1_IRQHandler
                0x0000000008001740                QUADSPI_IRQHandler
                0x0000000008001740                I2C1_EV_IRQHandler
                0x0000000008001740                DMA1_Channel6_IRQHandler
                0x0000000008001740                UART4_IRQHandler
                0x0000000008001740                DMA2_Channel4_IRQHandler
                0x0000000008001740                TIM3_IRQHandler
                0x0000000008001740                RCC_IRQHandler
                0x0000000008001740                DMA1_Channel1_IRQHandler
                0x0000000008001740                Default_Handler
                0x0000000008001740                DMA2_Channel7_IRQHandler
                0x0000000008001740                TIM7_IRQHandler
                0x0000000008001740                SDMMC1_IRQHandler
                0x0000000008001740                TIM5_IRQHandler
                0x0000000008001740                I2C3_EV_IRQHandler
                0x0000000008001740                RTC_WKUP_IRQHandler
                0x0000000008001740                PVD_PVM_IRQHandler
                0x0000000008001740                SPI2_IRQHandler
                0x0000000008001740                CAN1_TX_IRQHandler
                0x0000000008001740                DMA2_Channel5_IRQHandler
                0x0000000008001740                DMA1_Channel5_IRQHandler
                0x0000000008001740                EXTI4_IRQHandler
                0x0000000008001740                RNG_IRQHandler
                0x0000000008001740                TIM1_TRG_COM_TIM17_IRQHandler
                0x0000000008001740                DMA1_Channel3_IRQHandler
                0x0000000008001740                COMP_IRQHandler
                0x0000000008001740                WWDG_IRQHandler
                0x0000000008001740                LPUART1_IRQHandler
                0x0000000008001740                DMA2_Channel6_IRQHandler
                0x0000000008001740                TIM2_IRQHandler
                0x0000000008001740                EXTI1_IRQHandler
                0x0000000008001740                USART2_IRQHandler
                0x0000000008001740                DFSDM1_FLT0_IRQHandler
                0x0000000008001740                I2C2_ER_IRQHandler
                0x0000000008001740                DMA1_Channel2_IRQHandler
                0x0000000008001740                TIM8_BRK_IRQHandler
                0x0000000008001740                CAN1_SCE_IRQHandler
                0x0000000008001740                FLASH_IRQHandler
                0x0000000008001740                USART1_IRQHandler
                0x0000000008001740                OTG_FS_IRQHandler
                0x0000000008001740                SPI3_IRQHandler
                0x0000000008001740                I2C1_ER_IRQHandler
                0x0000000008001740                FMC_IRQHandler
                0x0000000008001740                SWPMI1_IRQHandler
                0x0000000008001740                LPTIM1_IRQHandler
                0x0000000008001740                SAI1_IRQHandler
                0x0000000008001740                DMA2_Channel3_IRQHandler
                0x0000000008001740                TIM1_BRK_TIM15_IRQHandler
 .text.HAL_Init
                0x0000000008001742       0x30 ./Drivers/STM32L4xx_HAL_Driver/Src/stm32l4xx_hal.o
                0x0000000008001742                HAL_Init
 *fill*         0x0000000008001772        0x2 
 .text.HAL_IncTick
                0x0000000008001774       0x28 ./Drivers/STM32L4xx_HAL_Driver/Src/stm32l4xx_hal.o
                0x0000000008001774                HAL_IncTick
 .text.HAL_GetTick
                0x000000000800179c       0x18 ./Drivers/STM32L4xx_HAL_Driver/Src/stm32l4xx_hal.o
                0x000000000800179c                HAL_GetTick
 .text.HAL_Delay
                0x00000000080017b4       0x48 ./Drivers/STM32L4xx_HAL_Driver/Src/stm32l4xx_hal.o
                0x00000000080017b4                HAL_Delay
 .text.__NVIC_SetPriorityGrouping
                0x00000000080017fc       0x48 ./Drivers/STM32L4xx_HAL_Driver/Src/stm32l4xx_hal_cortex.o
 .text.__NVIC_GetPriorityGrouping
                0x0000000008001844       0x1c ./Drivers/STM32L4xx_HAL_Driver/Src/stm32l4xx_hal_cortex.o
 .text.__NVIC_EnableIRQ
                0x0000000008001860       0x3c ./Drivers/STM32L4xx_HAL_Driver/Src/stm32l4xx_hal_cortex.o
 .text.__NVIC_SetPriority
                0x000000000800189c       0x54 ./Drivers/STM32L4xx_HAL_Driver/Src/stm32l4xx_hal_cortex.o
 .text.NVIC_EncodePriority
                0x00000000080018f0       0x66 ./Drivers/STM32L4xx_HAL_Driver/Src/stm32l4xx_hal_cortex.o
 .text.HAL_NVIC_SetPriorityGrouping
                0x0000000008001956       0x16 ./Drivers/STM32L4xx_HAL_Driver/Src/stm32l4xx_hal_cortex.o
                0x0000000008001956                HAL_NVIC_SetPriorityGrouping
 .text.HAL_NVIC_SetPriority
                0x000000000800196c       0x38 ./Drivers/STM32L4xx_HAL_Driver/Src/stm32l4xx_hal_cortex.o
                0x000000000800196c                HAL_NVIC_SetPriority
 .text.HAL_NVIC_EnableIRQ
                0x00000000080019a4       0x1c ./Drivers/STM32L4xx_HAL_Driver/Src/stm32l4xx_hal_cortex.o
                0x00000000080019a4                HAL_NVIC_EnableIRQ
 .text.HAL_DFSDM_ChannelInit
                0x00000000080019c0      0x180 ./Drivers/STM32L4xx_HAL_Driver/Src/stm32l4xx_hal_dfsdm.o
                0x00000000080019c0                HAL_DFSDM_ChannelInit
 .text.DFSDM_GetChannelFromInstance
                0x0000000008001b40       0x98 ./Drivers/STM32L4xx_HAL_Driver/Src/stm32l4xx_hal_dfsdm.o
 .text.HAL_GPIO_Init
                0x0000000008001bd8      0x354 ./Drivers/STM32L4xx_HAL_Driver/Src/stm32l4xx_hal_gpio.o
                0x0000000008001bd8                HAL_GPIO_Init
 .text.HAL_GPIO_WritePin
                0x0000000008001f2c       0x30 ./Drivers/STM32L4xx_HAL_Driver/Src/stm32l4xx_hal_gpio.o
                0x0000000008001f2c                HAL_GPIO_WritePin
 .text.HAL_GPIO_EXTI_IRQHandler
                0x0000000008001f5c       0x30 ./Drivers/STM32L4xx_HAL_Driver/Src/stm32l4xx_hal_gpio.o
                0x0000000008001f5c                HAL_GPIO_EXTI_IRQHandler
 .text.HAL_GPIO_EXTI_Callback
                0x0000000008001f8c       0x16 ./Drivers/STM32L4xx_HAL_Driver/Src/stm32l4xx_hal_gpio.o
                0x0000000008001f8c                HAL_GPIO_EXTI_Callback
 .text.HAL_I2C_Init
                0x0000000008001fa2      0x11e ./Drivers/STM32L4xx_HAL_Driver/Src/stm32l4xx_hal_i2c.o
                0x0000000008001fa2                HAL_I2C_Init
 .text.HAL_I2CEx_ConfigAnalogFilter
                0x00000000080020c0       0x96 ./Drivers/STM32L4xx_HAL_Driver/Src/stm32l4xx_hal_i2c_ex.o
                0x00000000080020c0                HAL_I2CEx_ConfigAnalogFilter
 .text.HAL_I2CEx_ConfigDigitalFilter
                0x0000000008002156       0x98 ./Drivers/STM32L4xx_HAL_Driver/Src/stm32l4xx_hal_i2c_ex.o
                0x0000000008002156                HAL_I2CEx_ConfigDigitalFilter
 .text.HAL_PCD_Init
                0x00000000080021ee      0x248 ./Drivers/STM32L4xx_HAL_Driver/Src/stm32l4xx_hal_pcd.o
                0x00000000080021ee                HAL_PCD_Init
 .text.HAL_PCDEx_ActivateLPM
                0x0000000008002436       0x48 ./Drivers/STM32L4xx_HAL_Driver/Src/stm32l4xx_hal_pcd_ex.o
                0x0000000008002436                HAL_PCDEx_ActivateLPM
 *fill*         0x000000000800247e        0x2 
 .text.HAL_PWR_EnableBkUpAccess
                0x0000000008002480       0x20 ./Drivers/STM32L4xx_HAL_Driver/Src/stm32l4xx_hal_pwr.o
                0x0000000008002480                HAL_PWR_EnableBkUpAccess
 .text.HAL_PWREx_GetVoltageRange
                0x00000000080024a0       0x1c ./Drivers/STM32L4xx_HAL_Driver/Src/stm32l4xx_hal_pwr_ex.o
                0x00000000080024a0                HAL_PWREx_GetVoltageRange
 .text.HAL_PWREx_ControlVoltageScaling
                0x00000000080024bc       0xac ./Drivers/STM32L4xx_HAL_Driver/Src/stm32l4xx_hal_pwr_ex.o
                0x00000000080024bc                HAL_PWREx_ControlVoltageScaling
 .text.HAL_PWREx_EnableVddUSB
                0x0000000008002568       0x20 ./Drivers/STM32L4xx_HAL_Driver/Src/stm32l4xx_hal_pwr_ex.o
                0x0000000008002568                HAL_PWREx_EnableVddUSB
 .text.HAL_QSPI_Init
                0x0000000008002588       0xec ./Drivers/STM32L4xx_HAL_Driver/Src/stm32l4xx_hal_qspi.o
                0x0000000008002588                HAL_QSPI_Init
 .text.HAL_QSPI_SetTimeout
                0x0000000008002674       0x1c ./Drivers/STM32L4xx_HAL_Driver/Src/stm32l4xx_hal_qspi.o
                0x0000000008002674                HAL_QSPI_SetTimeout
 .text.QSPI_WaitFlagStateUntilTimeout
                0x0000000008002690       0x6e ./Drivers/STM32L4xx_HAL_Driver/Src/stm32l4xx_hal_qspi.o
 *fill*         0x00000000080026fe        0x2 
 .text.HAL_RCC_OscConfig
                0x0000000008002700      0x7d0 ./Drivers/STM32L4xx_HAL_Driver/Src/stm32l4xx_hal_rcc.o
                0x0000000008002700                HAL_RCC_OscConfig
 .text.HAL_RCC_ClockConfig
                0x0000000008002ed0      0x1c4 ./Drivers/STM32L4xx_HAL_Driver/Src/stm32l4xx_hal_rcc.o
                0x0000000008002ed0                HAL_RCC_ClockConfig
 .text.HAL_RCC_GetSysClockFreq
                0x0000000008003094      0x118 ./Drivers/STM32L4xx_HAL_Driver/Src/stm32l4xx_hal_rcc.o
                0x0000000008003094                HAL_RCC_GetSysClockFreq
 .text.HAL_RCC_GetHCLKFreq
                0x00000000080031ac       0x18 ./Drivers/STM32L4xx_HAL_Driver/Src/stm32l4xx_hal_rcc.o
                0x00000000080031ac                HAL_RCC_GetHCLKFreq
 .text.HAL_RCC_GetPCLK1Freq
                0x00000000080031c4       0x2c ./Drivers/STM32L4xx_HAL_Driver/Src/stm32l4xx_hal_rcc.o
                0x00000000080031c4                HAL_RCC_GetPCLK1Freq
 .text.HAL_RCC_GetPCLK2Freq
                0x00000000080031f0       0x2c ./Drivers/STM32L4xx_HAL_Driver/Src/stm32l4xx_hal_rcc.o
                0x00000000080031f0                HAL_RCC_GetPCLK2Freq
 .text.HAL_RCC_GetClockConfig
                0x000000000800321c       0x64 ./Drivers/STM32L4xx_HAL_Driver/Src/stm32l4xx_hal_rcc.o
                0x000000000800321c                HAL_RCC_GetClockConfig
 .text.RCC_SetFlashLatencyFromMSIRange
                0x0000000008003280       0xc0 ./Drivers/STM32L4xx_HAL_Driver/Src/stm32l4xx_hal_rcc.o
 .text.HAL_RCCEx_PeriphCLKConfig
                0x0000000008003340      0x5d4 ./Drivers/STM32L4xx_HAL_Driver/Src/stm32l4xx_hal_rcc_ex.o
                0x0000000008003340                HAL_RCCEx_PeriphCLKConfig
 .text.HAL_RCCEx_EnableMSIPLLMode
                0x0000000008003914       0x20 ./Drivers/STM32L4xx_HAL_Driver/Src/stm32l4xx_hal_rcc_ex.o
                0x0000000008003914                HAL_RCCEx_EnableMSIPLLMode
 .text.RCCEx_PLLSAI1_Config
                0x0000000008003934      0x1e8 ./Drivers/STM32L4xx_HAL_Driver/Src/stm32l4xx_hal_rcc_ex.o
 .text.RCCEx_PLLSAI2_Config
                0x0000000008003b1c      0x1bc ./Drivers/STM32L4xx_HAL_Driver/Src/stm32l4xx_hal_rcc_ex.o
 .text.HAL_SPI_Init
                0x0000000008003cd8      0x146 ./Drivers/STM32L4xx_HAL_Driver/Src/stm32l4xx_hal_spi.o
                0x0000000008003cd8                HAL_SPI_Init
 .text.HAL_TIM_Base_Init
                0x0000000008003e1e       0xae ./Drivers/STM32L4xx_HAL_Driver/Src/stm32l4xx_hal_tim.o
                0x0000000008003e1e                HAL_TIM_Base_Init
 .text.HAL_TIM_Base_MspInit
                0x0000000008003ecc       0x14 ./Drivers/STM32L4xx_HAL_Driver/Src/stm32l4xx_hal_tim.o
                0x0000000008003ecc                HAL_TIM_Base_MspInit
 .text.HAL_TIM_Base_Start_IT
                0x0000000008003ee0       0xe0 ./Drivers/STM32L4xx_HAL_Driver/Src/stm32l4xx_hal_tim.o
                0x0000000008003ee0                HAL_TIM_Base_Start_IT
 .text.HAL_TIM_IRQHandler
                0x0000000008003fc0      0x23e ./Drivers/STM32L4xx_HAL_Driver/Src/stm32l4xx_hal_tim.o
                0x0000000008003fc0                HAL_TIM_IRQHandler
 .text.HAL_TIM_OC_DelayElapsedCallback
                0x00000000080041fe       0x14 ./Drivers/STM32L4xx_HAL_Driver/Src/stm32l4xx_hal_tim.o
                0x00000000080041fe                HAL_TIM_OC_DelayElapsedCallback
 .text.HAL_TIM_IC_CaptureCallback
                0x0000000008004212       0x14 ./Drivers/STM32L4xx_HAL_Driver/Src/stm32l4xx_hal_tim.o
                0x0000000008004212                HAL_TIM_IC_CaptureCallback
 .text.HAL_TIM_PWM_PulseFinishedCallback
                0x0000000008004226       0x14 ./Drivers/STM32L4xx_HAL_Driver/Src/stm32l4xx_hal_tim.o
                0x0000000008004226                HAL_TIM_PWM_PulseFinishedCallback
 .text.HAL_TIM_TriggerCallback
                0x000000000800423a       0x14 ./Drivers/STM32L4xx_HAL_Driver/Src/stm32l4xx_hal_tim.o
                0x000000000800423a                HAL_TIM_TriggerCallback
 *fill*         0x000000000800424e        0x2 
 .text.TIM_Base_SetConfig
                0x0000000008004250      0x134 ./Drivers/STM32L4xx_HAL_Driver/Src/stm32l4xx_hal_tim.o
                0x0000000008004250                TIM_Base_SetConfig
 .text.HAL_TIMEx_CommutCallback
                0x0000000008004384       0x14 ./Drivers/STM32L4xx_HAL_Driver/Src/stm32l4xx_hal_tim_ex.o
                0x0000000008004384                HAL_TIMEx_CommutCallback
 .text.HAL_TIMEx_BreakCallback
                0x0000000008004398       0x14 ./Drivers/STM32L4xx_HAL_Driver/Src/stm32l4xx_hal_tim_ex.o
                0x0000000008004398                HAL_TIMEx_BreakCallback
 .text.HAL_TIMEx_Break2Callback
                0x00000000080043ac       0x14 ./Drivers/STM32L4xx_HAL_Driver/Src/stm32l4xx_hal_tim_ex.o
                0x00000000080043ac                HAL_TIMEx_Break2Callback
 .text.HAL_UART_Init
                0x00000000080043c0       0x9c ./Drivers/STM32L4xx_HAL_Driver/Src/stm32l4xx_hal_uart.o
                0x00000000080043c0                HAL_UART_Init
 .text.HAL_UART_Transmit
                0x000000000800445c      0x128 ./Drivers/STM32L4xx_HAL_Driver/Src/stm32l4xx_hal_uart.o
                0x000000000800445c                HAL_UART_Transmit
 .text.HAL_UART_Receive
                0x0000000008004584      0x1a2 ./Drivers/STM32L4xx_HAL_Driver/Src/stm32l4xx_hal_uart.o
                0x0000000008004584                HAL_UART_Receive
 *fill*         0x0000000008004726        0x2 
 .text.UART_SetConfig
                0x0000000008004728      0x570 ./Drivers/STM32L4xx_HAL_Driver/Src/stm32l4xx_hal_uart.o
                0x0000000008004728                UART_SetConfig
 .text.UART_AdvFeatureConfig
                0x0000000008004c98      0x144 ./Drivers/STM32L4xx_HAL_Driver/Src/stm32l4xx_hal_uart.o
                0x0000000008004c98                UART_AdvFeatureConfig
 .text.UART_CheckIdleState
                0x0000000008004ddc       0x92 ./Drivers/STM32L4xx_HAL_Driver/Src/stm32l4xx_hal_uart.o
                0x0000000008004ddc                UART_CheckIdleState
 .text.UART_WaitOnFlagUntilTimeout
                0x0000000008004e6e      0x188 ./Drivers/STM32L4xx_HAL_Driver/Src/stm32l4xx_hal_uart.o
                0x0000000008004e6e                UART_WaitOnFlagUntilTimeout
 .text.USB_CoreInit
                0x0000000008004ff6       0x58 ./Drivers/STM32L4xx_HAL_Driver/Src/stm32l4xx_ll_usb.o
                0x0000000008004ff6                USB_CoreInit
 .text.USB_DisableGlobalInt
                0x000000000800504e       0x22 ./Drivers/STM32L4xx_HAL_Driver/Src/stm32l4xx_ll_usb.o
                0x000000000800504e                USB_DisableGlobalInt
 .text.USB_SetCurrentMode
                0x0000000008005070       0x98 ./Drivers/STM32L4xx_HAL_Driver/Src/stm32l4xx_ll_usb.o
                0x0000000008005070                USB_SetCurrentMode
 .text.USB_DevInit
                0x0000000008005108      0x298 ./Drivers/STM32L4xx_HAL_Driver/Src/stm32l4xx_ll_usb.o
                0x0000000008005108                USB_DevInit
 .text.USB_FlushTxFifo
                0x00000000080053a0       0x64 ./Drivers/STM32L4xx_HAL_Driver/Src/stm32l4xx_ll_usb.o
                0x00000000080053a0                USB_FlushTxFifo
 .text.USB_FlushRxFifo
                0x0000000008005404       0x5c ./Drivers/STM32L4xx_HAL_Driver/Src/stm32l4xx_ll_usb.o
                0x0000000008005404                USB_FlushRxFifo
 .text.USB_SetDevSpeed
                0x0000000008005460       0x32 ./Drivers/STM32L4xx_HAL_Driver/Src/stm32l4xx_ll_usb.o
                0x0000000008005460                USB_SetDevSpeed
 .text.USB_DevDisconnect
                0x0000000008005492       0x42 ./Drivers/STM32L4xx_HAL_Driver/Src/stm32l4xx_ll_usb.o
                0x0000000008005492                USB_DevDisconnect
 .text.USB_GetMode
                0x00000000080054d4       0x1c ./Drivers/STM32L4xx_HAL_Driver/Src/stm32l4xx_ll_usb.o
                0x00000000080054d4                USB_GetMode
 .text.USB_CoreReset
                0x00000000080054f0       0x64 ./Drivers/STM32L4xx_HAL_Driver/Src/stm32l4xx_ll_usb.o
 .text.__NVIC_SetPriority
                0x0000000008005554       0x54 ./Middlewares/Third_Party/FreeRTOS/Source/CMSIS_RTOS_V2/cmsis_os2.o
 .text.SysTick_Handler
                0x00000000080055a8       0x20 ./Middlewares/Third_Party/FreeRTOS/Source/CMSIS_RTOS_V2/cmsis_os2.o
                0x00000000080055a8                SysTick_Handler
 .text.SVC_Setup
                0x00000000080055c8       0x12 ./Middlewares/Third_Party/FreeRTOS/Source/CMSIS_RTOS_V2/cmsis_os2.o
 *fill*         0x00000000080055da        0x2 
 .text.osKernelInitialize
                0x00000000080055dc       0x48 ./Middlewares/Third_Party/FreeRTOS/Source/CMSIS_RTOS_V2/cmsis_os2.o
                0x00000000080055dc                osKernelInitialize
 .text.osKernelStart
                0x0000000008005624       0x4c ./Middlewares/Third_Party/FreeRTOS/Source/CMSIS_RTOS_V2/cmsis_os2.o
                0x0000000008005624                osKernelStart
 .text.osThreadNew
                0x0000000008005670      0x124 ./Middlewares/Third_Party/FreeRTOS/Source/CMSIS_RTOS_V2/cmsis_os2.o
                0x0000000008005670                osThreadNew
 .text.osDelay  0x0000000008005794       0x36 ./Middlewares/Third_Party/FreeRTOS/Source/CMSIS_RTOS_V2/cmsis_os2.o
                0x0000000008005794                osDelay
 .text.osSemaphoreNew
                0x00000000080057ca      0x112 ./Middlewares/Third_Party/FreeRTOS/Source/CMSIS_RTOS_V2/cmsis_os2.o
                0x00000000080057ca                osSemaphoreNew
 .text.vApplicationGetIdleTaskMemory
                0x00000000080058dc       0x34 ./Middlewares/Third_Party/FreeRTOS/Source/CMSIS_RTOS_V2/cmsis_os2.o
                0x00000000080058dc                vApplicationGetIdleTaskMemory
 .text.vApplicationGetTimerTaskMemory
                0x0000000008005910       0x34 ./Middlewares/Third_Party/FreeRTOS/Source/CMSIS_RTOS_V2/cmsis_os2.o
                0x0000000008005910                vApplicationGetTimerTaskMemory
 .text.vListInitialise
                0x0000000008005944       0x40 ./Middlewares/Third_Party/FreeRTOS/Source/list.o
                0x0000000008005944                vListInitialise
 .text.vListInitialiseItem
                0x0000000008005984       0x1a ./Middlewares/Third_Party/FreeRTOS/Source/list.o
                0x0000000008005984                vListInitialiseItem
 .text.vListInsertEnd
                0x000000000800599e       0x48 ./Middlewares/Third_Party/FreeRTOS/Source/list.o
                0x000000000800599e                vListInsertEnd
 .text.vListInsert
                0x00000000080059e6       0x72 ./Middlewares/Third_Party/FreeRTOS/Source/list.o
                0x00000000080059e6                vListInsert
 .text.uxListRemove
                0x0000000008005a58       0x54 ./Middlewares/Third_Party/FreeRTOS/Source/list.o
                0x0000000008005a58                uxListRemove
 .text.xQueueGenericReset
                0x0000000008005aac       0xd0 ./Middlewares/Third_Party/FreeRTOS/Source/queue.o
                0x0000000008005aac                xQueueGenericReset
 .text.xQueueGenericCreateStatic
                0x0000000008005b7c       0xf0 ./Middlewares/Third_Party/FreeRTOS/Source/queue.o
                0x0000000008005b7c                xQueueGenericCreateStatic
 .text.xQueueGenericCreate
                0x0000000008005c6c       0x74 ./Middlewares/Third_Party/FreeRTOS/Source/queue.o
                0x0000000008005c6c                xQueueGenericCreate
 .text.prvInitialiseNewQueue
                0x0000000008005ce0       0x46 ./Middlewares/Third_Party/FreeRTOS/Source/queue.o
 .text.xQueueCreateCountingSemaphoreStatic
                0x0000000008005d26       0x6e ./Middlewares/Third_Party/FreeRTOS/Source/queue.o
                0x0000000008005d26                xQueueCreateCountingSemaphoreStatic
 .text.xQueueCreateCountingSemaphore
                0x0000000008005d94       0x66 ./Middlewares/Third_Party/FreeRTOS/Source/queue.o
                0x0000000008005d94                xQueueCreateCountingSemaphore
 *fill*         0x0000000008005dfa        0x2 
 .text.xQueueGenericSend
                0x0000000008005dfc      0x1fc ./Middlewares/Third_Party/FreeRTOS/Source/queue.o
                0x0000000008005dfc                xQueueGenericSend
 .text.xQueueGenericSendFromISR
                0x0000000008005ff8      0x136 ./Middlewares/Third_Party/FreeRTOS/Source/queue.o
                0x0000000008005ff8                xQueueGenericSendFromISR
 *fill*         0x000000000800612e        0x2 
 .text.xQueueReceive
                0x0000000008006130      0x1c0 ./Middlewares/Third_Party/FreeRTOS/Source/queue.o
                0x0000000008006130                xQueueReceive
 .text.xQueueSemaphoreTake
                0x00000000080062f0      0x218 ./Middlewares/Third_Party/FreeRTOS/Source/queue.o
                0x00000000080062f0                xQueueSemaphoreTake
 .text.vQueueDelete
                0x0000000008006508       0x46 ./Middlewares/Third_Party/FreeRTOS/Source/queue.o
                0x0000000008006508                vQueueDelete
 .text.prvGetDisinheritPriorityAfterTimeout
                0x000000000800654e       0x30 ./Middlewares/Third_Party/FreeRTOS/Source/queue.o
 .text.prvCopyDataToQueue
                0x000000000800657e       0xd4 ./Middlewares/Third_Party/FreeRTOS/Source/queue.o
 .text.prvCopyDataFromQueue
                0x0000000008006652       0x4c ./Middlewares/Third_Party/FreeRTOS/Source/queue.o
 .text.prvUnlockQueue
                0x000000000800669e       0xa4 ./Middlewares/Third_Party/FreeRTOS/Source/queue.o
 .text.prvIsQueueEmpty
                0x0000000008006742       0x2c ./Middlewares/Third_Party/FreeRTOS/Source/queue.o
 .text.prvIsQueueFull
                0x000000000800676e       0x30 ./Middlewares/Third_Party/FreeRTOS/Source/queue.o
 *fill*         0x000000000800679e        0x2 
 .text.vQueueAddToRegistry
                0x00000000080067a0       0x54 ./Middlewares/Third_Party/FreeRTOS/Source/queue.o
                0x00000000080067a0                vQueueAddToRegistry
 .text.vQueueUnregisterQueue
                0x00000000080067f4       0x54 ./Middlewares/Third_Party/FreeRTOS/Source/queue.o
                0x00000000080067f4                vQueueUnregisterQueue
 .text.vQueueWaitForMessageRestricted
                0x0000000008006848       0x68 ./Middlewares/Third_Party/FreeRTOS/Source/queue.o
                0x0000000008006848                vQueueWaitForMessageRestricted
 .text.xTaskCreateStatic
                0x00000000080068b0       0xba ./Middlewares/Third_Party/FreeRTOS/Source/tasks.o
                0x00000000080068b0                xTaskCreateStatic
 .text.xTaskCreate
                0x000000000800696a       0x8a ./Middlewares/Third_Party/FreeRTOS/Source/tasks.o
                0x000000000800696a                xTaskCreate
 .text.prvInitialiseNewTask
                0x00000000080069f4      0x14c ./Middlewares/Third_Party/FreeRTOS/Source/tasks.o
 .text.prvAddNewTaskToReadyList
                0x0000000008006b40       0xe0 ./Middlewares/Third_Party/FreeRTOS/Source/tasks.o
 .text.vTaskDelay
                0x0000000008006c20       0x68 ./Middlewares/Third_Party/FreeRTOS/Source/tasks.o
                0x0000000008006c20                vTaskDelay
 .text.vTaskStartScheduler
                0x0000000008006c88       0xe0 ./Middlewares/Third_Party/FreeRTOS/Source/tasks.o
                0x0000000008006c88                vTaskStartScheduler
 .text.vTaskSuspendAll
                0x0000000008006d68       0x1c ./Middlewares/Third_Party/FreeRTOS/Source/tasks.o
                0x0000000008006d68                vTaskSuspendAll
 .text.xTaskResumeAll
                0x0000000008006d84      0x13c ./Middlewares/Third_Party/FreeRTOS/Source/tasks.o
                0x0000000008006d84                xTaskResumeAll
 .text.xTaskGetTickCount
                0x0000000008006ec0       0x20 ./Middlewares/Third_Party/FreeRTOS/Source/tasks.o
                0x0000000008006ec0                xTaskGetTickCount
 .text.xTaskIncrementTick
                0x0000000008006ee0      0x174 ./Middlewares/Third_Party/FreeRTOS/Source/tasks.o
                0x0000000008006ee0                xTaskIncrementTick
 .text.vTaskSwitchContext
                0x0000000008007054       0xc8 ./Middlewares/Third_Party/FreeRTOS/Source/tasks.o
                0x0000000008007054                vTaskSwitchContext
 .text.vTaskPlaceOnEventList
                0x000000000800711c       0x48 ./Middlewares/Third_Party/FreeRTOS/Source/tasks.o
                0x000000000800711c                vTaskPlaceOnEventList
 .text.vTaskPlaceOnEventListRestricted
                0x0000000008007164       0x58 ./Middlewares/Third_Party/FreeRTOS/Source/tasks.o
                0x0000000008007164                vTaskPlaceOnEventListRestricted
 .text.xTaskRemoveFromEventList
                0x00000000080071bc       0xc8 ./Middlewares/Third_Party/FreeRTOS/Source/tasks.o
                0x00000000080071bc                xTaskRemoveFromEventList
 .text.vTaskInternalSetTimeOutState
                0x0000000008007284       0x2c ./Middlewares/Third_Party/FreeRTOS/Source/tasks.o
                0x0000000008007284                vTaskInternalSetTimeOutState
 .text.xTaskCheckForTimeOut
                0x00000000080072b0       0xc4 ./Middlewares/Third_Party/FreeRTOS/Source/tasks.o
                0x00000000080072b0                xTaskCheckForTimeOut
 .text.vTaskMissedYield
                0x0000000008007374       0x18 ./Middlewares/Third_Party/FreeRTOS/Source/tasks.o
                0x0000000008007374                vTaskMissedYield
 .text.prvIdleTask
                0x000000000800738c       0x30 ./Middlewares/Third_Party/FreeRTOS/Source/tasks.o
 .text.prvInitialiseTaskLists
                0x00000000080073bc       0x80 ./Middlewares/Third_Party/FreeRTOS/Source/tasks.o
 .text.prvCheckTasksWaitingTermination
                0x000000000800743c       0x5c ./Middlewares/Third_Party/FreeRTOS/Source/tasks.o
 .text.prvDeleteTCB
                0x0000000008007498       0x68 ./Middlewares/Third_Party/FreeRTOS/Source/tasks.o
 .text.prvResetNextTaskUnblockTime
                0x0000000008007500       0x40 ./Middlewares/Third_Party/FreeRTOS/Source/tasks.o
 .text.xTaskGetSchedulerState
                0x0000000008007540       0x3c ./Middlewares/Third_Party/FreeRTOS/Source/tasks.o
                0x0000000008007540                xTaskGetSchedulerState
 .text.xTaskPriorityInherit
                0x000000000800757c       0xd0 ./Middlewares/Third_Party/FreeRTOS/Source/tasks.o
                0x000000000800757c                xTaskPriorityInherit
 .text.xTaskPriorityDisinherit
                0x000000000800764c       0xdc ./Middlewares/Third_Party/FreeRTOS/Source/tasks.o
                0x000000000800764c                xTaskPriorityDisinherit
 .text.vTaskPriorityDisinheritAfterTimeout
                0x0000000008007728      0x104 ./Middlewares/Third_Party/FreeRTOS/Source/tasks.o
                0x0000000008007728                vTaskPriorityDisinheritAfterTimeout
 .text.pvTaskIncrementMutexHeldCount
                0x000000000800782c       0x28 ./Middlewares/Third_Party/FreeRTOS/Source/tasks.o
                0x000000000800782c                pvTaskIncrementMutexHeldCount
 .text.prvAddCurrentTaskToDelayedList
                0x0000000008007854       0xa8 ./Middlewares/Third_Party/FreeRTOS/Source/tasks.o
 .text.xTimerCreateTimerTask
                0x00000000080078fc       0x90 ./Middlewares/Third_Party/FreeRTOS/Source/timers.o
                0x00000000080078fc                xTimerCreateTimerTask
 .text.xTimerGenericCommand
                0x000000000800798c       0x9c ./Middlewares/Third_Party/FreeRTOS/Source/timers.o
                0x000000000800798c                xTimerGenericCommand
 .text.prvProcessExpiredTimer
                0x0000000008007a28       0x98 ./Middlewares/Third_Party/FreeRTOS/Source/timers.o
 .text.prvTimerTask
                0x0000000008007ac0       0x24 ./Middlewares/Third_Party/FreeRTOS/Source/timers.o
 .text.prvProcessTimerOrBlockTask
                0x0000000008007ae4       0x9c ./Middlewares/Third_Party/FreeRTOS/Source/timers.o
 .text.prvGetNextExpireTime
                0x0000000008007b80       0x48 ./Middlewares/Third_Party/FreeRTOS/Source/timers.o
 .text.prvSampleTimeNow
                0x0000000008007bc8       0x40 ./Middlewares/Third_Party/FreeRTOS/Source/timers.o
 .text.prvInsertTimerInActiveList
                0x0000000008007c08       0x84 ./Middlewares/Third_Party/FreeRTOS/Source/timers.o
 .text.prvProcessReceivedCommands
                0x0000000008007c8c      0x1c4 ./Middlewares/Third_Party/FreeRTOS/Source/timers.o
 .text.prvSwitchTimerLists
                0x0000000008007e50       0xc8 ./Middlewares/Third_Party/FreeRTOS/Source/timers.o
 .text.prvCheckForValidListAndQueue
                0x0000000008007f18       0x80 ./Middlewares/Third_Party/FreeRTOS/Source/timers.o
 .text.pxPortInitialiseStack
                0x0000000008007f98       0x68 ./Middlewares/Third_Party/FreeRTOS/Source/portable/GCC/ARM_CM4F/port.o
                0x0000000008007f98                pxPortInitialiseStack
 .text.prvTaskExitError
                0x0000000008008000       0x58 ./Middlewares/Third_Party/FreeRTOS/Source/portable/GCC/ARM_CM4F/port.o
 *fill*         0x0000000008008058        0x8 
 .text.SVC_Handler
                0x0000000008008060       0x28 ./Middlewares/Third_Party/FreeRTOS/Source/portable/GCC/ARM_CM4F/port.o
                0x0000000008008060                SVC_Handler
 .text.prvPortStartFirstTask
                0x0000000008008088       0x28 ./Middlewares/Third_Party/FreeRTOS/Source/portable/GCC/ARM_CM4F/port.o
 .text.xPortStartScheduler
                0x00000000080080b0      0x144 ./Middlewares/Third_Party/FreeRTOS/Source/portable/GCC/ARM_CM4F/port.o
                0x00000000080080b0                xPortStartScheduler
 .text.vPortEnterCritical
                0x00000000080081f4       0x60 ./Middlewares/Third_Party/FreeRTOS/Source/portable/GCC/ARM_CM4F/port.o
                0x00000000080081f4                vPortEnterCritical
 .text.vPortExitCritical
                0x0000000008008254       0x54 ./Middlewares/Third_Party/FreeRTOS/Source/portable/GCC/ARM_CM4F/port.o
                0x0000000008008254                vPortExitCritical
 *fill*         0x00000000080082a8        0x8 
 .text.PendSV_Handler
                0x00000000080082b0       0x68 ./Middlewares/Third_Party/FreeRTOS/Source/portable/GCC/ARM_CM4F/port.o
                0x00000000080082b0                PendSV_Handler
 .text.xPortSysTickHandler
                0x0000000008008318       0x44 ./Middlewares/Third_Party/FreeRTOS/Source/portable/GCC/ARM_CM4F/port.o
                0x0000000008008318                xPortSysTickHandler
 .text.vPortSetupTimerInterrupt
                0x000000000800835c       0x48 ./Middlewares/Third_Party/FreeRTOS/Source/portable/GCC/ARM_CM4F/port.o
                0x000000000800835c                vPortSetupTimerInterrupt
 .text.vPortEnableVFP
                0x00000000080083a4       0x14 ./Middlewares/Third_Party/FreeRTOS/Source/portable/GCC/ARM_CM4F/port.o
 .text.vPortValidateInterruptPriority
                0x00000000080083b8       0x80 ./Middlewares/Third_Party/FreeRTOS/Source/portable/GCC/ARM_CM4F/port.o
                0x00000000080083b8                vPortValidateInterruptPriority
 .text.pvPortMalloc
                0x0000000008008438      0x198 ./Middlewares/Third_Party/FreeRTOS/Source/portable/MemMang/heap_4.o
                0x0000000008008438                pvPortMalloc
 .text.vPortFree
                0x00000000080085d0       0xc4 ./Middlewares/Third_Party/FreeRTOS/Source/portable/MemMang/heap_4.o
                0x00000000080085d0                vPortFree
 .text.prvHeapInit
                0x0000000008008694       0xc4 ./Middlewares/Third_Party/FreeRTOS/Source/portable/MemMang/heap_4.o
 .text.prvInsertBlockIntoFreeList
                0x0000000008008758       0xb4 ./Middlewares/Third_Party/FreeRTOS/Source/portable/MemMang/heap_4.o
 .text.__errno  0x000000000800880c        0xc c:/programas/stm32cubeide_1.9.0/stm32cubeide/plugins/com.st.stm32cube.ide.mcu.externaltools.gnu-tools-for-stm32.10.3-2021.10.win32_1.0.0.202111181127/tools/bin/../lib/gcc/arm-none-eabi/10.3.1/../../../../arm-none-eabi/lib/thumb/v7e-m+fp/hard\libc_nano.a(lib_a-errno.o)
                0x000000000800880c                __errno
 .text.std      0x0000000008008818       0x48 c:/programas/stm32cubeide_1.9.0/stm32cubeide/plugins/com.st.stm32cube.ide.mcu.externaltools.gnu-tools-for-stm32.10.3-2021.10.win32_1.0.0.202111181127/tools/bin/../lib/gcc/arm-none-eabi/10.3.1/../../../../arm-none-eabi/lib/thumb/v7e-m+fp/hard\libc_nano.a(lib_a-findfp.o)
 .text._cleanup_r
                0x0000000008008860        0xc c:/programas/stm32cubeide_1.9.0/stm32cubeide/plugins/com.st.stm32cube.ide.mcu.externaltools.gnu-tools-for-stm32.10.3-2021.10.win32_1.0.0.202111181127/tools/bin/../lib/gcc/arm-none-eabi/10.3.1/../../../../arm-none-eabi/lib/thumb/v7e-m+fp/hard\libc_nano.a(lib_a-findfp.o)
                0x0000000008008860                _cleanup_r
 .text.__sfmoreglue
                0x000000000800886c       0x2c c:/programas/stm32cubeide_1.9.0/stm32cubeide/plugins/com.st.stm32cube.ide.mcu.externaltools.gnu-tools-for-stm32.10.3-2021.10.win32_1.0.0.202111181127/tools/bin/../lib/gcc/arm-none-eabi/10.3.1/../../../../arm-none-eabi/lib/thumb/v7e-m+fp/hard\libc_nano.a(lib_a-findfp.o)
                0x000000000800886c                __sfmoreglue
 .text.__sfp_lock_acquire
                0x0000000008008898        0xc c:/programas/stm32cubeide_1.9.0/stm32cubeide/plugins/com.st.stm32cube.ide.mcu.externaltools.gnu-tools-for-stm32.10.3-2021.10.win32_1.0.0.202111181127/tools/bin/../lib/gcc/arm-none-eabi/10.3.1/../../../../arm-none-eabi/lib/thumb/v7e-m+fp/hard\libc_nano.a(lib_a-findfp.o)
                0x0000000008008898                __sfp_lock_acquire
 .text.__sfp_lock_release
                0x00000000080088a4        0xc c:/programas/stm32cubeide_1.9.0/stm32cubeide/plugins/com.st.stm32cube.ide.mcu.externaltools.gnu-tools-for-stm32.10.3-2021.10.win32_1.0.0.202111181127/tools/bin/../lib/gcc/arm-none-eabi/10.3.1/../../../../arm-none-eabi/lib/thumb/v7e-m+fp/hard\libc_nano.a(lib_a-findfp.o)
                0x00000000080088a4                __sfp_lock_release
 .text.__sinit_lock_acquire
                0x00000000080088b0        0xc c:/programas/stm32cubeide_1.9.0/stm32cubeide/plugins/com.st.stm32cube.ide.mcu.externaltools.gnu-tools-for-stm32.10.3-2021.10.win32_1.0.0.202111181127/tools/bin/../lib/gcc/arm-none-eabi/10.3.1/../../../../arm-none-eabi/lib/thumb/v7e-m+fp/hard\libc_nano.a(lib_a-findfp.o)
                0x00000000080088b0                __sinit_lock_acquire
 .text.__sinit_lock_release
                0x00000000080088bc        0xc c:/programas/stm32cubeide_1.9.0/stm32cubeide/plugins/com.st.stm32cube.ide.mcu.externaltools.gnu-tools-for-stm32.10.3-2021.10.win32_1.0.0.202111181127/tools/bin/../lib/gcc/arm-none-eabi/10.3.1/../../../../arm-none-eabi/lib/thumb/v7e-m+fp/hard\libc_nano.a(lib_a-findfp.o)
                0x00000000080088bc                __sinit_lock_release
 .text.__sinit  0x00000000080088c8       0x70 c:/programas/stm32cubeide_1.9.0/stm32cubeide/plugins/com.st.stm32cube.ide.mcu.externaltools.gnu-tools-for-stm32.10.3-2021.10.win32_1.0.0.202111181127/tools/bin/../lib/gcc/arm-none-eabi/10.3.1/../../../../arm-none-eabi/lib/thumb/v7e-m+fp/hard\libc_nano.a(lib_a-findfp.o)
                0x00000000080088c8                __sinit
 .text.__sfp    0x0000000008008938       0x8c c:/programas/stm32cubeide_1.9.0/stm32cubeide/plugins/com.st.stm32cube.ide.mcu.externaltools.gnu-tools-for-stm32.10.3-2021.10.win32_1.0.0.202111181127/tools/bin/../lib/gcc/arm-none-eabi/10.3.1/../../../../arm-none-eabi/lib/thumb/v7e-m+fp/hard\libc_nano.a(lib_a-findfp.o)
                0x0000000008008938                __sfp
 .text._fwalk_reent
                0x00000000080089c4       0x3e c:/programas/stm32cubeide_1.9.0/stm32cubeide/plugins/com.st.stm32cube.ide.mcu.externaltools.gnu-tools-for-stm32.10.3-2021.10.win32_1.0.0.202111181127/tools/bin/../lib/gcc/arm-none-eabi/10.3.1/../../../../arm-none-eabi/lib/thumb/v7e-m+fp/hard\libc_nano.a(lib_a-fwalk.o)
                0x00000000080089c4                _fwalk_reent
 *fill*         0x0000000008008a02        0x2 
 .text.__libc_init_array
                0x0000000008008a04       0x48 c:/programas/stm32cubeide_1.9.0/stm32cubeide/plugins/com.st.stm32cube.ide.mcu.externaltools.gnu-tools-for-stm32.10.3-2021.10.win32_1.0.0.202111181127/tools/bin/../lib/gcc/arm-none-eabi/10.3.1/../../../../arm-none-eabi/lib/thumb/v7e-m+fp/hard\libc_nano.a(lib_a-init.o)
                0x0000000008008a04                __libc_init_array
 .text.__retarget_lock_init_recursive
                0x0000000008008a4c        0x2 c:/programas/stm32cubeide_1.9.0/stm32cubeide/plugins/com.st.stm32cube.ide.mcu.externaltools.gnu-tools-for-stm32.10.3-2021.10.win32_1.0.0.202111181127/tools/bin/../lib/gcc/arm-none-eabi/10.3.1/../../../../arm-none-eabi/lib/thumb/v7e-m+fp/hard\libc_nano.a(lib_a-lock.o)
                0x0000000008008a4c                __retarget_lock_init_recursive
 .text.__retarget_lock_acquire_recursive
                0x0000000008008a4e        0x2 c:/programas/stm32cubeide_1.9.0/stm32cubeide/plugins/com.st.stm32cube.ide.mcu.externaltools.gnu-tools-for-stm32.10.3-2021.10.win32_1.0.0.202111181127/tools/bin/../lib/gcc/arm-none-eabi/10.3.1/../../../../arm-none-eabi/lib/thumb/v7e-m+fp/hard\libc_nano.a(lib_a-lock.o)
                0x0000000008008a4e                __retarget_lock_acquire_recursive
 .text.__retarget_lock_release_recursive
                0x0000000008008a50        0x2 c:/programas/stm32cubeide_1.9.0/stm32cubeide/plugins/com.st.stm32cube.ide.mcu.externaltools.gnu-tools-for-stm32.10.3-2021.10.win32_1.0.0.202111181127/tools/bin/../lib/gcc/arm-none-eabi/10.3.1/../../../../arm-none-eabi/lib/thumb/v7e-m+fp/hard\libc_nano.a(lib_a-lock.o)
                0x0000000008008a50                __retarget_lock_release_recursive
 *fill*         0x0000000008008a52        0x2 
 .text.malloc   0x0000000008008a54       0x10 c:/programas/stm32cubeide_1.9.0/stm32cubeide/plugins/com.st.stm32cube.ide.mcu.externaltools.gnu-tools-for-stm32.10.3-2021.10.win32_1.0.0.202111181127/tools/bin/../lib/gcc/arm-none-eabi/10.3.1/../../../../arm-none-eabi/lib/thumb/v7e-m+fp/hard\libc_nano.a(lib_a-malloc.o)
                0x0000000008008a54                malloc
 .text.memcpy   0x0000000008008a64       0x1c c:/programas/stm32cubeide_1.9.0/stm32cubeide/plugins/com.st.stm32cube.ide.mcu.externaltools.gnu-tools-for-stm32.10.3-2021.10.win32_1.0.0.202111181127/tools/bin/../lib/gcc/arm-none-eabi/10.3.1/../../../../arm-none-eabi/lib/thumb/v7e-m+fp/hard\libc_nano.a(lib_a-memcpy-stub.o)
                0x0000000008008a64                memcpy
 .text.memset   0x0000000008008a80       0x10 c:/programas/stm32cubeide_1.9.0/stm32cubeide/plugins/com.st.stm32cube.ide.mcu.externaltools.gnu-tools-for-stm32.10.3-2021.10.win32_1.0.0.202111181127/tools/bin/../lib/gcc/arm-none-eabi/10.3.1/../../../../arm-none-eabi/lib/thumb/v7e-m+fp/hard\libc_nano.a(lib_a-memset.o)
                0x0000000008008a80                memset
 .text._free_r  0x0000000008008a90       0x98 c:/programas/stm32cubeide_1.9.0/stm32cubeide/plugins/com.st.stm32cube.ide.mcu.externaltools.gnu-tools-for-stm32.10.3-2021.10.win32_1.0.0.202111181127/tools/bin/../lib/gcc/arm-none-eabi/10.3.1/../../../../arm-none-eabi/lib/thumb/v7e-m+fp/hard\libc_nano.a(lib_a-nano-freer.o)
                0x0000000008008a90                _free_r
 .text.sbrk_aligned
                0x0000000008008b28       0x40 c:/programas/stm32cubeide_1.9.0/stm32cubeide/plugins/com.st.stm32cube.ide.mcu.externaltools.gnu-tools-for-stm32.10.3-2021.10.win32_1.0.0.202111181127/tools/bin/../lib/gcc/arm-none-eabi/10.3.1/../../../../arm-none-eabi/lib/thumb/v7e-m+fp/hard\libc_nano.a(lib_a-nano-mallocr.o)
 .text._malloc_r
                0x0000000008008b68       0xe8 c:/programas/stm32cubeide_1.9.0/stm32cubeide/plugins/com.st.stm32cube.ide.mcu.externaltools.gnu-tools-for-stm32.10.3-2021.10.win32_1.0.0.202111181127/tools/bin/../lib/gcc/arm-none-eabi/10.3.1/../../../../arm-none-eabi/lib/thumb/v7e-m+fp/hard\libc_nano.a(lib_a-nano-mallocr.o)
                0x0000000008008b68                _malloc_r
 .text.printf   0x0000000008008c50       0x30 c:/programas/stm32cubeide_1.9.0/stm32cubeide/plugins/com.st.stm32cube.ide.mcu.externaltools.gnu-tools-for-stm32.10.3-2021.10.win32_1.0.0.202111181127/tools/bin/../lib/gcc/arm-none-eabi/10.3.1/../../../../arm-none-eabi/lib/thumb/v7e-m+fp/hard\libc_nano.a(lib_a-printf.o)
                0x0000000008008c50                iprintf
                0x0000000008008c50                printf
 .text.cleanup_glue
                0x0000000008008c80       0x1a c:/programas/stm32cubeide_1.9.0/stm32cubeide/plugins/com.st.stm32cube.ide.mcu.externaltools.gnu-tools-for-stm32.10.3-2021.10.win32_1.0.0.202111181127/tools/bin/../lib/gcc/arm-none-eabi/10.3.1/../../../../arm-none-eabi/lib/thumb/v7e-m+fp/hard\libc_nano.a(lib_a-reent.o)
                0x0000000008008c80                cleanup_glue
 *fill*         0x0000000008008c9a        0x2 
 .text._reclaim_reent
                0x0000000008008c9c       0xb8 c:/programas/stm32cubeide_1.9.0/stm32cubeide/plugins/com.st.stm32cube.ide.mcu.externaltools.gnu-tools-for-stm32.10.3-2021.10.win32_1.0.0.202111181127/tools/bin/../lib/gcc/arm-none-eabi/10.3.1/../../../../arm-none-eabi/lib/thumb/v7e-m+fp/hard\libc_nano.a(lib_a-reent.o)
                0x0000000008008c9c                _reclaim_reent
 .text._sbrk_r  0x0000000008008d54       0x20 c:/programas/stm32cubeide_1.9.0/stm32cubeide/plugins/com.st.stm32cube.ide.mcu.externaltools.gnu-tools-for-stm32.10.3-2021.10.win32_1.0.0.202111181127/tools/bin/../lib/gcc/arm-none-eabi/10.3.1/../../../../arm-none-eabi/lib/thumb/v7e-m+fp/hard\libc_nano.a(lib_a-sbrkr.o)
                0x0000000008008d54                _sbrk_r
 .text.sprintf  0x0000000008008d74       0x40 c:/programas/stm32cubeide_1.9.0/stm32cubeide/plugins/com.st.stm32cube.ide.mcu.externaltools.gnu-tools-for-stm32.10.3-2021.10.win32_1.0.0.202111181127/tools/bin/../lib/gcc/arm-none-eabi/10.3.1/../../../../arm-none-eabi/lib/thumb/v7e-m+fp/hard\libc_nano.a(lib_a-sprintf.o)
                0x0000000008008d74                siprintf
                0x0000000008008d74                sprintf
 .text.__sread  0x0000000008008db4       0x22 c:/programas/stm32cubeide_1.9.0/stm32cubeide/plugins/com.st.stm32cube.ide.mcu.externaltools.gnu-tools-for-stm32.10.3-2021.10.win32_1.0.0.202111181127/tools/bin/../lib/gcc/arm-none-eabi/10.3.1/../../../../arm-none-eabi/lib/thumb/v7e-m+fp/hard\libc_nano.a(lib_a-stdio.o)
                0x0000000008008db4                __sread
 .text.__swrite
                0x0000000008008dd6       0x38 c:/programas/stm32cubeide_1.9.0/stm32cubeide/plugins/com.st.stm32cube.ide.mcu.externaltools.gnu-tools-for-stm32.10.3-2021.10.win32_1.0.0.202111181127/tools/bin/../lib/gcc/arm-none-eabi/10.3.1/../../../../arm-none-eabi/lib/thumb/v7e-m+fp/hard\libc_nano.a(lib_a-stdio.o)
                0x0000000008008dd6                __swrite
 .text.__sseek  0x0000000008008e0e       0x24 c:/programas/stm32cubeide_1.9.0/stm32cubeide/plugins/com.st.stm32cube.ide.mcu.externaltools.gnu-tools-for-stm32.10.3-2021.10.win32_1.0.0.202111181127/tools/bin/../lib/gcc/arm-none-eabi/10.3.1/../../../../arm-none-eabi/lib/thumb/v7e-m+fp/hard\libc_nano.a(lib_a-stdio.o)
                0x0000000008008e0e                __sseek
 .text.__sclose
                0x0000000008008e32        0x8 c:/programas/stm32cubeide_1.9.0/stm32cubeide/plugins/com.st.stm32cube.ide.mcu.externaltools.gnu-tools-for-stm32.10.3-2021.10.win32_1.0.0.202111181127/tools/bin/../lib/gcc/arm-none-eabi/10.3.1/../../../../arm-none-eabi/lib/thumb/v7e-m+fp/hard\libc_nano.a(lib_a-stdio.o)
                0x0000000008008e32                __sclose
 *fill*         0x0000000008008e3a        0x2 
 .text._write_r
                0x0000000008008e3c       0x24 c:/programas/stm32cubeide_1.9.0/stm32cubeide/plugins/com.st.stm32cube.ide.mcu.externaltools.gnu-tools-for-stm32.10.3-2021.10.win32_1.0.0.202111181127/tools/bin/../lib/gcc/arm-none-eabi/10.3.1/../../../../arm-none-eabi/lib/thumb/v7e-m+fp/hard\libc_nano.a(lib_a-writer.o)
                0x0000000008008e3c                _write_r
 .text._close_r
                0x0000000008008e60       0x20 c:/programas/stm32cubeide_1.9.0/stm32cubeide/plugins/com.st.stm32cube.ide.mcu.externaltools.gnu-tools-for-stm32.10.3-2021.10.win32_1.0.0.202111181127/tools/bin/../lib/gcc/arm-none-eabi/10.3.1/../../../../arm-none-eabi/lib/thumb/v7e-m+fp/hard\libc_nano.a(lib_a-closer.o)
                0x0000000008008e60                _close_r
 .text.__sflush_r
                0x0000000008008e80      0x10c c:/programas/stm32cubeide_1.9.0/stm32cubeide/plugins/com.st.stm32cube.ide.mcu.externaltools.gnu-tools-for-stm32.10.3-2021.10.win32_1.0.0.202111181127/tools/bin/../lib/gcc/arm-none-eabi/10.3.1/../../../../arm-none-eabi/lib/thumb/v7e-m+fp/hard\libc_nano.a(lib_a-fflush.o)
                0x0000000008008e80                __sflush_r
 .text._fflush_r
                0x0000000008008f8c       0x78 c:/programas/stm32cubeide_1.9.0/stm32cubeide/plugins/com.st.stm32cube.ide.mcu.externaltools.gnu-tools-for-stm32.10.3-2021.10.win32_1.0.0.202111181127/tools/bin/../lib/gcc/arm-none-eabi/10.3.1/../../../../arm-none-eabi/lib/thumb/v7e-m+fp/hard\libc_nano.a(lib_a-fflush.o)
                0x0000000008008f8c                _fflush_r
 .text._lseek_r
                0x0000000008009004       0x24 c:/programas/stm32cubeide_1.9.0/stm32cubeide/plugins/com.st.stm32cube.ide.mcu.externaltools.gnu-tools-for-stm32.10.3-2021.10.win32_1.0.0.202111181127/tools/bin/../lib/gcc/arm-none-eabi/10.3.1/../../../../arm-none-eabi/lib/thumb/v7e-m+fp/hard\libc_nano.a(lib_a-lseekr.o)
                0x0000000008009004                _lseek_r
 .text.__malloc_lock
                0x0000000008009028        0xc c:/programas/stm32cubeide_1.9.0/stm32cubeide/plugins/com.st.stm32cube.ide.mcu.externaltools.gnu-tools-for-stm32.10.3-2021.10.win32_1.0.0.202111181127/tools/bin/../lib/gcc/arm-none-eabi/10.3.1/../../../../arm-none-eabi/lib/thumb/v7e-m+fp/hard\libc_nano.a(lib_a-mlock.o)
                0x0000000008009028                __malloc_lock
 .text.__malloc_unlock
                0x0000000008009034        0xc c:/programas/stm32cubeide_1.9.0/stm32cubeide/plugins/com.st.stm32cube.ide.mcu.externaltools.gnu-tools-for-stm32.10.3-2021.10.win32_1.0.0.202111181127/tools/bin/../lib/gcc/arm-none-eabi/10.3.1/../../../../arm-none-eabi/lib/thumb/v7e-m+fp/hard\libc_nano.a(lib_a-mlock.o)
                0x0000000008009034                __malloc_unlock
 .text.__ssputs_r
                0x0000000008009040       0xb6 c:/programas/stm32cubeide_1.9.0/stm32cubeide/plugins/com.st.stm32cube.ide.mcu.externaltools.gnu-tools-for-stm32.10.3-2021.10.win32_1.0.0.202111181127/tools/bin/../lib/gcc/arm-none-eabi/10.3.1/../../../../arm-none-eabi/lib/thumb/v7e-m+fp/hard\libc_nano.a(lib_a-nano-svfprintf.o)
                0x0000000008009040                __ssputs_r
 *fill*         0x00000000080090f6        0x2 
 .text._svfprintf_r
                0x00000000080090f8      0x200 c:/programas/stm32cubeide_1.9.0/stm32cubeide/plugins/com.st.stm32cube.ide.mcu.externaltools.gnu-tools-for-stm32.10.3-2021.10.win32_1.0.0.202111181127/tools/bin/../lib/gcc/arm-none-eabi/10.3.1/../../../../arm-none-eabi/lib/thumb/v7e-m+fp/hard\libc_nano.a(lib_a-nano-svfprintf.o)
                0x00000000080090f8                _svfiprintf_r
                0x00000000080090f8                _svfprintf_r
 .text.__sfputc_r
                0x00000000080092f8       0x2e c:/programas/stm32cubeide_1.9.0/stm32cubeide/plugins/com.st.stm32cube.ide.mcu.externaltools.gnu-tools-for-stm32.10.3-2021.10.win32_1.0.0.202111181127/tools/bin/../lib/gcc/arm-none-eabi/10.3.1/../../../../arm-none-eabi/lib/thumb/v7e-m+fp/hard\libc_nano.a(lib_a-nano-vfprintf.o)
 .text.__sfputs_r
                0x0000000008009326       0x24 c:/programas/stm32cubeide_1.9.0/stm32cubeide/plugins/com.st.stm32cube.ide.mcu.externaltools.gnu-tools-for-stm32.10.3-2021.10.win32_1.0.0.202111181127/tools/bin/../lib/gcc/arm-none-eabi/10.3.1/../../../../arm-none-eabi/lib/thumb/v7e-m+fp/hard\libc_nano.a(lib_a-nano-vfprintf.o)
                0x0000000008009326                __sfputs_r
 *fill*         0x000000000800934a        0x2 
 .text._vfprintf_r
                0x000000000800934c      0x260 c:/programas/stm32cubeide_1.9.0/stm32cubeide/plugins/com.st.stm32cube.ide.mcu.externaltools.gnu-tools-for-stm32.10.3-2021.10.win32_1.0.0.202111181127/tools/bin/../lib/gcc/arm-none-eabi/10.3.1/../../../../arm-none-eabi/lib/thumb/v7e-m+fp/hard\libc_nano.a(lib_a-nano-vfprintf.o)
                0x000000000800934c                _vfprintf_r
                0x000000000800934c                _vfiprintf_r
 .text._printf_common
                0x00000000080095ac       0xda c:/programas/stm32cubeide_1.9.0/stm32cubeide/plugins/com.st.stm32cube.ide.mcu.externaltools.gnu-tools-for-stm32.10.3-2021.10.win32_1.0.0.202111181127/tools/bin/../lib/gcc/arm-none-eabi/10.3.1/../../../../arm-none-eabi/lib/thumb/v7e-m+fp/hard\libc_nano.a(lib_a-nano-vfprintf_i.o)
                0x00000000080095ac                _printf_common
 *fill*         0x0000000008009686        0x2 
 .text._printf_i
                0x0000000008009688      0x24c c:/programas/stm32cubeide_1.9.0/stm32cubeide/plugins/com.st.stm32cube.ide.mcu.externaltools.gnu-tools-for-stm32.10.3-2021.10.win32_1.0.0.202111181127/tools/bin/../lib/gcc/arm-none-eabi/10.3.1/../../../../arm-none-eabi/lib/thumb/v7e-m+fp/hard\libc_nano.a(lib_a-nano-vfprintf_i.o)
                0x0000000008009688                _printf_i
 .text._read_r  0x00000000080098d4       0x24 c:/programas/stm32cubeide_1.9.0/stm32cubeide/plugins/com.st.stm32cube.ide.mcu.externaltools.gnu-tools-for-stm32.10.3-2021.10.win32_1.0.0.202111181127/tools/bin/../lib/gcc/arm-none-eabi/10.3.1/../../../../arm-none-eabi/lib/thumb/v7e-m+fp/hard\libc_nano.a(lib_a-readr.o)
                0x00000000080098d4                _read_r
 .text.__swbuf_r
                0x00000000080098f8       0xa4 c:/programas/stm32cubeide_1.9.0/stm32cubeide/plugins/com.st.stm32cube.ide.mcu.externaltools.gnu-tools-for-stm32.10.3-2021.10.win32_1.0.0.202111181127/tools/bin/../lib/gcc/arm-none-eabi/10.3.1/../../../../arm-none-eabi/lib/thumb/v7e-m+fp/hard\libc_nano.a(lib_a-wbuf.o)
                0x00000000080098f8                __swbuf_r
 .text.__swsetup_r
                0x000000000800999c       0xdc c:/programas/stm32cubeide_1.9.0/stm32cubeide/plugins/com.st.stm32cube.ide.mcu.externaltools.gnu-tools-for-stm32.10.3-2021.10.win32_1.0.0.202111181127/tools/bin/../lib/gcc/arm-none-eabi/10.3.1/../../../../arm-none-eabi/lib/thumb/v7e-m+fp/hard\libc_nano.a(lib_a-wsetup.o)
                0x000000000800999c                __swsetup_r
 .text.__swhatbuf_r
                0x0000000008009a78       0x4a c:/programas/stm32cubeide_1.9.0/stm32cubeide/plugins/com.st.stm32cube.ide.mcu.externaltools.gnu-tools-for-stm32.10.3-2021.10.win32_1.0.0.202111181127/tools/bin/../lib/gcc/arm-none-eabi/10.3.1/../../../../arm-none-eabi/lib/thumb/v7e-m+fp/hard\libc_nano.a(lib_a-makebuf.o)
                0x0000000008009a78                __swhatbuf_r
 *fill*         0x0000000008009ac2        0x2 
 .text.__smakebuf_r
                0x0000000008009ac4       0x80 c:/programas/stm32cubeide_1.9.0/stm32cubeide/plugins/com.st.stm32cube.ide.mcu.externaltools.gnu-tools-for-stm32.10.3-2021.10.win32_1.0.0.202111181127/tools/bin/../lib/gcc/arm-none-eabi/10.3.1/../../../../arm-none-eabi/lib/thumb/v7e-m+fp/hard\libc_nano.a(lib_a-makebuf.o)
                0x0000000008009ac4                __smakebuf_r
 .text.memmove  0x0000000008009b44       0x34 c:/programas/stm32cubeide_1.9.0/stm32cubeide/plugins/com.st.stm32cube.ide.mcu.externaltools.gnu-tools-for-stm32.10.3-2021.10.win32_1.0.0.202111181127/tools/bin/../lib/gcc/arm-none-eabi/10.3.1/../../../../arm-none-eabi/lib/thumb/v7e-m+fp/hard\libc_nano.a(lib_a-memmove.o)
                0x0000000008009b44                memmove
 .text._realloc_r
                0x0000000008009b78       0x5e c:/programas/stm32cubeide_1.9.0/stm32cubeide/plugins/com.st.stm32cube.ide.mcu.externaltools.gnu-tools-for-stm32.10.3-2021.10.win32_1.0.0.202111181127/tools/bin/../lib/gcc/arm-none-eabi/10.3.1/../../../../arm-none-eabi/lib/thumb/v7e-m+fp/hard\libc_nano.a(lib_a-nano-reallocr.o)
                0x0000000008009b78                _realloc_r
 *fill*         0x0000000008009bd6        0x2 
 .text._fstat_r
                0x0000000008009bd8       0x24 c:/programas/stm32cubeide_1.9.0/stm32cubeide/plugins/com.st.stm32cube.ide.mcu.externaltools.gnu-tools-for-stm32.10.3-2021.10.win32_1.0.0.202111181127/tools/bin/../lib/gcc/arm-none-eabi/10.3.1/../../../../arm-none-eabi/lib/thumb/v7e-m+fp/hard\libc_nano.a(lib_a-fstatr.o)
                0x0000000008009bd8                _fstat_r
 .text._isatty_r
                0x0000000008009bfc       0x20 c:/programas/stm32cubeide_1.9.0/stm32cubeide/plugins/com.st.stm32cube.ide.mcu.externaltools.gnu-tools-for-stm32.10.3-2021.10.win32_1.0.0.202111181127/tools/bin/../lib/gcc/arm-none-eabi/10.3.1/../../../../arm-none-eabi/lib/thumb/v7e-m+fp/hard\libc_nano.a(lib_a-isattyr.o)
                0x0000000008009bfc                _isatty_r
 .text._malloc_usable_size_r
                0x0000000008009c1c       0x10 c:/programas/stm32cubeide_1.9.0/stm32cubeide/plugins/com.st.stm32cube.ide.mcu.externaltools.gnu-tools-for-stm32.10.3-2021.10.win32_1.0.0.202111181127/tools/bin/../lib/gcc/arm-none-eabi/10.3.1/../../../../arm-none-eabi/lib/thumb/v7e-m+fp/hard\libc_nano.a(lib_a-nano-msizer.o)
                0x0000000008009c1c                _malloc_usable_size_r
 *(.glue_7)
 .glue_7        0x0000000008009c2c        0x0 linker stubs
 *(.glue_7t)
 .glue_7t       0x0000000008009c2c        0x0 linker stubs
 *(.eh_frame)
 .eh_frame      0x0000000008009c2c        0x0 c:/programas/stm32cubeide_1.9.0/stm32cubeide/plugins/com.st.stm32cube.ide.mcu.externaltools.gnu-tools-for-stm32.10.3-2021.10.win32_1.0.0.202111181127/tools/bin/../lib/gcc/arm-none-eabi/10.3.1/thumb/v7e-m+fp/hard/crtbegin.o
 *(.init)
 .init          0x0000000008009c2c        0x4 c:/programas/stm32cubeide_1.9.0/stm32cubeide/plugins/com.st.stm32cube.ide.mcu.externaltools.gnu-tools-for-stm32.10.3-2021.10.win32_1.0.0.202111181127/tools/bin/../lib/gcc/arm-none-eabi/10.3.1/thumb/v7e-m+fp/hard/crti.o
                0x0000000008009c2c                _init
 .init          0x0000000008009c30        0x8 c:/programas/stm32cubeide_1.9.0/stm32cubeide/plugins/com.st.stm32cube.ide.mcu.externaltools.gnu-tools-for-stm32.10.3-2021.10.win32_1.0.0.202111181127/tools/bin/../lib/gcc/arm-none-eabi/10.3.1/thumb/v7e-m+fp/hard/crtn.o
 *(.fini)
 .fini          0x0000000008009c38        0x4 c:/programas/stm32cubeide_1.9.0/stm32cubeide/plugins/com.st.stm32cube.ide.mcu.externaltools.gnu-tools-for-stm32.10.3-2021.10.win32_1.0.0.202111181127/tools/bin/../lib/gcc/arm-none-eabi/10.3.1/thumb/v7e-m+fp/hard/crti.o
                0x0000000008009c38                _fini
 .fini          0x0000000008009c3c        0x8 c:/programas/stm32cubeide_1.9.0/stm32cubeide/plugins/com.st.stm32cube.ide.mcu.externaltools.gnu-tools-for-stm32.10.3-2021.10.win32_1.0.0.202111181127/tools/bin/../lib/gcc/arm-none-eabi/10.3.1/thumb/v7e-m+fp/hard/crtn.o
                0x0000000008009c44                . = ALIGN (0x4)
                0x0000000008009c44                _etext = .

.vfp11_veneer   0x0000000008009c44        0x0
 .vfp11_veneer  0x0000000008009c44        0x0 linker stubs

.v4_bx          0x0000000008009c44        0x0
 .v4_bx         0x0000000008009c44        0x0 linker stubs

.iplt           0x0000000008009c44        0x0
 .iplt          0x0000000008009c44        0x0 c:/programas/stm32cubeide_1.9.0/stm32cubeide/plugins/com.st.stm32cube.ide.mcu.externaltools.gnu-tools-for-stm32.10.3-2021.10.win32_1.0.0.202111181127/tools/bin/../lib/gcc/arm-none-eabi/10.3.1/thumb/v7e-m+fp/hard/crtbegin.o

.rodata         0x0000000008009c44      0x168
                0x0000000008009c44                . = ALIGN (0x4)
 *(.rodata)
 .rodata        0x0000000008009c44        0x5 ./Core/Src/HAL_Instructions.o
 *fill*         0x0000000008009c49        0x3 
 .rodata        0x0000000008009c4c        0x6 ./Core/Src/generalTypes.o
 *fill*         0x0000000008009c52        0x2 
 .rodata        0x0000000008009c54       0x2c ./Core/Src/main.o
 .rodata        0x0000000008009c80        0x5 ./Middlewares/Third_Party/FreeRTOS/Source/tasks.o
 *fill*         0x0000000008009c85        0x3 
 .rodata        0x0000000008009c88        0xd ./Middlewares/Third_Party/FreeRTOS/Source/timers.o
 *(.rodata*)
 *fill*         0x0000000008009c95        0x3 
 .rodata.defaultTask_attributes
                0x0000000008009c98       0x24 ./Core/Src/main.o
                0x0000000008009c98                defaultTask_attributes
 .rodata.xSemaphoreSerial_attributes
                0x0000000008009cbc       0x10 ./Core/Src/main.o
                0x0000000008009cbc                xSemaphoreSerial_attributes
 .rodata.AHBPrescTable
                0x0000000008009ccc       0x10 ./Core/Src/system_stm32l4xx.o
                0x0000000008009ccc                AHBPrescTable
 .rodata.APBPrescTable
                0x0000000008009cdc        0x8 ./Core/Src/system_stm32l4xx.o
                0x0000000008009cdc                APBPrescTable
 .rodata.MSIRangeTable
                0x0000000008009ce4       0x30 ./Core/Src/system_stm32l4xx.o
                0x0000000008009ce4                MSIRangeTable
 .rodata.__sf_fake_stderr
                0x0000000008009d14       0x20 c:/programas/stm32cubeide_1.9.0/stm32cubeide/plugins/com.st.stm32cube.ide.mcu.externaltools.gnu-tools-for-stm32.10.3-2021.10.win32_1.0.0.202111181127/tools/bin/../lib/gcc/arm-none-eabi/10.3.1/../../../../arm-none-eabi/lib/thumb/v7e-m+fp/hard\libc_nano.a(lib_a-findfp.o)
                0x0000000008009d14                __sf_fake_stderr
 .rodata.__sf_fake_stdin
                0x0000000008009d34       0x20 c:/programas/stm32cubeide_1.9.0/stm32cubeide/plugins/com.st.stm32cube.ide.mcu.externaltools.gnu-tools-for-stm32.10.3-2021.10.win32_1.0.0.202111181127/tools/bin/../lib/gcc/arm-none-eabi/10.3.1/../../../../arm-none-eabi/lib/thumb/v7e-m+fp/hard\libc_nano.a(lib_a-findfp.o)
                0x0000000008009d34                __sf_fake_stdin
 .rodata.__sf_fake_stdout
                0x0000000008009d54       0x20 c:/programas/stm32cubeide_1.9.0/stm32cubeide/plugins/com.st.stm32cube.ide.mcu.externaltools.gnu-tools-for-stm32.10.3-2021.10.win32_1.0.0.202111181127/tools/bin/../lib/gcc/arm-none-eabi/10.3.1/../../../../arm-none-eabi/lib/thumb/v7e-m+fp/hard\libc_nano.a(lib_a-findfp.o)
                0x0000000008009d54                __sf_fake_stdout
 .rodata._global_impure_ptr
                0x0000000008009d74        0x4 c:/programas/stm32cubeide_1.9.0/stm32cubeide/plugins/com.st.stm32cube.ide.mcu.externaltools.gnu-tools-for-stm32.10.3-2021.10.win32_1.0.0.202111181127/tools/bin/../lib/gcc/arm-none-eabi/10.3.1/../../../../arm-none-eabi/lib/thumb/v7e-m+fp/hard\libc_nano.a(lib_a-impure.o)
                0x0000000008009d74                _global_impure_ptr
 .rodata._svfprintf_r.str1.1
                0x0000000008009d78       0x11 c:/programas/stm32cubeide_1.9.0/stm32cubeide/plugins/com.st.stm32cube.ide.mcu.externaltools.gnu-tools-for-stm32.10.3-2021.10.win32_1.0.0.202111181127/tools/bin/../lib/gcc/arm-none-eabi/10.3.1/../../../../arm-none-eabi/lib/thumb/v7e-m+fp/hard\libc_nano.a(lib_a-nano-svfprintf.o)
 .rodata._vfprintf_r.str1.1
                0x0000000008009d89       0x11 c:/programas/stm32cubeide_1.9.0/stm32cubeide/plugins/com.st.stm32cube.ide.mcu.externaltools.gnu-tools-for-stm32.10.3-2021.10.win32_1.0.0.202111181127/tools/bin/../lib/gcc/arm-none-eabi/10.3.1/../../../../arm-none-eabi/lib/thumb/v7e-m+fp/hard\libc_nano.a(lib_a-nano-vfprintf.o)
 .rodata._printf_i.str1.1
                0x0000000008009d89       0x22 c:/programas/stm32cubeide_1.9.0/stm32cubeide/plugins/com.st.stm32cube.ide.mcu.externaltools.gnu-tools-for-stm32.10.3-2021.10.win32_1.0.0.202111181127/tools/bin/../lib/gcc/arm-none-eabi/10.3.1/../../../../arm-none-eabi/lib/thumb/v7e-m+fp/hard\libc_nano.a(lib_a-nano-vfprintf_i.o)
                0x0000000008009dac                . = ALIGN (0x4)
 *fill*         0x0000000008009dab        0x1 

.ARM.extab      0x0000000008009dac        0x0
                0x0000000008009dac                . = ALIGN (0x4)
 *(.ARM.extab* .gnu.linkonce.armextab.*)
                0x0000000008009dac                . = ALIGN (0x4)

.ARM            0x0000000008009dac        0x8
                0x0000000008009dac                . = ALIGN (0x4)
                0x0000000008009dac                __exidx_start = .
 *(.ARM.exidx*)
 .ARM.exidx     0x0000000008009dac        0x8 c:/programas/stm32cubeide_1.9.0/stm32cubeide/plugins/com.st.stm32cube.ide.mcu.externaltools.gnu-tools-for-stm32.10.3-2021.10.win32_1.0.0.202111181127/tools/bin/../lib/gcc/arm-none-eabi/10.3.1/thumb/v7e-m+fp/hard\libgcc.a(_udivmoddi4.o)
                0x0000000008009db4                __exidx_end = .
                0x0000000008009db4                . = ALIGN (0x4)

.rel.dyn        0x0000000008009db4        0x0
 .rel.iplt      0x0000000008009db4        0x0 c:/programas/stm32cubeide_1.9.0/stm32cubeide/plugins/com.st.stm32cube.ide.mcu.externaltools.gnu-tools-for-stm32.10.3-2021.10.win32_1.0.0.202111181127/tools/bin/../lib/gcc/arm-none-eabi/10.3.1/thumb/v7e-m+fp/hard/crtbegin.o

.preinit_array  0x0000000008009db4        0x0
                0x0000000008009db4                . = ALIGN (0x4)
                0x0000000008009db4                PROVIDE (__preinit_array_start = .)
 *(.preinit_array*)
                0x0000000008009db4                PROVIDE (__preinit_array_end = .)
                0x0000000008009db4                . = ALIGN (0x4)

.init_array     0x0000000008009db4        0x4
                0x0000000008009db4                . = ALIGN (0x4)
                0x0000000008009db4                PROVIDE (__init_array_start = .)
 *(SORT_BY_NAME(.init_array.*))
 *(.init_array*)
 .init_array    0x0000000008009db4        0x4 c:/programas/stm32cubeide_1.9.0/stm32cubeide/plugins/com.st.stm32cube.ide.mcu.externaltools.gnu-tools-for-stm32.10.3-2021.10.win32_1.0.0.202111181127/tools/bin/../lib/gcc/arm-none-eabi/10.3.1/thumb/v7e-m+fp/hard/crtbegin.o
                0x0000000008009db8                PROVIDE (__init_array_end = .)
                0x0000000008009db8                . = ALIGN (0x4)

.fini_array     0x0000000008009db8        0x4
                0x0000000008009db8                . = ALIGN (0x4)
                [!provide]                        PROVIDE (__fini_array_start = .)
 *(SORT_BY_NAME(.fini_array.*))
 *(.fini_array*)
 .fini_array    0x0000000008009db8        0x4 c:/programas/stm32cubeide_1.9.0/stm32cubeide/plugins/com.st.stm32cube.ide.mcu.externaltools.gnu-tools-for-stm32.10.3-2021.10.win32_1.0.0.202111181127/tools/bin/../lib/gcc/arm-none-eabi/10.3.1/thumb/v7e-m+fp/hard/crtbegin.o
                [!provide]                        PROVIDE (__fini_array_end = .)
                0x0000000008009dbc                . = ALIGN (0x4)
                0x0000000008009dbc                _sidata = LOADADDR (.data)

.data           0x0000000020000000       0x74 load address 0x0000000008009dbc
                0x0000000020000000                . = ALIGN (0x4)
                0x0000000020000000                _sdata = .
 *(.data)
 *(.data*)
 .data.SystemCoreClock
                0x0000000020000000        0x4 ./Core/Src/system_stm32l4xx.o
                0x0000000020000000                SystemCoreClock
 .data.uwTickPrio
                0x0000000020000004        0x4 ./Drivers/STM32L4xx_HAL_Driver/Src/stm32l4xx_hal.o
                0x0000000020000004                uwTickPrio
 .data.uwTickFreq
                0x0000000020000008        0x1 ./Drivers/STM32L4xx_HAL_Driver/Src/stm32l4xx_hal.o
                0x0000000020000008                uwTickFreq
 *fill*         0x0000000020000009        0x3 
 .data.uxCriticalNesting
                0x000000002000000c        0x4 ./Middlewares/Third_Party/FreeRTOS/Source/portable/GCC/ARM_CM4F/port.o
 .data._impure_ptr
                0x0000000020000010        0x4 c:/programas/stm32cubeide_1.9.0/stm32cubeide/plugins/com.st.stm32cube.ide.mcu.externaltools.gnu-tools-for-stm32.10.3-2021.10.win32_1.0.0.202111181127/tools/bin/../lib/gcc/arm-none-eabi/10.3.1/../../../../arm-none-eabi/lib/thumb/v7e-m+fp/hard\libc_nano.a(lib_a-impure.o)
                0x0000000020000010                _impure_ptr
 .data.impure_data
                0x0000000020000014       0x60 c:/programas/stm32cubeide_1.9.0/stm32cubeide/plugins/com.st.stm32cube.ide.mcu.externaltools.gnu-tools-for-stm32.10.3-2021.10.win32_1.0.0.202111181127/tools/bin/../lib/gcc/arm-none-eabi/10.3.1/../../../../arm-none-eabi/lib/thumb/v7e-m+fp/hard\libc_nano.a(lib_a-impure.o)
 *(.RamFunc)
 *(.RamFunc*)
                0x0000000020000074                . = ALIGN (0x4)
                0x0000000020000074                _edata = .

.igot.plt       0x0000000020000074        0x0 load address 0x0000000008009e30
 .igot.plt      0x0000000020000074        0x0 c:/programas/stm32cubeide_1.9.0/stm32cubeide/plugins/com.st.stm32cube.ide.mcu.externaltools.gnu-tools-for-stm32.10.3-2021.10.win32_1.0.0.202111181127/tools/bin/../lib/gcc/arm-none-eabi/10.3.1/thumb/v7e-m+fp/hard/crtbegin.o
                0x0000000020000074                . = ALIGN (0x4)

.bss            0x0000000020000074     0x20b8 load address 0x0000000008009e30
                0x0000000020000074                _sbss = .
                0x0000000020000074                __bss_start__ = _sbss
 *(.bss)
 .bss           0x0000000020000074       0x1c c:/programas/stm32cubeide_1.9.0/stm32cubeide/plugins/com.st.stm32cube.ide.mcu.externaltools.gnu-tools-for-stm32.10.3-2021.10.win32_1.0.0.202111181127/tools/bin/../lib/gcc/arm-none-eabi/10.3.1/thumb/v7e-m+fp/hard/crtbegin.o
 *(.bss*)
 .bss.hdfsdm1_channel1
                0x0000000020000090       0x38 ./Core/Src/main.o
                0x0000000020000090                hdfsdm1_channel1
 .bss.hi2c2     0x00000000200000c8       0x4c ./Core/Src/main.o
                0x00000000200000c8                hi2c2
 .bss.hqspi     0x0000000020000114       0x44 ./Core/Src/main.o
                0x0000000020000114                hqspi
 .bss.hspi3     0x0000000020000158       0x64 ./Core/Src/main.o
                0x0000000020000158                hspi3
 .bss.huart1    0x00000000200001bc       0x84 ./Core/Src/main.o
                0x00000000200001bc                huart1
 .bss.huart3    0x0000000020000240       0x84 ./Core/Src/main.o
                0x0000000020000240                huart3
 .bss.hpcd_USB_OTG_FS
                0x00000000200002c4      0x408 ./Core/Src/main.o
                0x00000000200002c4                hpcd_USB_OTG_FS
 .bss.defaultTaskHandle
                0x00000000200006cc        0x4 ./Core/Src/main.o
                0x00000000200006cc                defaultTaskHandle
 .bss.xSemaphoreSerialHandle
                0x00000000200006d0        0x4 ./Core/Src/main.o
                0x00000000200006d0                xSemaphoreSerialHandle
 .bss.serialTaskHandle
                0x00000000200006d4        0x4 ./Core/Src/main.o
                0x00000000200006d4                serialTaskHandle
 .bss.DFSDM1_Init
                0x00000000200006d8        0x4 ./Core/Src/stm32l4xx_hal_msp.o
 .bss.htim4     0x00000000200006dc       0x4c ./Core/Src/stm32l4xx_hal_timebase_tim.o
                0x00000000200006dc                htim4
 .bss.__sbrk_heap_end
                0x0000000020000728        0x4 ./Core/Src/sysmem.o
 .bss.uwTick    0x000000002000072c        0x4 ./Drivers/STM32L4xx_HAL_Driver/Src/stm32l4xx_hal.o
                0x000000002000072c                uwTick
 .bss.v_dfsdm1ChannelCounter
                0x0000000020000730        0x4 ./Drivers/STM32L4xx_HAL_Driver/Src/stm32l4xx_hal_dfsdm.o
 .bss.a_dfsdm1ChannelHandle
                0x0000000020000734       0x20 ./Drivers/STM32L4xx_HAL_Driver/Src/stm32l4xx_hal_dfsdm.o
 .bss.KernelState
                0x0000000020000754        0x4 ./Middlewares/Third_Party/FreeRTOS/Source/CMSIS_RTOS_V2/cmsis_os2.o
 .bss.Idle_TCB.3
                0x0000000020000758       0xbc ./Middlewares/Third_Party/FreeRTOS/Source/CMSIS_RTOS_V2/cmsis_os2.o
 .bss.Idle_Stack.2
                0x0000000020000814      0x200 ./Middlewares/Third_Party/FreeRTOS/Source/CMSIS_RTOS_V2/cmsis_os2.o
 .bss.Timer_TCB.1
                0x0000000020000a14       0xbc ./Middlewares/Third_Party/FreeRTOS/Source/CMSIS_RTOS_V2/cmsis_os2.o
 .bss.Timer_Stack.0
                0x0000000020000ad0      0x400 ./Middlewares/Third_Party/FreeRTOS/Source/CMSIS_RTOS_V2/cmsis_os2.o
 .bss.xQueueRegistry
                0x0000000020000ed0       0x40 ./Middlewares/Third_Party/FreeRTOS/Source/queue.o
                0x0000000020000ed0                xQueueRegistry
 .bss.pxCurrentTCB
                0x0000000020000f10        0x4 ./Middlewares/Third_Party/FreeRTOS/Source/tasks.o
                0x0000000020000f10                pxCurrentTCB
 .bss.pxReadyTasksLists
                0x0000000020000f14      0x460 ./Middlewares/Third_Party/FreeRTOS/Source/tasks.o
 .bss.xDelayedTaskList1
                0x0000000020001374       0x14 ./Middlewares/Third_Party/FreeRTOS/Source/tasks.o
 .bss.xDelayedTaskList2
                0x0000000020001388       0x14 ./Middlewares/Third_Party/FreeRTOS/Source/tasks.o
 .bss.pxDelayedTaskList
                0x000000002000139c        0x4 ./Middlewares/Third_Party/FreeRTOS/Source/tasks.o
 .bss.pxOverflowDelayedTaskList
                0x00000000200013a0        0x4 ./Middlewares/Third_Party/FreeRTOS/Source/tasks.o
 .bss.xPendingReadyList
                0x00000000200013a4       0x14 ./Middlewares/Third_Party/FreeRTOS/Source/tasks.o
 .bss.xTasksWaitingTermination
                0x00000000200013b8       0x14 ./Middlewares/Third_Party/FreeRTOS/Source/tasks.o
 .bss.uxDeletedTasksWaitingCleanUp
                0x00000000200013cc        0x4 ./Middlewares/Third_Party/FreeRTOS/Source/tasks.o
 .bss.xSuspendedTaskList
                0x00000000200013d0       0x14 ./Middlewares/Third_Party/FreeRTOS/Source/tasks.o
 .bss.uxCurrentNumberOfTasks
                0x00000000200013e4        0x4 ./Middlewares/Third_Party/FreeRTOS/Source/tasks.o
 .bss.xTickCount
                0x00000000200013e8        0x4 ./Middlewares/Third_Party/FreeRTOS/Source/tasks.o
 .bss.uxTopReadyPriority
                0x00000000200013ec        0x4 ./Middlewares/Third_Party/FreeRTOS/Source/tasks.o
 .bss.xSchedulerRunning
                0x00000000200013f0        0x4 ./Middlewares/Third_Party/FreeRTOS/Source/tasks.o
 .bss.xPendedTicks
                0x00000000200013f4        0x4 ./Middlewares/Third_Party/FreeRTOS/Source/tasks.o
 .bss.xYieldPending
                0x00000000200013f8        0x4 ./Middlewares/Third_Party/FreeRTOS/Source/tasks.o
 .bss.xNumOfOverflows
                0x00000000200013fc        0x4 ./Middlewares/Third_Party/FreeRTOS/Source/tasks.o
 .bss.uxTaskNumber
                0x0000000020001400        0x4 ./Middlewares/Third_Party/FreeRTOS/Source/tasks.o
 .bss.xNextTaskUnblockTime
                0x0000000020001404        0x4 ./Middlewares/Third_Party/FreeRTOS/Source/tasks.o
 .bss.xIdleTaskHandle
                0x0000000020001408        0x4 ./Middlewares/Third_Party/FreeRTOS/Source/tasks.o
 .bss.uxSchedulerSuspended
                0x000000002000140c        0x4 ./Middlewares/Third_Party/FreeRTOS/Source/tasks.o
 .bss.xActiveTimerList1
                0x0000000020001410       0x14 ./Middlewares/Third_Party/FreeRTOS/Source/timers.o
 .bss.xActiveTimerList2
                0x0000000020001424       0x14 ./Middlewares/Third_Party/FreeRTOS/Source/timers.o
 .bss.pxCurrentTimerList
                0x0000000020001438        0x4 ./Middlewares/Third_Party/FreeRTOS/Source/timers.o
 .bss.pxOverflowTimerList
                0x000000002000143c        0x4 ./Middlewares/Third_Party/FreeRTOS/Source/timers.o
 .bss.xTimerQueue
                0x0000000020001440        0x4 ./Middlewares/Third_Party/FreeRTOS/Source/timers.o
 .bss.xTimerTaskHandle
                0x0000000020001444        0x4 ./Middlewares/Third_Party/FreeRTOS/Source/timers.o
 .bss.xLastTime.2
                0x0000000020001448        0x4 ./Middlewares/Third_Party/FreeRTOS/Source/timers.o
 .bss.ucStaticTimerQueueStorage.1
                0x000000002000144c       0xa0 ./Middlewares/Third_Party/FreeRTOS/Source/timers.o
 .bss.xStaticTimerQueue.0
                0x00000000200014ec       0x50 ./Middlewares/Third_Party/FreeRTOS/Source/timers.o
 .bss.ucMaxSysCallPriority
                0x000000002000153c        0x1 ./Middlewares/Third_Party/FreeRTOS/Source/portable/GCC/ARM_CM4F/port.o
 *fill*         0x000000002000153d        0x3 
 .bss.ulMaxPRIGROUPValue
                0x0000000020001540        0x4 ./Middlewares/Third_Party/FreeRTOS/Source/portable/GCC/ARM_CM4F/port.o
 .bss.ucHeap    0x0000000020001544      0xbb8 ./Middlewares/Third_Party/FreeRTOS/Source/portable/MemMang/heap_4.o
 .bss.xStart    0x00000000200020fc        0x8 ./Middlewares/Third_Party/FreeRTOS/Source/portable/MemMang/heap_4.o
 .bss.pxEnd     0x0000000020002104        0x4 ./Middlewares/Third_Party/FreeRTOS/Source/portable/MemMang/heap_4.o
 .bss.xFreeBytesRemaining
                0x0000000020002108        0x4 ./Middlewares/Third_Party/FreeRTOS/Source/portable/MemMang/heap_4.o
 .bss.xMinimumEverFreeBytesRemaining
                0x000000002000210c        0x4 ./Middlewares/Third_Party/FreeRTOS/Source/portable/MemMang/heap_4.o
 .bss.xNumberOfSuccessfulAllocations
                0x0000000020002110        0x4 ./Middlewares/Third_Party/FreeRTOS/Source/portable/MemMang/heap_4.o
 .bss.xNumberOfSuccessfulFrees
                0x0000000020002114        0x4 ./Middlewares/Third_Party/FreeRTOS/Source/portable/MemMang/heap_4.o
 .bss.xBlockAllocatedBit
                0x0000000020002118        0x4 ./Middlewares/Third_Party/FreeRTOS/Source/portable/MemMang/heap_4.o
 .bss.__lock___malloc_recursive_mutex
                0x000000002000211c        0x1 c:/programas/stm32cubeide_1.9.0/stm32cubeide/plugins/com.st.stm32cube.ide.mcu.externaltools.gnu-tools-for-stm32.10.3-2021.10.win32_1.0.0.202111181127/tools/bin/../lib/gcc/arm-none-eabi/10.3.1/../../../../arm-none-eabi/lib/thumb/v7e-m+fp/hard\libc_nano.a(lib_a-lock.o)
                0x000000002000211c                __lock___malloc_recursive_mutex
 .bss.__lock___sfp_recursive_mutex
                0x000000002000211d        0x1 c:/programas/stm32cubeide_1.9.0/stm32cubeide/plugins/com.st.stm32cube.ide.mcu.externaltools.gnu-tools-for-stm32.10.3-2021.10.win32_1.0.0.202111181127/tools/bin/../lib/gcc/arm-none-eabi/10.3.1/../../../../arm-none-eabi/lib/thumb/v7e-m+fp/hard\libc_nano.a(lib_a-lock.o)
                0x000000002000211d                __lock___sfp_recursive_mutex
 .bss.__lock___sinit_recursive_mutex
                0x000000002000211e        0x1 c:/programas/stm32cubeide_1.9.0/stm32cubeide/plugins/com.st.stm32cube.ide.mcu.externaltools.gnu-tools-for-stm32.10.3-2021.10.win32_1.0.0.202111181127/tools/bin/../lib/gcc/arm-none-eabi/10.3.1/../../../../arm-none-eabi/lib/thumb/v7e-m+fp/hard\libc_nano.a(lib_a-lock.o)
                0x000000002000211e                __lock___sinit_recursive_mutex
 *fill*         0x000000002000211f        0x1 
 .bss.__malloc_free_list